Archive member included to satisfy reference by file (symbol)

d:/tools/stm32/gcc-arm/gcc-arm-none-eabi-10.3-2021.10/bin/../lib/gcc/arm-none-eabi/10.3.1/thumb/v7-m/nofp\libgcc.a(_arm_mulsf3.o)
                              CMakeFiles/Press_ADC.elf.dir/My_code/ADC/kalman.c.obj (__aeabi_fmul)
d:/tools/stm32/gcc-arm/gcc-arm-none-eabi-10.3-2021.10/bin/../lib/gcc/arm-none-eabi/10.3.1/thumb/v7-m/nofp\libgcc.a(_arm_addsubsf3.o)
                              CMakeFiles/Press_ADC.elf.dir/My_code/ADC/HX711.c.obj (__aeabi_fsub)
d:/tools/stm32/gcc-arm/gcc-arm-none-eabi-10.3-2021.10/bin/../lib/gcc/arm-none-eabi/10.3.1/thumb/v7-m/nofp\libgcc.a(_arm_muldivsf3.o)
                              CMakeFiles/Press_ADC.elf.dir/My_code/ADC/HX711.c.obj (__aeabi_fdiv)
d:/tools/stm32/gcc-arm/gcc-arm-none-eabi-10.3-2021.10/bin/../lib/gcc/arm-none-eabi/10.3.1/thumb/v7-m/nofp\libgcc.a(_arm_cmpsf2.o)
                              CMakeFiles/Press_ADC.elf.dir/My_code/ADC/HX711.c.obj (__aeabi_fcmplt)
d:/tools/stm32/gcc-arm/gcc-arm-none-eabi-10.3-2021.10/bin/../lib/gcc/arm-none-eabi/10.3.1/thumb/v7-m/nofp\libgcc.a(_arm_fixunssfsi.o)
                              CMakeFiles/Press_ADC.elf.dir/My_code/ADC/HX711.c.obj (__aeabi_f2uiz)
d:/tools/stm32/gcc-arm/gcc-arm-none-eabi-10.3-2021.10/bin/../lib/gcc/arm-none-eabi/10.3.1/../../../../arm-none-eabi/lib/thumb/v7-m/nofp\libg.a(lib_a-errno.o)
                              CMakeFiles/Press_ADC.elf.dir/Core/Src/syscalls.c.obj (__errno)
d:/tools/stm32/gcc-arm/gcc-arm-none-eabi-10.3-2021.10/bin/../lib/gcc/arm-none-eabi/10.3.1/../../../../arm-none-eabi/lib/thumb/v7-m/nofp\libg.a(lib_a-exit.o)
                              d:/tools/stm32/gcc-arm/gcc-arm-none-eabi-10.3-2021.10/bin/../lib/gcc/arm-none-eabi/10.3.1/../../../../arm-none-eabi/lib/thumb/v7-m/nofp/crt0.o (exit)
d:/tools/stm32/gcc-arm/gcc-arm-none-eabi-10.3-2021.10/bin/../lib/gcc/arm-none-eabi/10.3.1/../../../../arm-none-eabi/lib/thumb/v7-m/nofp\libg.a(lib_a-impure.o)
                              d:/tools/stm32/gcc-arm/gcc-arm-none-eabi-10.3-2021.10/bin/../lib/gcc/arm-none-eabi/10.3.1/../../../../arm-none-eabi/lib/thumb/v7-m/nofp\libg.a(lib_a-exit.o) (_global_impure_ptr)
d:/tools/stm32/gcc-arm/gcc-arm-none-eabi-10.3-2021.10/bin/../lib/gcc/arm-none-eabi/10.3.1/../../../../arm-none-eabi/lib/thumb/v7-m/nofp\libg.a(lib_a-init.o)
                              d:/tools/stm32/gcc-arm/gcc-arm-none-eabi-10.3-2021.10/bin/../lib/gcc/arm-none-eabi/10.3.1/../../../../arm-none-eabi/lib/thumb/v7-m/nofp/crt0.o (__libc_init_array)
d:/tools/stm32/gcc-arm/gcc-arm-none-eabi-10.3-2021.10/bin/../lib/gcc/arm-none-eabi/10.3.1/../../../../arm-none-eabi/lib/thumb/v7-m/nofp\libg.a(lib_a-memset.o)
                              d:/tools/stm32/gcc-arm/gcc-arm-none-eabi-10.3-2021.10/bin/../lib/gcc/arm-none-eabi/10.3.1/../../../../arm-none-eabi/lib/thumb/v7-m/nofp/crt0.o (memset)
d:/tools/stm32/gcc-arm/gcc-arm-none-eabi-10.3-2021.10/bin/../lib/gcc/arm-none-eabi/10.3.1/../../../../arm-none-eabi/lib/thumb/v7-m/nofp\libg.a(lib_a-printf.o)
                              CMakeFiles/Press_ADC.elf.dir/My_code/yehuo/bsp_spi_flash.c.obj (printf)
d:/tools/stm32/gcc-arm/gcc-arm-none-eabi-10.3-2021.10/bin/../lib/gcc/arm-none-eabi/10.3.1/../../../../arm-none-eabi/lib/thumb/v7-m/nofp\libg.a(lib_a-putchar.o)
                              CMakeFiles/Press_ADC.elf.dir/Core/Src/main.c.obj (putchar)
d:/tools/stm32/gcc-arm/gcc-arm-none-eabi-10.3-2021.10/bin/../lib/gcc/arm-none-eabi/10.3.1/../../../../arm-none-eabi/lib/thumb/v7-m/nofp\libg.a(lib_a-puts.o)
                              CMakeFiles/Press_ADC.elf.dir/Core/Src/main.c.obj (puts)
d:/tools/stm32/gcc-arm/gcc-arm-none-eabi-10.3-2021.10/bin/../lib/gcc/arm-none-eabi/10.3.1/../../../../arm-none-eabi/lib/thumb/v7-m/nofp\libg.a(lib_a-sprintf.o)
                              CMakeFiles/Press_ADC.elf.dir/Core/Src/main.c.obj (sprintf)
d:/tools/stm32/gcc-arm/gcc-arm-none-eabi-10.3-2021.10/bin/../lib/gcc/arm-none-eabi/10.3.1/../../../../arm-none-eabi/lib/thumb/v7-m/nofp\libg.a(lib_a-strlen-stub.o)
                              d:/tools/stm32/gcc-arm/gcc-arm-none-eabi-10.3-2021.10/bin/../lib/gcc/arm-none-eabi/10.3.1/../../../../arm-none-eabi/lib/thumb/v7-m/nofp\libg.a(lib_a-puts.o) (strlen)
d:/tools/stm32/gcc-arm/gcc-arm-none-eabi-10.3-2021.10/bin/../lib/gcc/arm-none-eabi/10.3.1/../../../../arm-none-eabi/lib/thumb/v7-m/nofp\libg.a(lib_a-svfprintf.o)
                              d:/tools/stm32/gcc-arm/gcc-arm-none-eabi-10.3-2021.10/bin/../lib/gcc/arm-none-eabi/10.3.1/../../../../arm-none-eabi/lib/thumb/v7-m/nofp\libg.a(lib_a-sprintf.o) (_svfprintf_r)
d:/tools/stm32/gcc-arm/gcc-arm-none-eabi-10.3-2021.10/bin/../lib/gcc/arm-none-eabi/10.3.1/../../../../arm-none-eabi/lib/thumb/v7-m/nofp\libg.a(lib_a-vfprintf.o)
                              d:/tools/stm32/gcc-arm/gcc-arm-none-eabi-10.3-2021.10/bin/../lib/gcc/arm-none-eabi/10.3.1/../../../../arm-none-eabi/lib/thumb/v7-m/nofp\libg.a(lib_a-printf.o) (_vfprintf_r)
[...]
Memory Configuration

Name             Origin             Length             Attributes
RAM              0x20000000         0x0000c000         xrw
FLASH            0x08000000         0x00040000         xr
*default*        0x00000000         0xffffffff

Linker script and memory map

LOAD d:/tools/stm32/gcc-arm/gcc-arm-none-eabi-10.3-2021.10/bin/../lib/gcc/arm-none-eabi/10.3.1/thumb/v7-m/nofp/crti.o
LOAD d:/tools/stm32/gcc-arm/gcc-arm-none-eabi-10.3-2021.10/bin/../lib/gcc/arm-none-eabi/10.3.1/thumb/v7-m/nofp/crtbegin.o
LOAD d:/tools/stm32/gcc-arm/gcc-arm-none-eabi-10.3-2021.10/bin/../lib/gcc/arm-none-eabi/10.3.1/../../../../arm-none-eabi/lib/thumb/v7-m/nofp/crt0.o
LOAD CMakeFiles/Press_ADC.elf.dir/Core/Src/gpio.c.obj
LOAD CMakeFiles/Press_ADC.elf.dir/Core/Src/main.c.obj
LOAD CMakeFiles/Press_ADC.elf.dir/Core/Src/spi.c.obj
LOAD CMakeFiles/Press_ADC.elf.dir/Core/Src/stm32f1xx_hal_msp.c.obj
LOAD CMakeFiles/Press_ADC.elf.dir/Core/Src/stm32f1xx_it.c.obj
LOAD CMakeFiles/Press_ADC.elf.dir/Core/Src/syscalls.c.obj
LOAD CMakeFiles/Press_ADC.elf.dir/Core/Src/sysmem.c.obj
LOAD CMakeFiles/Press_ADC.elf.dir/Core/Src/system_stm32f1xx.c.obj
LOAD CMakeFiles/Press_ADC.elf.dir/Core/Src/tim.c.obj
LOAD CMakeFiles/Press_ADC.elf.dir/Core/Src/usart.c.obj
LOAD CMakeFiles/Press_ADC.elf.dir/Core/Startup/startup_stm32f103rctx.s.obj
LOAD CMakeFiles/Press_ADC.elf.dir/Drivers/STM32F1xx_HAL_Driver/Src/stm32f1xx_hal.c.obj
LOAD CMakeFiles/Press_ADC.elf.dir/Drivers/STM32F1xx_HAL_Driver/Src/stm32f1xx_hal_cortex.c.obj
LOAD CMakeFiles/Press_ADC.elf.dir/Drivers/STM32F1xx_HAL_Driver/Src/stm32f1xx_hal_dma.c.obj
LOAD CMakeFiles/Press_ADC.elf.dir/Drivers/STM32F1xx_HAL_Driver/Src/stm32f1xx_hal_exti.c.obj
LOAD CMakeFiles/Press_ADC.elf.dir/Drivers/STM32F1xx_HAL_Driver/Src/stm32f1xx_hal_flash.c.obj
LOAD CMakeFiles/Press_ADC.elf.dir/Drivers/STM32F1xx_HAL_Driver/Src/stm32f1xx_hal_flash_ex.c.obj
LOAD CMakeFiles/Press_ADC.elf.dir/Drivers/STM32F1xx_HAL_Driver/Src/stm32f1xx_hal_gpio.c.obj
LOAD CMakeFiles/Press_ADC.elf.dir/Drivers/STM32F1xx_HAL_Driver/Src/stm32f1xx_hal_gpio_ex.c.obj
LOAD CMakeFiles/Press_ADC.elf.dir/Drivers/STM32F1xx_HAL_Driver/Src/stm32f1xx_hal_pwr.c.obj
LOAD CMakeFiles/Press_ADC.elf.dir/Drivers/STM32F1xx_HAL_Driver/Src/stm32f1xx_hal_rcc.c.obj
LOAD CMakeFiles/Press_ADC.elf.dir/Drivers/STM32F1xx_HAL_Driver/Src/stm32f1xx_hal_rcc_ex.c.obj
LOAD CMakeFiles/Press_ADC.elf.dir/Drivers/STM32F1xx_HAL_Driver/Src/stm32f1xx_hal_spi.c.obj
LOAD CMakeFiles/Press_ADC.elf.dir/Drivers/STM32F1xx_HAL_Driver/Src/stm32f1xx_hal_tim.c.obj
LOAD CMakeFiles/Press_ADC.elf.dir/Drivers/STM32F1xx_HAL_Driver/Src/stm32f1xx_hal_tim_ex.c.obj
LOAD CMakeFiles/Press_ADC.elf.dir/Drivers/STM32F1xx_HAL_Driver/Src/stm32f1xx_hal_uart.c.obj
LOAD CMakeFiles/Press_ADC.elf.dir/My_code/ADC/HX711.c.obj
LOAD CMakeFiles/Press_ADC.elf.dir/My_code/ADC/kalman.c.obj
LOAD CMakeFiles/Press_ADC.elf.dir/My_code/yehuo/bsp_debug_usart.c.obj
LOAD CMakeFiles/Press_ADC.elf.dir/My_code/yehuo/bsp_ili9341_lcd.c.obj
LOAD CMakeFiles/Press_ADC.elf.dir/My_code/yehuo/bsp_led.c.obj
LOAD CMakeFiles/Press_ADC.elf.dir/My_code/yehuo/bsp_spi_flash.c.obj
LOAD CMakeFiles/Press_ADC.elf.dir/My_code/yehuo/fonts.c.obj
START GROUP
LOAD d:/tools/stm32/gcc-arm/gcc-arm-none-eabi-10.3-2021.10/bin/../lib/gcc/arm-none-eabi/10.3.1/thumb/v7-m/nofp\libgcc.a
LOAD d:/tools/stm32/gcc-arm/gcc-arm-none-eabi-10.3-2021.10/bin/../lib/gcc/arm-none-eabi/10.3.1/../../../../arm-none-eabi/lib/thumb/v7-m/nofp\libg.a
LOAD d:/tools/stm32/gcc-arm/gcc-arm-none-eabi-10.3-2021.10/bin/../lib/gcc/arm-none-eabi/10.3.1/../../../../arm-none-eabi/lib/thumb/v7-m/nofp\libc.a
END GROUP
LOAD d:/tools/stm32/gcc-arm/gcc-arm-none-eabi-10.3-2021.10/bin/../lib/gcc/arm-none-eabi/10.3.1/thumb/v7-m/nofp/crtend.o
LOAD d:/tools/stm32/gcc-arm/gcc-arm-none-eabi-10.3-2021.10/bin/../lib/gcc/arm-none-eabi/10.3.1/thumb/v7-m/nofp/crtn.o
                0x2000c000                _estack = (ORIGIN (RAM) + LENGTH (RAM))
                0x00000200                _Min_Heap_Size = 0x200
                0x00000400                _Min_Stack_Size = 0x400

.isr_vector     0x08000000      0x1e4
                0x08000000                . = ALIGN (0x4)
 *(.isr_vector)
 .isr_vector    0x08000000      0x1e4 CMakeFiles/Press_ADC.elf.dir/Core/Startup/startup_stm32f103rctx.s.obj
                0x08000000                g_pfnVectors
                0x080001e4                . = ALIGN (0x4)

.text           0x080001e8     0xc4b8
                0x080001e8                . = ALIGN (0x4)
 *(.text)
 .text          0x080001e8       0x40 d:/tools/stm32/gcc-arm/gcc-arm-none-eabi-10.3-2021.10/bin/../lib/gcc/arm-none-eabi/10.3.1/thumb/v7-m/nofp/crtbegin.o
 .text          0x08000228      0x21c d:/tools/stm32/gcc-arm/gcc-arm-none-eabi-10.3-2021.10/bin/../lib/gcc/arm-none-eabi/10.3.1/thumb/v7-m/nofp\libgcc.a(_arm_addsubsf3.o)
                0x08000228                __aeabi_frsub
                0x08000230                __subsf3
                0x08000230                __aeabi_fsub
                0x08000234                __aeabi_fadd
                0x08000234                __addsf3
                0x08000394                __aeabi_ui2f
                0x08000394                __floatunsisf
                0x0800039c                __aeabi_i2f
                0x0800039c                __floatsisf
                0x080003b8                __aeabi_ul2f
                0x080003b8                __floatundisf
                0x080003c8                __aeabi_l2f
                0x080003c8                __floatdisf
 .text          0x08000444      0x2a0 d:/tools/stm32/gcc-arm/gcc-arm-none-eabi-10.3-2021.10/bin/../lib/gcc/arm-none-eabi/10.3.1/thumb/v7-m/nofp\libgcc.a(_arm_muldivsf3.o)
                0x08000444                __mulsf3
                0x08000444                __aeabi_fmul
                0x080005ac                __aeabi_fdiv
                0x080005ac                __divsf3
 .text          0x080006e4       0xec d:/tools/stm32/gcc-arm/gcc-arm-none-eabi-10.3-2021.10/bin/../lib/gcc/arm-none-eabi/10.3.1/thumb/v7-m/nofp\libgcc.a(_arm_cmpsf2.o)
                0x080006e4                __gesf2
                0x080006e4                __gtsf2
                0x080006ec                __lesf2
                0x080006ec                __ltsf2
                0x080006f4                __nesf2
                0x080006f4                __eqsf2
                0x080006f4                __cmpsf2
                0x08000754                __aeabi_cfrcmple
                0x0800075c                __aeabi_cfcmpeq
                0x0800075c                __aeabi_cfcmple
                0x0800076c                __aeabi_fcmpeq
                0x08000780                __aeabi_fcmplt
                0x08000794                __aeabi_fcmple
                0x080007a8                __aeabi_fcmpge
                0x080007bc                __aeabi_fcmpgt
 .text          0x080007d0       0x40 d:/tools/stm32/gcc-arm/gcc-arm-none-eabi-10.3-2021.10/bin/../lib/gcc/arm-none-eabi/10.3.1/thumb/v7-m/nofp\libgcc.a(_arm_fixunssfsi.o)
                0x080007d0                __fixunssfsi
                0x080007d0                __aeabi_f2uiz
 .text          0x08000810       0xec d:/tools/stm32/gcc-arm/gcc-arm-none-eabi-10.3-2021.10/bin/../lib/gcc/arm-none-eabi/10.3.1/../../../../arm-none-eabi/lib/thumb/v7-m/nofp\libg.a(lib_a-memcpy.o)
                0x08000810                memcpy
 .text          0x080008fc      0x378 d:/tools/stm32/gcc-arm/gcc-arm-none-eabi-10.3-2021.10/bin/../lib/gcc/arm-none-eabi/10.3.1/thumb/v7-m/nofp\libgcc.a(_arm_addsubdf3.o)
                0x080008fc                __aeabi_drsub
                0x08000904                __aeabi_dsub
                0x08000904                __subdf3
                0x08000908                __aeabi_dadd
                0x08000908                __adddf3
                0x08000b80                __floatunsidf
                0x08000b80                __aeabi_ui2d
                0x08000ba0                __floatsidf
                0x08000ba0                __aeabi_i2d
                0x08000bc4                __aeabi_f2d
                0x08000bc4                __extendsfdf2
                0x08000c08                __floatundidf
                0x08000c08                __aeabi_ul2d
                0x08000c18                __floatdidf
                0x08000c18                __aeabi_l2d
 .text          0x08000c74      0x424 d:/tools/stm32/gcc-arm/gcc-arm-none-eabi-10.3-2021.10/bin/../lib/gcc/arm-none-eabi/10.3.1/thumb/v7-m/nofp\libgcc.a(_arm_muldivdf3.o)
                0x08000c74                __aeabi_dmul
                0x08000c74                __muldf3
                0x08000ec8                __divdf3
                0x08000ec8                __aeabi_ddiv
 .text          0x08001098      0x110 d:/tools/stm32/gcc-arm/gcc-arm-none-eabi-10.3-2021.10/bin/../lib/gcc/arm-none-eabi/10.3.1/thumb/v7-m/nofp\libgcc.a(_arm_cmpdf2.o)
                0x08001098                __gtdf2
                0x08001098                __gedf2
                0x080010a0                __ltdf2
                0x080010a0                __ledf2
                0x080010a8                __nedf2
                0x080010a8                __eqdf2
                0x080010a8                __cmpdf2
                0x08001124                __aeabi_cdrcmple
                0x08001134                __aeabi_cdcmpeq
                0x08001134                __aeabi_cdcmple
                0x08001144                __aeabi_dcmpeq
                0x08001158                __aeabi_dcmplt
                0x0800116c                __aeabi_dcmple
                0x08001180                __aeabi_dcmpge
                0x08001194                __aeabi_dcmpgt
 .text          0x080011a8       0x2c d:/tools/stm32/gcc-arm/gcc-arm-none-eabi-10.3-2021.10/bin/../lib/gcc/arm-none-eabi/10.3.1/thumb/v7-m/nofp\libgcc.a(_arm_unorddf2.o)
                0x080011a8                __unorddf2
                0x080011a8                __aeabi_dcmpun
 .text          0x080011d4       0x50 d:/tools/stm32/gcc-arm/gcc-arm-none-eabi-10.3-2021.10/bin/../lib/gcc/arm-none-eabi/10.3.1/thumb/v7-m/nofp\libgcc.a(_arm_fixdfsi.o)
                0x080011d4                __aeabi_d2iz
                0x080011d4                __fixdfsi
 .text          0x08001224       0x30 d:/tools/stm32/gcc-arm/gcc-arm-none-eabi-10.3-2021.10/bin/../lib/gcc/arm-none-eabi/10.3.1/thumb/v7-m/nofp\libgcc.a(_aeabi_uldivmod.o)
                0x08001224                __aeabi_uldivmod
 .text          0x08001254      0x2d4 d:/tools/stm32/gcc-arm/gcc-arm-none-eabi-10.3-2021.10/bin/../lib/gcc/arm-none-eabi/10.3.1/thumb/v7-m/nofp\libgcc.a(_udivmoddi4.o)
                0x08001254                __udivmoddi4
 .text          0x08001528        0x4 d:/tools/stm32/gcc-arm/gcc-arm-none-eabi-10.3-2021.10/bin/../lib/gcc/arm-none-eabi/10.3.1/thumb/v7-m/nofp\libgcc.a(_dvmd_tls.o)
                0x08001528                __aeabi_idiv0
                0x08001528                __aeabi_ldiv0
 *(.text*)
 .text.MX_GPIO_Init
                0x0800152c      0x100 CMakeFiles/Press_ADC.elf.dir/Core/Src/gpio.c.obj
                0x0800152c                MX_GPIO_Init
 .text.main     0x0800162c       0xf8 CMakeFiles/Press_ADC.elf.dir/Core/Src/main.c.obj
                0x0800162c                main
 .text.SystemClock_Config
                0x08001724       0x8a CMakeFiles/Press_ADC.elf.dir/Core/Src/main.c.obj
                0x08001724                SystemClock_Config
 *fill*         0x080017ae        0x2 
 .text.Printf_Charater
                0x080017b0       0xac CMakeFiles/Press_ADC.elf.dir/Core/Src/main.c.obj
                0x080017b0                Printf_Charater
 .text.Error_Handler
                0x0800185c        0xa CMakeFiles/Press_ADC.elf.dir/Core/Src/main.c.obj
                0x0800185c                Error_Handler
 *fill*         0x08001866        0x2 
 .text.MX_SPI1_Init
                0x08001868       0x6c CMakeFiles/Press_ADC.elf.dir/Core/Src/spi.c.obj
                0x08001868                MX_SPI1_Init
 .text.HAL_SPI_MspInit
                0x080018d4       0x94 CMakeFiles/Press_ADC.elf.dir/Core/Src/spi.c.obj
                0x080018d4                HAL_SPI_MspInit
 .text.HAL_MspInit
                0x08001968       0x64 CMakeFiles/Press_ADC.elf.dir/Core/Src/stm32f1xx_hal_msp.c.obj
                0x08001968                HAL_MspInit
 .text.NMI_Handler
                0x080019cc        0x6 CMakeFiles/Press_ADC.elf.dir/Core/Src/stm32f1xx_it.c.obj
                0x080019cc                NMI_Handler
 .text.HardFault_Handler
                0x080019d2        0x6 CMakeFiles/Press_ADC.elf.dir/Core/Src/stm32f1xx_it.c.obj
                0x080019d2                HardFault_Handler
 .text.MemManage_Handler
                0x080019d8        0x6 CMakeFiles/Press_ADC.elf.dir/Core/Src/stm32f1xx_it.c.obj
                0x080019d8                MemManage_Handler
 .text.BusFault_Handler
                0x080019de        0x6 CMakeFiles/Press_ADC.elf.dir/Core/Src/stm32f1xx_it.c.obj
                0x080019de                BusFault_Handler
 .text.UsageFault_Handler
                0x080019e4        0x6 CMakeFiles/Press_ADC.elf.dir/Core/Src/stm32f1xx_it.c.obj
                0x080019e4                UsageFault_Handler
 .text.SVC_Handler
                0x080019ea        0xc CMakeFiles/Press_ADC.elf.dir/Core/Src/stm32f1xx_it.c.obj
                0x080019ea                SVC_Handler
 .text.DebugMon_Handler
                0x080019f6        0xc CMakeFiles/Press_ADC.elf.dir/Core/Src/stm32f1xx_it.c.obj
                0x080019f6                DebugMon_Handler
 .text.PendSV_Handler
                0x08001a02        0xc CMakeFiles/Press_ADC.elf.dir/Core/Src/stm32f1xx_it.c.obj
                0x08001a02                PendSV_Handler
 .text.SysTick_Handler
                0x08001a0e        0xc CMakeFiles/Press_ADC.elf.dir/Core/Src/stm32f1xx_it.c.obj
                0x08001a0e                SysTick_Handler
 .text._getpid  0x08001a1a        0xe CMakeFiles/Press_ADC.elf.dir/Core/Src/syscalls.c.obj
                0x08001a1a                _getpid
 .text._kill    0x08001a28       0x20 CMakeFiles/Press_ADC.elf.dir/Core/Src/syscalls.c.obj
                0x08001a28                _kill
 .text._exit    0x08001a48       0x14 CMakeFiles/Press_ADC.elf.dir/Core/Src/syscalls.c.obj
                0x08001a48                _exit
 .text._read    0x08001a5c       0x3a CMakeFiles/Press_ADC.elf.dir/Core/Src/syscalls.c.obj
                0x08001a5c                _read
 .text._write   0x08001a96       0x38 CMakeFiles/Press_ADC.elf.dir/Core/Src/syscalls.c.obj
                0x08001a96                _write
 .text._close   0x08001ace       0x16 CMakeFiles/Press_ADC.elf.dir/Core/Src/syscalls.c.obj
                0x08001ace                _close
 .text._fstat   0x08001ae4       0x1e CMakeFiles/Press_ADC.elf.dir/Core/Src/syscalls.c.obj
                0x08001ae4                _fstat
 .text._isatty  0x08001b02       0x14 CMakeFiles/Press_ADC.elf.dir/Core/Src/syscalls.c.obj
                0x08001b02                _isatty
 .text._lseek   0x08001b16       0x18 CMakeFiles/Press_ADC.elf.dir/Core/Src/syscalls.c.obj
                0x08001b16                _lseek
 *fill*         0x08001b2e        0x2 
 .text._sbrk    0x08001b30       0x6c CMakeFiles/Press_ADC.elf.dir/Core/Src/sysmem.c.obj
                0x08001b30                _sbrk
 .text.SystemInit
                0x08001b9c        0xc CMakeFiles/Press_ADC.elf.dir/Core/Src/system_stm32f1xx.c.obj
                0x08001b9c                SystemInit
 .text.MX_TIM2_Init
                0x08001ba8       0x98 CMakeFiles/Press_ADC.elf.dir/Core/Src/tim.c.obj
                0x08001ba8                MX_TIM2_Init
 .text.HAL_TIM_Base_MspInit
                0x08001c40       0x38 CMakeFiles/Press_ADC.elf.dir/Core/Src/tim.c.obj
                0x08001c40                HAL_TIM_Base_MspInit
 .text.MX_USART1_UART_Init
                0x08001c78       0x58 CMakeFiles/Press_ADC.elf.dir/Core/Src/usart.c.obj
                0x08001c78                MX_USART1_UART_Init
 .text.HAL_UART_MspInit
                0x08001cd0       0x98 CMakeFiles/Press_ADC.elf.dir/Core/Src/usart.c.obj
                0x08001cd0                HAL_UART_MspInit
 .text.Reset_Handler
                0x08001d68       0x48 CMakeFiles/Press_ADC.elf.dir/Core/Startup/startup_stm32f103rctx.s.obj
                0x08001d68                Reset_Handler
 .text.Default_Handler
                0x08001db0        0x2 CMakeFiles/Press_ADC.elf.dir/Core/Startup/startup_stm32f103rctx.s.obj
                0x08001db0                RTC_Alarm_IRQHandler
                0x08001db0                EXTI2_IRQHandler
                0x08001db0                TIM8_TRG_COM_IRQHandler
                0x08001db0                TIM8_CC_IRQHandler
                0x08001db0                TIM1_CC_IRQHandler
                0x08001db0                TIM6_IRQHandler
                0x08001db0                PVD_IRQHandler
                0x08001db0                SDIO_IRQHandler
                0x08001db0                EXTI3_IRQHandler
                0x08001db0                EXTI0_IRQHandler
                0x08001db0                I2C2_EV_IRQHandler
                0x08001db0                ADC1_2_IRQHandler
                0x08001db0                SPI1_IRQHandler
                0x08001db0                TAMPER_IRQHandler
                0x08001db0                TIM8_UP_IRQHandler
                0x08001db0                DMA2_Channel2_IRQHandler
                0x08001db0                DMA1_Channel4_IRQHandler
                0x08001db0                USART3_IRQHandler
                0x08001db0                RTC_IRQHandler
                0x08001db0                DMA1_Channel7_IRQHandler
                0x08001db0                CAN1_RX1_IRQHandler
                0x08001db0                UART5_IRQHandler
                0x08001db0                ADC3_IRQHandler
                0x08001db0                TIM4_IRQHandler
                0x08001db0                DMA2_Channel1_IRQHandler
                0x08001db0                I2C1_EV_IRQHandler
                0x08001db0                DMA1_Channel6_IRQHandler
                0x08001db0                UART4_IRQHandler
                0x08001db0                TIM3_IRQHandler
                0x08001db0                RCC_IRQHandler
                0x08001db0                TIM1_TRG_COM_IRQHandler
                0x08001db0                DMA1_Channel1_IRQHandler
                0x08001db0                Default_Handler
                0x08001db0                EXTI15_10_IRQHandler
                0x08001db0                TIM7_IRQHandler
                0x08001db0                TIM5_IRQHandler
                0x08001db0                EXTI9_5_IRQHandler
                0x08001db0                SPI2_IRQHandler
                0x08001db0                DMA1_Channel5_IRQHandler
                0x08001db0                EXTI4_IRQHandler
                0x08001db0                USB_LP_CAN1_RX0_IRQHandler
                0x08001db0                USB_HP_CAN1_TX_IRQHandler
                0x08001db0                DMA1_Channel3_IRQHandler
                0x08001db0                FSMC_IRQHandler
                0x08001db0                TIM1_UP_IRQHandler
                0x08001db0                WWDG_IRQHandler
                0x08001db0                TIM2_IRQHandler
                0x08001db0                TIM1_BRK_IRQHandler
                0x08001db0                EXTI1_IRQHandler
                0x08001db0                DMA2_Channel4_5_IRQHandler
                0x08001db0                USART2_IRQHandler
                0x08001db0                I2C2_ER_IRQHandler
                0x08001db0                DMA1_Channel2_IRQHandler
                0x08001db0                TIM8_BRK_IRQHandler
                0x08001db0                CAN1_SCE_IRQHandler
                0x08001db0                FLASH_IRQHandler
                0x08001db0                USART1_IRQHandler
                0x08001db0                SPI3_IRQHandler
                0x08001db0                I2C1_ER_IRQHandler
                0x08001db0                USBWakeUp_IRQHandler
                0x08001db0                DMA2_Channel3_IRQHandler
 *fill*         0x08001db2        0x2 
 .text.HAL_Init
                0x08001db4       0x2c CMakeFiles/Press_ADC.elf.dir/Drivers/STM32F1xx_HAL_Driver/Src/stm32f1xx_hal.c.obj
                0x08001db4                HAL_Init
 .text.HAL_InitTick
                0x08001de0       0x60 CMakeFiles/Press_ADC.elf.dir/Drivers/STM32F1xx_HAL_Driver/Src/stm32f1xx_hal.c.obj
                0x08001de0                HAL_InitTick
 .text.HAL_IncTick
                0x08001e40       0x24 CMakeFiles/Press_ADC.elf.dir/Drivers/STM32F1xx_HAL_Driver/Src/stm32f1xx_hal.c.obj
                0x08001e40                HAL_IncTick
 .text.HAL_GetTick
                0x08001e64       0x14 CMakeFiles/Press_ADC.elf.dir/Drivers/STM32F1xx_HAL_Driver/Src/stm32f1xx_hal.c.obj
                0x08001e64                HAL_GetTick
 .text.HAL_Delay
                0x08001e78       0x48 CMakeFiles/Press_ADC.elf.dir/Drivers/STM32F1xx_HAL_Driver/Src/stm32f1xx_hal.c.obj
                0x08001e78                HAL_Delay
 .text.__NVIC_SetPriorityGrouping
                0x08001ec0       0x48 CMakeFiles/Press_ADC.elf.dir/Drivers/STM32F1xx_HAL_Driver/Src/stm32f1xx_hal_cortex.c.obj
 .text.__NVIC_GetPriorityGrouping
                0x08001f08       0x1c CMakeFiles/Press_ADC.elf.dir/Drivers/STM32F1xx_HAL_Driver/Src/stm32f1xx_hal_cortex.c.obj
 .text.__NVIC_SetPriority
                0x08001f24       0x54 CMakeFiles/Press_ADC.elf.dir/Drivers/STM32F1xx_HAL_Driver/Src/stm32f1xx_hal_cortex.c.obj
 .text.NVIC_EncodePriority
                0x08001f78       0x64 CMakeFiles/Press_ADC.elf.dir/Drivers/STM32F1xx_HAL_Driver/Src/stm32f1xx_hal_cortex.c.obj
 .text.SysTick_Config
                0x08001fdc       0x44 CMakeFiles/Press_ADC.elf.dir/Drivers/STM32F1xx_HAL_Driver/Src/stm32f1xx_hal_cortex.c.obj
 .text.HAL_NVIC_SetPriorityGrouping
                0x08002020       0x16 CMakeFiles/Press_ADC.elf.dir/Drivers/STM32F1xx_HAL_Driver/Src/stm32f1xx_hal_cortex.c.obj
                0x08002020                HAL_NVIC_SetPriorityGrouping
 .text.HAL_NVIC_SetPriority
                0x08002036       0x38 CMakeFiles/Press_ADC.elf.dir/Drivers/STM32F1xx_HAL_Driver/Src/stm32f1xx_hal_cortex.c.obj
                0x08002036                HAL_NVIC_SetPriority
 .text.HAL_SYSTICK_Config
                0x0800206e       0x18 CMakeFiles/Press_ADC.elf.dir/Drivers/STM32F1xx_HAL_Driver/Src/stm32f1xx_hal_cortex.c.obj
                0x0800206e                HAL_SYSTICK_Config
 *fill*         0x08002086        0x2 
 .text.HAL_GPIO_Init
                0x08002088      0x328 CMakeFiles/Press_ADC.elf.dir/Drivers/STM32F1xx_HAL_Driver/Src/stm32f1xx_hal_gpio.c.obj
                0x08002088                HAL_GPIO_Init
 .text.HAL_GPIO_ReadPin
                0x080023b0       0x2e CMakeFiles/Press_ADC.elf.dir/Drivers/STM32F1xx_HAL_Driver/Src/stm32f1xx_hal_gpio.c.obj
                0x080023b0                HAL_GPIO_ReadPin
 .text.HAL_GPIO_WritePin
                0x080023de       0x30 CMakeFiles/Press_ADC.elf.dir/Drivers/STM32F1xx_HAL_Driver/Src/stm32f1xx_hal_gpio.c.obj
                0x080023de                HAL_GPIO_WritePin
 *fill*         0x0800240e        0x2 
 .text.HAL_RCC_OscConfig
                0x08002410      0x504 CMakeFiles/Press_ADC.elf.dir/Drivers/STM32F1xx_HAL_Driver/Src/stm32f1xx_hal_rcc.c.obj
                0x08002410                HAL_RCC_OscConfig
 .text.HAL_RCC_ClockConfig
                0x08002914      0x1d4 CMakeFiles/Press_ADC.elf.dir/Drivers/STM32F1xx_HAL_Driver/Src/stm32f1xx_hal_rcc.c.obj
                0x08002914                HAL_RCC_ClockConfig
 .text.HAL_RCC_GetSysClockFreq
                0x08002ae8       0xa8 CMakeFiles/Press_ADC.elf.dir/Drivers/STM32F1xx_HAL_Driver/Src/stm32f1xx_hal_rcc.c.obj
                0x08002ae8                HAL_RCC_GetSysClockFreq
 .text.HAL_RCC_GetHCLKFreq
                0x08002b90       0x14 CMakeFiles/Press_ADC.elf.dir/Drivers/STM32F1xx_HAL_Driver/Src/stm32f1xx_hal_rcc.c.obj
                0x08002b90                HAL_RCC_GetHCLKFreq
 .text.HAL_RCC_GetPCLK1Freq
                0x08002ba4       0x28 CMakeFiles/Press_ADC.elf.dir/Drivers/STM32F1xx_HAL_Driver/Src/stm32f1xx_hal_rcc.c.obj
                0x08002ba4                HAL_RCC_GetPCLK1Freq
 .text.HAL_RCC_GetPCLK2Freq
                0x08002bcc       0x28 CMakeFiles/Press_ADC.elf.dir/Drivers/STM32F1xx_HAL_Driver/Src/stm32f1xx_hal_rcc.c.obj
                0x08002bcc                HAL_RCC_GetPCLK2Freq
 .text.RCC_Delay
                0x08002bf4       0x3c CMakeFiles/Press_ADC.elf.dir/Drivers/STM32F1xx_HAL_Driver/Src/stm32f1xx_hal_rcc.c.obj
 .text.HAL_SPI_Init
                0x08002c30      0x108 CMakeFiles/Press_ADC.elf.dir/Drivers/STM32F1xx_HAL_Driver/Src/stm32f1xx_hal_spi.c.obj
                0x08002c30                HAL_SPI_Init
 .text.HAL_TIM_Base_Init
                0x08002d38       0x9e CMakeFiles/Press_ADC.elf.dir/Drivers/STM32F1xx_HAL_Driver/Src/stm32f1xx_hal_tim.c.obj
                0x08002d38                HAL_TIM_Base_Init
 *fill*         0x08002dd6        0x2 
 .text.HAL_TIM_Base_Start
                0x08002dd8       0xb0 CMakeFiles/Press_ADC.elf.dir/Drivers/STM32F1xx_HAL_Driver/Src/stm32f1xx_hal_tim.c.obj
                0x08002dd8                HAL_TIM_Base_Start
 .text.HAL_TIM_Base_Stop
                0x08002e88       0x4c CMakeFiles/Press_ADC.elf.dir/Drivers/STM32F1xx_HAL_Driver/Src/stm32f1xx_hal_tim.c.obj
                0x08002e88                HAL_TIM_Base_Stop
 .text.HAL_TIM_ConfigClockSource
                0x08002ed4      0x18e CMakeFiles/Press_ADC.elf.dir/Drivers/STM32F1xx_HAL_Driver/Src/stm32f1xx_hal_tim.c.obj
                0x08002ed4                HAL_TIM_ConfigClockSource
 *fill*         0x08003062        0x2 
 .text.TIM_Base_SetConfig
                0x08003064       0xf4 CMakeFiles/Press_ADC.elf.dir/Drivers/STM32F1xx_HAL_Driver/Src/stm32f1xx_hal_tim.c.obj
                0x08003064                TIM_Base_SetConfig
 .text.TIM_TI1_ConfigInputStage
                0x08003158       0x5c CMakeFiles/Press_ADC.elf.dir/Drivers/STM32F1xx_HAL_Driver/Src/stm32f1xx_hal_tim.c.obj
 .text.TIM_TI2_ConfigInputStage
                0x080031b4       0x5e CMakeFiles/Press_ADC.elf.dir/Drivers/STM32F1xx_HAL_Driver/Src/stm32f1xx_hal_tim.c.obj
 .text.TIM_ITRx_SetConfig
                0x08003212       0x34 CMakeFiles/Press_ADC.elf.dir/Drivers/STM32F1xx_HAL_Driver/Src/stm32f1xx_hal_tim.c.obj
 .text.TIM_ETR_SetConfig
                0x08003246       0x3e CMakeFiles/Press_ADC.elf.dir/Drivers/STM32F1xx_HAL_Driver/Src/stm32f1xx_hal_tim.c.obj
                0x08003246                TIM_ETR_SetConfig
 .text.HAL_TIMEx_MasterConfigSynchronization
                0x08003284       0xd8 CMakeFiles/Press_ADC.elf.dir/Drivers/STM32F1xx_HAL_Driver/Src/stm32f1xx_hal_tim_ex.c.obj
                0x08003284                HAL_TIMEx_MasterConfigSynchronization
 .text.HAL_UART_Init
                0x0800335c       0xa0 CMakeFiles/Press_ADC.elf.dir/Drivers/STM32F1xx_HAL_Driver/Src/stm32f1xx_hal_uart.c.obj
                0x0800335c                HAL_UART_Init
 .text.HAL_MultiProcessor_Init
                0x080033fc       0xe6 CMakeFiles/Press_ADC.elf.dir/Drivers/STM32F1xx_HAL_Driver/Src/stm32f1xx_hal_uart.c.obj
                0x080033fc                HAL_MultiProcessor_Init
 *fill*         0x080034e2        0x2 
 .text.UART_SetConfig
                0x080034e4      0x11c CMakeFiles/Press_ADC.elf.dir/Drivers/STM32F1xx_HAL_Driver/Src/stm32f1xx_hal_uart.c.obj
 .text.weight_get
                0x08003600      0x12c CMakeFiles/Press_ADC.elf.dir/My_code/ADC/HX711.c.obj
                0x08003600                weight_get
 .text.user_delaynus_tim
                0x0800372c       0x48 CMakeFiles/Press_ADC.elf.dir/My_code/ADC/HX711.c.obj
                0x0800372c                user_delaynus_tim
 .text.Read_Weigh
                0x08003774       0xcc CMakeFiles/Press_ADC.elf.dir/My_code/ADC/HX711.c.obj
                0x08003774                Read_Weigh
 .text.kalmanFilter
                0x08003840       0xaa CMakeFiles/Press_ADC.elf.dir/My_code/ADC/kalman.c.obj
                0x08003840                kalmanFilter
 *fill*         0x080038ea        0x2 
 .text.DEBUG_USART_Config
                0x080038ec       0x44 CMakeFiles/Press_ADC.elf.dir/My_code/yehuo/bsp_debug_usart.c.obj
                0x080038ec                DEBUG_USART_Config
 .text.ILI9341_Delay
                0x08003930       0x22 CMakeFiles/Press_ADC.elf.dir/My_code/yehuo/bsp_ili9341_lcd.c.obj
 *fill*         0x08003952        0x2 
 .text.ILI9341_Write_Cmd
                0x08003954       0x48 CMakeFiles/Press_ADC.elf.dir/My_code/yehuo/bsp_ili9341_lcd.c.obj
                0x08003954                ILI9341_Write_Cmd
 .text.ILI9341_Write_Data
                0x0800399c       0x48 CMakeFiles/Press_ADC.elf.dir/My_code/yehuo/bsp_ili9341_lcd.c.obj
                0x0800399c                ILI9341_Write_Data
 .text.ILI9341_Read_Data
                0x080039e4       0x74 CMakeFiles/Press_ADC.elf.dir/My_code/yehuo/bsp_ili9341_lcd.c.obj
                0x080039e4                ILI9341_Read_Data
 .text.ILI9341_GPIO_Config
                0x08003a58      0x10c CMakeFiles/Press_ADC.elf.dir/My_code/yehuo/bsp_ili9341_lcd.c.obj
 .text.ILI9341_REG_Config
                0x08003b64      0x548 CMakeFiles/Press_ADC.elf.dir/My_code/yehuo/bsp_ili9341_lcd.c.obj
 .text.ILI9341_ReadID
                0x080040ac       0x84 CMakeFiles/Press_ADC.elf.dir/My_code/yehuo/bsp_ili9341_lcd.c.obj
                0x080040ac                ILI9341_ReadID
 .text.ILI9341_Init
                0x08004130       0x24 CMakeFiles/Press_ADC.elf.dir/My_code/yehuo/bsp_ili9341_lcd.c.obj
                0x08004130                ILI9341_Init
 .text.ILI9341_BackLed_Control
                0x08004154       0x30 CMakeFiles/Press_ADC.elf.dir/My_code/yehuo/bsp_ili9341_lcd.c.obj
                0x08004154                ILI9341_BackLed_Control
 .text.ILI9341_GramScan
                0x08004184      0x114 CMakeFiles/Press_ADC.elf.dir/My_code/yehuo/bsp_ili9341_lcd.c.obj
                0x08004184                ILI9341_GramScan
 .text.ILI9341_OpenWindow
                0x08004298       0xb2 CMakeFiles/Press_ADC.elf.dir/My_code/yehuo/bsp_ili9341_lcd.c.obj
                0x08004298                ILI9341_OpenWindow
 .text.ILI9341_FillColor
                0x0800434a       0x3c CMakeFiles/Press_ADC.elf.dir/My_code/yehuo/bsp_ili9341_lcd.c.obj
 *fill*         0x08004386        0x2 
 .text.ILI9341_Clear
                0x08004388       0x4c CMakeFiles/Press_ADC.elf.dir/My_code/yehuo/bsp_ili9341_lcd.c.obj
                0x08004388                ILI9341_Clear
 .text.ILI9341_DispChar_EN
                0x080043d4       0xcc CMakeFiles/Press_ADC.elf.dir/My_code/yehuo/bsp_ili9341_lcd.c.obj
                0x080043d4                ILI9341_DispChar_EN
 .text.ILI9341_DispChar_CH
                0x080044a0       0xd0 CMakeFiles/Press_ADC.elf.dir/My_code/yehuo/bsp_ili9341_lcd.c.obj
                0x080044a0                ILI9341_DispChar_CH
 .text.ILI9341_DispStringLine_EN_CH
                0x08004570       0xe4 CMakeFiles/Press_ADC.elf.dir/My_code/yehuo/bsp_ili9341_lcd.c.obj
                0x08004570                ILI9341_DispStringLine_EN_CH
 .text.LCD_GetFont
                0x08004654       0x14 CMakeFiles/Press_ADC.elf.dir/My_code/yehuo/bsp_ili9341_lcd.c.obj
                0x08004654                LCD_GetFont
 .text.LCD_SetTextColor
                0x08004668       0x20 CMakeFiles/Press_ADC.elf.dir/My_code/yehuo/bsp_ili9341_lcd.c.obj
                0x08004668                LCD_SetTextColor
 .text.LCD_ClearLine
                0x08004688       0x2c CMakeFiles/Press_ADC.elf.dir/My_code/yehuo/bsp_ili9341_lcd.c.obj
                0x08004688                LCD_ClearLine
 .text.LED_GPIO_Config
                0x080046b4       0x80 CMakeFiles/Press_ADC.elf.dir/My_code/yehuo/bsp_led.c.obj
                0x080046b4                LED_GPIO_Config
 .text.SPI_FLASH_Init
                0x08004734       0x74 CMakeFiles/Press_ADC.elf.dir/My_code/yehuo/bsp_spi_flash.c.obj
                0x08004734                SPI_FLASH_Init
 .text.SPI_FLASH_BufferRead
                0x080047a8       0x70 CMakeFiles/Press_ADC.elf.dir/My_code/yehuo/bsp_spi_flash.c.obj
                0x080047a8                SPI_FLASH_BufferRead
 .text.SPI_FLASH_SendByte
                0x08004818       0x90 CMakeFiles/Press_ADC.elf.dir/My_code/yehuo/bsp_spi_flash.c.obj
                0x08004818                SPI_FLASH_SendByte
 .text.SPI_TIMEOUT_UserCallback
                0x080048a8       0x24 CMakeFiles/Press_ADC.elf.dir/My_code/yehuo/bsp_spi_flash.c.obj
 .text.GetGBKCode_from_EXFlash
                0x080048cc       0x5c CMakeFiles/Press_ADC.elf.dir/My_code/yehuo/fonts.c.obj
                0x080048cc                GetGBKCode_from_EXFlash
 .text.__errno  0x08004928        0xc d:/tools/stm32/gcc-arm/gcc-arm-none-eabi-10.3-2021.10/bin/../lib/gcc/arm-none-eabi/10.3.1/../../../../arm-none-eabi/lib/thumb/v7-m/nofp\libg.a(lib_a-errno.o)
                0x08004928                __errno
 .text.__libc_init_array
                0x08004934       0x48 d:/tools/stm32/gcc-arm/gcc-arm-none-eabi-10.3-2021.10/bin/../lib/gcc/arm-none-eabi/10.3.1/../../../../arm-none-eabi/lib/thumb/v7-m/nofp\libg.a(lib_a-init.o)
                0x08004934                __libc_init_array
 .text.memset   0x0800497c       0xa4 d:/tools/stm32/gcc-arm/gcc-arm-none-eabi-10.3-2021.10/bin/../lib/gcc/arm-none-eabi/10.3.1/../../../../arm-none-eabi/lib/thumb/v7-m/nofp\libg.a(lib_a-memset.o)
                0x0800497c                memset
 .text.printf   0x08004a20       0x28 d:/tools/stm32/gcc-arm/gcc-arm-none-eabi-10.3-2021.10/bin/../lib/gcc/arm-none-eabi/10.3.1/../../../../arm-none-eabi/lib/thumb/v7-m/nofp\libg.a(lib_a-printf.o)
                0x08004a20                printf
 .text.putchar  0x08004a48       0x10 d:/tools/stm32/gcc-arm/gcc-arm-none-eabi-10.3-2021.10/bin/../lib/gcc/arm-none-eabi/10.3.1/../../../../arm-none-eabi/lib/thumb/v7-m/nofp\libg.a(lib_a-putchar.o)
                0x08004a48                putchar
 .text._puts_r  0x08004a58       0x9c d:/tools/stm32/gcc-arm/gcc-arm-none-eabi-10.3-2021.10/bin/../lib/gcc/arm-none-eabi/10.3.1/../../../../arm-none-eabi/lib/thumb/v7-m/nofp\libg.a(lib_a-puts.o)
                0x08004a58                _puts_r
 .text.puts     0x08004af4       0x10 d:/tools/stm32/gcc-arm/gcc-arm-none-eabi-10.3-2021.10/bin/../lib/gcc/arm-none-eabi/10.3.1/../../../../arm-none-eabi/lib/thumb/v7-m/nofp\libg.a(lib_a-puts.o)
                0x08004af4                puts
 .text.sprintf  0x08004b04       0x44 d:/tools/stm32/gcc-arm/gcc-arm-none-eabi-10.3-2021.10/bin/../lib/gcc/arm-none-eabi/10.3.1/../../../../arm-none-eabi/lib/thumb/v7-m/nofp\libg.a(lib_a-sprintf.o)
                0x08004b04                sprintf
 .text.strlen   0x08004b48       0x5c d:/tools/stm32/gcc-arm/gcc-arm-none-eabi-10.3-2021.10/bin/../lib/gcc/arm-none-eabi/10.3.1/../../../../arm-none-eabi/lib/thumb/v7-m/nofp\libg.a(lib_a-strlen-stub.o)
                0x08004b48                strlen
 .text._svfprintf_r
                0x08004ba4     0x1aa4 d:/tools/stm32/gcc-arm/gcc-arm-none-eabi-10.3-2021.10/bin/../lib/gcc/arm-none-eabi/10.3.1/../../../../arm-none-eabi/lib/thumb/v7-m/nofp\libg.a(lib_a-svfprintf.o)
                0x08004ba4                _svfprintf_r
 .text._vfprintf_r
                0x08006648     0x1b58 d:/tools/stm32/gcc-arm/gcc-arm-none-eabi-10.3-2021.10/bin/../lib/gcc/arm-none-eabi/10.3.1/../../../../arm-none-eabi/lib/thumb/v7-m/nofp\libg.a(lib_a-vfprintf.o)
                0x08006648                _vfprintf_r
 .text.__sbprintf
                0x080081a0       0x84 d:/tools/stm32/gcc-arm/gcc-arm-none-eabi-10.3-2021.10/bin/../lib/gcc/arm-none-eabi/10.3.1/../../../../arm-none-eabi/lib/thumb/v7-m/nofp\libg.a(lib_a-vfprintf.o)
 .text.__swsetup_r
                0x08008224       0xd4 d:/tools/stm32/gcc-arm/gcc-arm-none-eabi-10.3-2021.10/bin/../lib/gcc/arm-none-eabi/10.3.1/../../../../arm-none-eabi/lib/thumb/v7-m/nofp\libg.a(lib_a-wsetup.o)
                0x08008224                __swsetup_r
 .text.startup.register_fini
                0x080082f8       0x14 d:/tools/stm32/gcc-arm/gcc-arm-none-eabi-10.3-2021.10/bin/../lib/gcc/arm-none-eabi/10.3.1/../../../../arm-none-eabi/lib/thumb/v7-m/nofp\libg.a(lib_a-__call_atexit.o)
 .text.atexit   0x0800830c        0xc d:/tools/stm32/gcc-arm/gcc-arm-none-eabi-10.3-2021.10/bin/../lib/gcc/arm-none-eabi/10.3.1/../../../../arm-none-eabi/lib/thumb/v7-m/nofp\libg.a(lib_a-atexit.o)
                0x0800830c                atexit
 .text.quorem   0x08008318      0x12c d:/tools/stm32/gcc-arm/gcc-arm-none-eabi-10.3-2021.10/bin/../lib/gcc/arm-none-eabi/10.3.1/../../../../arm-none-eabi/lib/thumb/v7-m/nofp\libg.a(lib_a-dtoa.o)
 *fill*         0x08008444        0x4 
 .text._dtoa_r  0x08008448      0xecc d:/tools/stm32/gcc-arm/gcc-arm-none-eabi-10.3-2021.10/bin/../lib/gcc/arm-none-eabi/10.3.1/../../../../arm-none-eabi/lib/thumb/v7-m/nofp\libg.a(lib_a-dtoa.o)
                0x08008448                _dtoa_r
 .text.__sflush_r
                0x08009314      0x124 d:/tools/stm32/gcc-arm/gcc-arm-none-eabi-10.3-2021.10/bin/../lib/gcc/arm-none-eabi/10.3.1/../../../../arm-none-eabi/lib/thumb/v7-m/nofp\libg.a(lib_a-fflush.o)
                0x08009314                __sflush_r
 .text._fflush_r
                0x08009438       0x5c d:/tools/stm32/gcc-arm/gcc-arm-none-eabi-10.3-2021.10/bin/../lib/gcc/arm-none-eabi/10.3.1/../../../../arm-none-eabi/lib/thumb/v7-m/nofp\libg.a(lib_a-fflush.o)
                0x08009438                _fflush_r
 .text._cleanup_r
                0x08009494        0xc d:/tools/stm32/gcc-arm/gcc-arm-none-eabi-10.3-2021.10/bin/../lib/gcc/arm-none-eabi/10.3.1/../../../../arm-none-eabi/lib/thumb/v7-m/nofp\libg.a(lib_a-findfp.o)
                0x08009494                _cleanup_r
 .text.__sinit  0x080094a0      0x10c d:/tools/stm32/gcc-arm/gcc-arm-none-eabi-10.3-2021.10/bin/../lib/gcc/arm-none-eabi/10.3.1/../../../../arm-none-eabi/lib/thumb/v7-m/nofp\libg.a(lib_a-findfp.o)
                0x080094a0                __sinit
 .text.__sfp_lock_acquire
                0x080095ac        0xc d:/tools/stm32/gcc-arm/gcc-arm-none-eabi-10.3-2021.10/bin/../lib/gcc/arm-none-eabi/10.3.1/../../../../arm-none-eabi/lib/thumb/v7-m/nofp\libg.a(lib_a-findfp.o)
                0x080095ac                __sfp_lock_acquire
 .text.__sfp_lock_release
                0x080095b8        0xc d:/tools/stm32/gcc-arm/gcc-arm-none-eabi-10.3-2021.10/bin/../lib/gcc/arm-none-eabi/10.3.1/../../../../arm-none-eabi/lib/thumb/v7-m/nofp\libg.a(lib_a-findfp.o)
                0x080095b8                __sfp_lock_release
 .text.__libc_fini_array
                0x080095c4       0x2c d:/tools/stm32/gcc-arm/gcc-arm-none-eabi-10.3-2021.10/bin/../lib/gcc/arm-none-eabi/10.3.1/../../../../arm-none-eabi/lib/thumb/v7-m/nofp\libg.a(lib_a-fini.o)
                0x080095c4                __libc_fini_array
 .text._malloc_trim_r
                0x080095f0       0xa0 d:/tools/stm32/gcc-arm/gcc-arm-none-eabi-10.3-2021.10/bin/../lib/gcc/arm-none-eabi/10.3.1/../../../../arm-none-eabi/lib/thumb/v7-m/nofp\libg.a(lib_a-freer.o)
                0x080095f0                _malloc_trim_r
 .text._free_r  0x08009690      0x200 d:/tools/stm32/gcc-arm/gcc-arm-none-eabi-10.3-2021.10/bin/../lib/gcc/arm-none-eabi/10.3.1/../../../../arm-none-eabi/lib/thumb/v7-m/nofp\libg.a(lib_a-freer.o)
                0x08009690                _free_r
 .text.__sfvwrite_r
                0x08009890      0x2f0 d:/tools/stm32/gcc-arm/gcc-arm-none-eabi-10.3-2021.10/bin/../lib/gcc/arm-none-eabi/10.3.1/../../../../arm-none-eabi/lib/thumb/v7-m/nofp\libg.a(lib_a-fvwrite.o)
                0x08009890                __sfvwrite_r
 .text._fwalk_reent
                0x08009b80       0x48 d:/tools/stm32/gcc-arm/gcc-arm-none-eabi-10.3-2021.10/bin/../lib/gcc/arm-none-eabi/10.3.1/../../../../arm-none-eabi/lib/thumb/v7-m/nofp\libg.a(lib_a-fwalk.o)
                0x08009b80                _fwalk_reent
 .text._localeconv_r
                0x08009bc8        0x8 d:/tools/stm32/gcc-arm/gcc-arm-none-eabi-10.3-2021.10/bin/../lib/gcc/arm-none-eabi/10.3.1/../../../../arm-none-eabi/lib/thumb/v7-m/nofp\libg.a(lib_a-localeconv.o)
                0x08009bc8                _localeconv_r
 .text.__retarget_lock_init_recursive
                0x08009bd0        0x4 d:/tools/stm32/gcc-arm/gcc-arm-none-eabi-10.3-2021.10/bin/../lib/gcc/arm-none-eabi/10.3.1/../../../../arm-none-eabi/lib/thumb/v7-m/nofp\libg.a(lib_a-lock.o)
                0x08009bd0                __retarget_lock_init_recursive
 .text.__retarget_lock_close_recursive
                0x08009bd4        0x4 d:/tools/stm32/gcc-arm/gcc-arm-none-eabi-10.3-2021.10/bin/../lib/gcc/arm-none-eabi/10.3.1/../../../../arm-none-eabi/lib/thumb/v7-m/nofp\libg.a(lib_a-lock.o)
                0x08009bd4                __retarget_lock_close_recursive
 .text.__retarget_lock_acquire_recursive
                0x08009bd8        0x4 d:/tools/stm32/gcc-arm/gcc-arm-none-eabi-10.3-2021.10/bin/../lib/gcc/arm-none-eabi/10.3.1/../../../../arm-none-eabi/lib/thumb/v7-m/nofp\libg.a(lib_a-lock.o)
                0x08009bd8                __retarget_lock_acquire_recursive
 .text.__retarget_lock_release_recursive
                0x08009bdc        0x4 d:/tools/stm32/gcc-arm/gcc-arm-none-eabi-10.3-2021.10/bin/../lib/gcc/arm-none-eabi/10.3.1/../../../../arm-none-eabi/lib/thumb/v7-m/nofp\libg.a(lib_a-lock.o)
                0x08009bdc                __retarget_lock_release_recursive
 .text.__smakebuf_r
                0x08009be0       0xe0 d:/tools/stm32/gcc-arm/gcc-arm-none-eabi-10.3-2021.10/bin/../lib/gcc/arm-none-eabi/10.3.1/../../../../arm-none-eabi/lib/thumb/v7-m/nofp\libg.a(lib_a-makebuf.o)
                0x08009be0                __smakebuf_r
 .text._malloc_r
                0x08009cc0      0x558 d:/tools/stm32/gcc-arm/gcc-arm-none-eabi-10.3-2021.10/bin/../lib/gcc/arm-none-eabi/10.3.1/../../../../arm-none-eabi/lib/thumb/v7-m/nofp\libg.a(lib_a-mallocr.o)
                0x08009cc0                _malloc_r
 .text.memchr   0x0800a218       0x90 d:/tools/stm32/gcc-arm/gcc-arm-none-eabi-10.3-2021.10/bin/../lib/gcc/arm-none-eabi/10.3.1/../../../../arm-none-eabi/lib/thumb/v7-m/nofp\libg.a(lib_a-memchr-stub.o)
                0x0800a218                memchr
 .text.memmove  0x0800a2a8       0xf8 d:/tools/stm32/gcc-arm/gcc-arm-none-eabi-10.3-2021.10/bin/../lib/gcc/arm-none-eabi/10.3.1/../../../../arm-none-eabi/lib/thumb/v7-m/nofp\libg.a(lib_a-memmove.o)
                0x0800a2a8                memmove
 .text.__malloc_lock
                0x0800a3a0        0xc d:/tools/stm32/gcc-arm/gcc-arm-none-eabi-10.3-2021.10/bin/../lib/gcc/arm-none-eabi/10.3.1/../../../../arm-none-eabi/lib/thumb/v7-m/nofp\libg.a(lib_a-mlock.o)
                0x0800a3a0                __malloc_lock
 .text.__malloc_unlock
                0x0800a3ac        0xc d:/tools/stm32/gcc-arm/gcc-arm-none-eabi-10.3-2021.10/bin/../lib/gcc/arm-none-eabi/10.3.1/../../../../arm-none-eabi/lib/thumb/v7-m/nofp\libg.a(lib_a-mlock.o)
                0x0800a3ac                __malloc_unlock
 .text._Balloc  0x0800a3b8       0x4c d:/tools/stm32/gcc-arm/gcc-arm-none-eabi-10.3-2021.10/bin/../lib/gcc/arm-none-eabi/10.3.1/../../../../arm-none-eabi/lib/thumb/v7-m/nofp\libg.a(lib_a-mprec.o)
                0x0800a3b8                _Balloc
 .text._Bfree   0x0800a404       0x14 d:/tools/stm32/gcc-arm/gcc-arm-none-eabi-10.3-2021.10/bin/../lib/gcc/arm-none-eabi/10.3.1/../../../../arm-none-eabi/lib/thumb/v7-m/nofp\libg.a(lib_a-mprec.o)
                0x0800a404                _Bfree
 .text.__multadd
                0x0800a418       0xa4 d:/tools/stm32/gcc-arm/gcc-arm-none-eabi-10.3-2021.10/bin/../lib/gcc/arm-none-eabi/10.3.1/../../../../arm-none-eabi/lib/thumb/v7-m/nofp\libg.a(lib_a-mprec.o)
                0x0800a418                __multadd
 .text.__hi0bits
                0x0800a4bc       0x40 d:/tools/stm32/gcc-arm/gcc-arm-none-eabi-10.3-2021.10/bin/../lib/gcc/arm-none-eabi/10.3.1/../../../../arm-none-eabi/lib/thumb/v7-m/nofp\libg.a(lib_a-mprec.o)
                0x0800a4bc                __hi0bits
 .text.__lo0bits
                0x0800a4fc       0x58 d:/tools/stm32/gcc-arm/gcc-arm-none-eabi-10.3-2021.10/bin/../lib/gcc/arm-none-eabi/10.3.1/../../../../arm-none-eabi/lib/thumb/v7-m/nofp\libg.a(lib_a-mprec.o)
                0x0800a4fc                __lo0bits
 .text.__i2b    0x0800a554       0x5c d:/tools/stm32/gcc-arm/gcc-arm-none-eabi-10.3-2021.10/bin/../lib/gcc/arm-none-eabi/10.3.1/../../../../arm-none-eabi/lib/thumb/v7-m/nofp\libg.a(lib_a-mprec.o)
                0x0800a554                __i2b
 .text.__multiply
                0x0800a5b0      0x15c d:/tools/stm32/gcc-arm/gcc-arm-none-eabi-10.3-2021.10/bin/../lib/gcc/arm-none-eabi/10.3.1/../../../../arm-none-eabi/lib/thumb/v7-m/nofp\libg.a(lib_a-mprec.o)
                0x0800a5b0                __multiply
 .text.__pow5mult
                0x0800a70c       0xb8 d:/tools/stm32/gcc-arm/gcc-arm-none-eabi-10.3-2021.10/bin/../lib/gcc/arm-none-eabi/10.3.1/../../../../arm-none-eabi/lib/thumb/v7-m/nofp\libg.a(lib_a-mprec.o)
                0x0800a70c                __pow5mult
 .text.__lshift
                0x0800a7c4       0xec d:/tools/stm32/gcc-arm/gcc-arm-none-eabi-10.3-2021.10/bin/../lib/gcc/arm-none-eabi/10.3.1/../../../../arm-none-eabi/lib/thumb/v7-m/nofp\libg.a(lib_a-mprec.o)
                0x0800a7c4                __lshift
 .text.__mcmp   0x0800a8b0       0x40 d:/tools/stm32/gcc-arm/gcc-arm-none-eabi-10.3-2021.10/bin/../lib/gcc/arm-none-eabi/10.3.1/../../../../arm-none-eabi/lib/thumb/v7-m/nofp\libg.a(lib_a-mprec.o)
                0x0800a8b0                __mcmp
 .text.__mdiff  0x0800a8f0      0x14c d:/tools/stm32/gcc-arm/gcc-arm-none-eabi-10.3-2021.10/bin/../lib/gcc/arm-none-eabi/10.3.1/../../../../arm-none-eabi/lib/thumb/v7-m/nofp\libg.a(lib_a-mprec.o)
                0x0800a8f0                __mdiff
 .text.__d2b    0x0800aa3c       0xc4 d:/tools/stm32/gcc-arm/gcc-arm-none-eabi-10.3-2021.10/bin/../lib/gcc/arm-none-eabi/10.3.1/../../../../arm-none-eabi/lib/thumb/v7-m/nofp\libg.a(lib_a-mprec.o)
                0x0800aa3c                __d2b
 .text._putc_r  0x0800ab00       0x74 d:/tools/stm32/gcc-arm/gcc-arm-none-eabi-10.3-2021.10/bin/../lib/gcc/arm-none-eabi/10.3.1/../../../../arm-none-eabi/lib/thumb/v7-m/nofp\libg.a(lib_a-putc.o)
                0x0800ab00                _putc_r
 .text._realloc_r
                0x0800ab74      0x3dc d:/tools/stm32/gcc-arm/gcc-arm-none-eabi-10.3-2021.10/bin/../lib/gcc/arm-none-eabi/10.3.1/../../../../arm-none-eabi/lib/thumb/v7-m/nofp\libg.a(lib_a-reallocr.o)
                0x0800ab74                _realloc_r
 .text.frexp    0x0800af50       0x70 d:/tools/stm32/gcc-arm/gcc-arm-none-eabi-10.3-2021.10/bin/../lib/gcc/arm-none-eabi/10.3.1/../../../../arm-none-eabi/lib/thumb/v7-m/nofp\libg.a(lib_a-s_frexp.o)
                0x0800af50                frexp
 .text._sbrk_r  0x0800afc0       0x24 d:/tools/stm32/gcc-arm/gcc-arm-none-eabi-10.3-2021.10/bin/../lib/gcc/arm-none-eabi/10.3.1/../../../../arm-none-eabi/lib/thumb/v7-m/nofp\libg.a(lib_a-sbrkr.o)
                0x0800afc0                _sbrk_r
 .text.__sread  0x0800afe4       0x24 d:/tools/stm32/gcc-arm/gcc-arm-none-eabi-10.3-2021.10/bin/../lib/gcc/arm-none-eabi/10.3.1/../../../../arm-none-eabi/lib/thumb/v7-m/nofp\libg.a(lib_a-stdio.o)
                0x0800afe4                __sread
 .text.__swrite
                0x0800b008       0x40 d:/tools/stm32/gcc-arm/gcc-arm-none-eabi-10.3-2021.10/bin/../lib/gcc/arm-none-eabi/10.3.1/../../../../arm-none-eabi/lib/thumb/v7-m/nofp\libg.a(lib_a-stdio.o)
                0x0800b008                __swrite
 .text.__sseek  0x0800b048       0x20 d:/tools/stm32/gcc-arm/gcc-arm-none-eabi-10.3-2021.10/bin/../lib/gcc/arm-none-eabi/10.3.1/../../../../arm-none-eabi/lib/thumb/v7-m/nofp\libg.a(lib_a-stdio.o)
                0x0800b048                __sseek
 .text.__sclose
                0x0800b068        0x8 d:/tools/stm32/gcc-arm/gcc-arm-none-eabi-10.3-2021.10/bin/../lib/gcc/arm-none-eabi/10.3.1/../../../../arm-none-eabi/lib/thumb/v7-m/nofp\libg.a(lib_a-stdio.o)
                0x0800b068                __sclose
 .text.strncpy  0x0800b070       0x68 d:/tools/stm32/gcc-arm/gcc-arm-none-eabi-10.3-2021.10/bin/../lib/gcc/arm-none-eabi/10.3.1/../../../../arm-none-eabi/lib/thumb/v7-m/nofp\libg.a(lib_a-strncpy.o)
                0x0800b070                strncpy
 .text.__ssprint_r
                0x0800b0d8       0xfc d:/tools/stm32/gcc-arm/gcc-arm-none-eabi-10.3-2021.10/bin/../lib/gcc/arm-none-eabi/10.3.1/../../../../arm-none-eabi/lib/thumb/v7-m/nofp\libg.a(lib_a-svfiprintf.o)
                0x0800b0d8                __ssprint_r
 .text.__sprint_r.part.0
                0x0800b1d4       0x78 d:/tools/stm32/gcc-arm/gcc-arm-none-eabi-10.3-2021.10/bin/../lib/gcc/arm-none-eabi/10.3.1/../../../../arm-none-eabi/lib/thumb/v7-m/nofp\libg.a(lib_a-vfiprintf.o)
 .text.__sprint_r
                0x0800b24c       0x14 d:/tools/stm32/gcc-arm/gcc-arm-none-eabi-10.3-2021.10/bin/../lib/gcc/arm-none-eabi/10.3.1/../../../../arm-none-eabi/lib/thumb/v7-m/nofp\libg.a(lib_a-vfiprintf.o)
                0x0800b24c                __sprint_r
 .text._vfiprintf_r
                0x0800b260      0xd98 d:/tools/stm32/gcc-arm/gcc-arm-none-eabi-10.3-2021.10/bin/../lib/gcc/arm-none-eabi/10.3.1/../../../../arm-none-eabi/lib/thumb/v7-m/nofp\libg.a(lib_a-vfiprintf.o)
                0x0800b260                _vfiprintf_r
 .text.__sbprintf
                0x0800bff8       0x84 d:/tools/stm32/gcc-arm/gcc-arm-none-eabi-10.3-2021.10/bin/../lib/gcc/arm-none-eabi/10.3.1/../../../../arm-none-eabi/lib/thumb/v7-m/nofp\libg.a(lib_a-vfiprintf.o)
 .text.__swbuf_r
                0x0800c07c       0xb0 d:/tools/stm32/gcc-arm/gcc-arm-none-eabi-10.3-2021.10/bin/../lib/gcc/arm-none-eabi/10.3.1/../../../../arm-none-eabi/lib/thumb/v7-m/nofp\libg.a(lib_a-wbuf.o)
                0x0800c07c                __swbuf_r
 .text._write_r
                0x0800c12c       0x2c d:/tools/stm32/gcc-arm/gcc-arm-none-eabi-10.3-2021.10/bin/../lib/gcc/arm-none-eabi/10.3.1/../../../../arm-none-eabi/lib/thumb/v7-m/nofp\libg.a(lib_a-writer.o)
                0x0800c12c                _write_r
 .text.__register_exitproc
                0x0800c158       0x8c d:/tools/stm32/gcc-arm/gcc-arm-none-eabi-10.3-2021.10/bin/../lib/gcc/arm-none-eabi/10.3.1/../../../../arm-none-eabi/lib/thumb/v7-m/nofp\libg.a(lib_a-__atexit.o)
                0x0800c158                __register_exitproc
 .text.__assert_func
                0x0800c1e4       0x40 d:/tools/stm32/gcc-arm/gcc-arm-none-eabi-10.3-2021.10/bin/../lib/gcc/arm-none-eabi/10.3.1/../../../../arm-none-eabi/lib/thumb/v7-m/nofp\libg.a(lib_a-assert.o)
                0x0800c1e4                __assert_func
 .text._calloc_r
                0x0800c224       0x78 d:/tools/stm32/gcc-arm/gcc-arm-none-eabi-10.3-2021.10/bin/../lib/gcc/arm-none-eabi/10.3.1/../../../../arm-none-eabi/lib/thumb/v7-m/nofp\libg.a(lib_a-callocr.o)
                0x0800c224                _calloc_r
 .text._close_r
                0x0800c29c       0x24 d:/tools/stm32/gcc-arm/gcc-arm-none-eabi-10.3-2021.10/bin/../lib/gcc/arm-none-eabi/10.3.1/../../../../arm-none-eabi/lib/thumb/v7-m/nofp\libg.a(lib_a-closer.o)
                0x0800c29c                _close_r
 .text._fclose_r
                0x0800c2c0       0xcc d:/tools/stm32/gcc-arm/gcc-arm-none-eabi-10.3-2021.10/bin/../lib/gcc/arm-none-eabi/10.3.1/../../../../arm-none-eabi/lib/thumb/v7-m/nofp\libg.a(lib_a-fclose.o)
                0x0800c2c0                _fclose_r
 .text.fiprintf
                0x0800c38c       0x28 d:/tools/stm32/gcc-arm/gcc-arm-none-eabi-10.3-2021.10/bin/../lib/gcc/arm-none-eabi/10.3.1/../../../../arm-none-eabi/lib/thumb/v7-m/nofp\libg.a(lib_a-fiprintf.o)
                0x0800c38c                fiprintf
 .text.__fputwc
                0x0800c3b4       0xa0 d:/tools/stm32/gcc-arm/gcc-arm-none-eabi-10.3-2021.10/bin/../lib/gcc/arm-none-eabi/10.3.1/../../../../arm-none-eabi/lib/thumb/v7-m/nofp\libg.a(lib_a-fputwc.o)
                0x0800c3b4                __fputwc
 .text._fputwc_r
                0x0800c454       0x68 d:/tools/stm32/gcc-arm/gcc-arm-none-eabi-10.3-2021.10/bin/../lib/gcc/arm-none-eabi/10.3.1/../../../../arm-none-eabi/lib/thumb/v7-m/nofp\libg.a(lib_a-fputwc.o)
                0x0800c454                _fputwc_r
 .text._fstat_r
                0x0800c4bc       0x28 d:/tools/stm32/gcc-arm/gcc-arm-none-eabi-10.3-2021.10/bin/../lib/gcc/arm-none-eabi/10.3.1/../../../../arm-none-eabi/lib/thumb/v7-m/nofp\libg.a(lib_a-fstatr.o)
                0x0800c4bc                _fstat_r
 .text._isatty_r
                0x0800c4e4       0x24 d:/tools/stm32/gcc-arm/gcc-arm-none-eabi-10.3-2021.10/bin/../lib/gcc/arm-none-eabi/10.3.1/../../../../arm-none-eabi/lib/thumb/v7-m/nofp\libg.a(lib_a-isattyr.o)
                0x0800c4e4                _isatty_r
 .text.__locale_mb_cur_max
                0x0800c508        0xc d:/tools/stm32/gcc-arm/gcc-arm-none-eabi-10.3-2021.10/bin/../lib/gcc/arm-none-eabi/10.3.1/../../../../arm-none-eabi/lib/thumb/v7-m/nofp\libg.a(lib_a-locale.o)
                0x0800c508                __locale_mb_cur_max
 .text._lseek_r
                0x0800c514       0x2c d:/tools/stm32/gcc-arm/gcc-arm-none-eabi-10.3-2021.10/bin/../lib/gcc/arm-none-eabi/10.3.1/../../../../arm-none-eabi/lib/thumb/v7-m/nofp\libg.a(lib_a-lseekr.o)
                0x0800c514                _lseek_r
 .text.__ascii_mbtowc
                0x0800c540       0x2c d:/tools/stm32/gcc-arm/gcc-arm-none-eabi-10.3-2021.10/bin/../lib/gcc/arm-none-eabi/10.3.1/../../../../arm-none-eabi/lib/thumb/v7-m/nofp\libg.a(lib_a-mbtowc_r.o)
                0x0800c540                __ascii_mbtowc
 .text._read_r  0x0800c56c       0x2c d:/tools/stm32/gcc-arm/gcc-arm-none-eabi-10.3-2021.10/bin/../lib/gcc/arm-none-eabi/10.3.1/../../../../arm-none-eabi/lib/thumb/v7-m/nofp\libg.a(lib_a-readr.o)
                0x0800c56c                _read_r
 .text._wcrtomb_r
                0x0800c598       0x3c d:/tools/stm32/gcc-arm/gcc-arm-none-eabi-10.3-2021.10/bin/../lib/gcc/arm-none-eabi/10.3.1/../../../../arm-none-eabi/lib/thumb/v7-m/nofp\libg.a(lib_a-wcrtomb.o)
                0x0800c598                _wcrtomb_r
 .text.__ascii_wctomb
                0x0800c5d4       0x1c d:/tools/stm32/gcc-arm/gcc-arm-none-eabi-10.3-2021.10/bin/../lib/gcc/arm-none-eabi/10.3.1/../../../../arm-none-eabi/lib/thumb/v7-m/nofp\libg.a(lib_a-wctomb_r.o)
                0x0800c5d4                __ascii_wctomb
 .text.abort    0x0800c5f0       0x10 d:/tools/stm32/gcc-arm/gcc-arm-none-eabi-10.3-2021.10/bin/../lib/gcc/arm-none-eabi/10.3.1/../../../../arm-none-eabi/lib/thumb/v7-m/nofp\libg.a(lib_a-abort.o)
                0x0800c5f0                abort
 .text.raise    0x0800c600       0x5c d:/tools/stm32/gcc-arm/gcc-arm-none-eabi-10.3-2021.10/bin/../lib/gcc/arm-none-eabi/10.3.1/../../../../arm-none-eabi/lib/thumb/v7-m/nofp\libg.a(lib_a-signal.o)
                0x0800c600                raise
 .text._kill_r  0x0800c65c       0x28 d:/tools/stm32/gcc-arm/gcc-arm-none-eabi-10.3-2021.10/bin/../lib/gcc/arm-none-eabi/10.3.1/../../../../arm-none-eabi/lib/thumb/v7-m/nofp\libg.a(lib_a-signalr.o)
                0x0800c65c                _kill_r
 .text._getpid_r
                0x0800c684        0x4 d:/tools/stm32/gcc-arm/gcc-arm-none-eabi-10.3-2021.10/bin/../lib/gcc/arm-none-eabi/10.3.1/../../../../arm-none-eabi/lib/thumb/v7-m/nofp\libg.a(lib_a-signalr.o)
                0x0800c684                _getpid_r
 *(.glue_7)
 .glue_7        0x0800c688        0x0 linker stubs
 *(.glue_7t)
 .glue_7t       0x0800c688        0x0 linker stubs
 *(.eh_frame)
 .eh_frame      0x0800c688        0x0 d:/tools/stm32/gcc-arm/gcc-arm-none-eabi-10.3-2021.10/bin/../lib/gcc/arm-none-eabi/10.3.1/thumb/v7-m/nofp/crtbegin.o
 *(.init)
 .init          0x0800c688        0x4 d:/tools/stm32/gcc-arm/gcc-arm-none-eabi-10.3-2021.10/bin/../lib/gcc/arm-none-eabi/10.3.1/thumb/v7-m/nofp/crti.o
                0x0800c688                _init
 .init          0x0800c68c        0x8 d:/tools/stm32/gcc-arm/gcc-arm-none-eabi-10.3-2021.10/bin/../lib/gcc/arm-none-eabi/10.3.1/thumb/v7-m/nofp/crtn.o
 *(.fini)
 .fini          0x0800c694        0x4 d:/tools/stm32/gcc-arm/gcc-arm-none-eabi-10.3-2021.10/bin/../lib/gcc/arm-none-eabi/10.3.1/thumb/v7-m/nofp/crti.o
                0x0800c694                _fini
 .fini          0x0800c698        0x8 d:/tools/stm32/gcc-arm/gcc-arm-none-eabi-10.3-2021.10/bin/../lib/gcc/arm-none-eabi/10.3.1/thumb/v7-m/nofp/crtn.o
                0x0800c6a0                . = ALIGN (0x4)
                0x0800c6a0                _etext = .

.vfp11_veneer   0x0800c6a0        0x0
 .vfp11_veneer  0x0800c6a0        0x0 linker stubs

.v4_bx          0x0800c6a0        0x0
 .v4_bx         0x0800c6a0        0x0 linker stubs

.iplt           0x0800c6a0        0x0
 .iplt          0x0800c6a0        0x0 d:/tools/stm32/gcc-arm/gcc-arm-none-eabi-10.3-2021.10/bin/../lib/gcc/arm-none-eabi/10.3.1/thumb/v7-m/nofp/crtbegin.o

.rodata         0x0800c6a0      0xbc8
                0x0800c6a0                . = ALIGN (0x4)
 *(.rodata)
 .rodata        0x0800c6a0      0x126 CMakeFiles/Press_ADC.elf.dir/Core/Src/main.c.obj
 *fill*         0x0800c7c6        0x2 
 .rodata        0x0800c7c8       0x63 CMakeFiles/Press_ADC.elf.dir/My_code/yehuo/bsp_spi_flash.c.obj
 *(.rodata*)
 *fill*         0x0800c82b        0x1 
 .rodata.AHBPrescTable
                0x0800c82c       0x10 CMakeFiles/Press_ADC.elf.dir/Core/Src/system_stm32f1xx.c.obj
                0x0800c82c                AHBPrescTable
 .rodata.APBPrescTable
                0x0800c83c        0x8 CMakeFiles/Press_ADC.elf.dir/Core/Src/system_stm32f1xx.c.obj
                0x0800c83c                APBPrescTable
 .rodata.aPLLMULFactorTable.1
                0x0800c844       0x10 CMakeFiles/Press_ADC.elf.dir/Drivers/STM32F1xx_HAL_Driver/Src/stm32f1xx_hal_rcc.c.obj
 .rodata.aPredivFactorTable.0
                0x0800c854        0x2 CMakeFiles/Press_ADC.elf.dir/Drivers/STM32F1xx_HAL_Driver/Src/stm32f1xx_hal_rcc.c.obj
 *fill*         0x0800c856        0x2 
 .rodata.ASCII8x16_Table
                0x0800c858      0x5f0 CMakeFiles/Press_ADC.elf.dir/My_code/yehuo/fonts.c.obj
                0x0800c858                ASCII8x16_Table
 .rodata._global_impure_ptr
                0x0800ce48        0x4 d:/tools/stm32/gcc-arm/gcc-arm-none-eabi-10.3-2021.10/bin/../lib/gcc/arm-none-eabi/10.3.1/../../../../arm-none-eabi/lib/thumb/v7-m/nofp\libg.a(lib_a-impure.o)
                0x0800ce48                _global_impure_ptr
 .rodata._puts_r.str1.4
                0x0800ce4c        0x2 d:/tools/stm32/gcc-arm/gcc-arm-none-eabi-10.3-2021.10/bin/../lib/gcc/arm-none-eabi/10.3.1/../../../../arm-none-eabi/lib/thumb/v7-m/nofp\libg.a(lib_a-puts.o)
 *fill*         0x0800ce4e        0x2 
 .rodata._svfprintf_r.str1.4
                0x0800ce50       0x42 d:/tools/stm32/gcc-arm/gcc-arm-none-eabi-10.3-2021.10/bin/../lib/gcc/arm-none-eabi/10.3.1/../../../../arm-none-eabi/lib/thumb/v7-m/nofp\libg.a(lib_a-svfprintf.o)
 *fill*         0x0800ce92        0x2 
 .rodata.blanks.1
                0x0800ce94       0x10 d:/tools/stm32/gcc-arm/gcc-arm-none-eabi-10.3-2021.10/bin/../lib/gcc/arm-none-eabi/10.3.1/../../../../arm-none-eabi/lib/thumb/v7-m/nofp\libg.a(lib_a-svfprintf.o)
 .rodata.zeroes.0
                0x0800cea4       0x10 d:/tools/stm32/gcc-arm/gcc-arm-none-eabi-10.3-2021.10/bin/../lib/gcc/arm-none-eabi/10.3.1/../../../../arm-none-eabi/lib/thumb/v7-m/nofp\libg.a(lib_a-svfprintf.o)
 .rodata._vfprintf_r.str1.4
                0x0800ceb4       0x42 d:/tools/stm32/gcc-arm/gcc-arm-none-eabi-10.3-2021.10/bin/../lib/gcc/arm-none-eabi/10.3.1/../../../../arm-none-eabi/lib/thumb/v7-m/nofp\libg.a(lib_a-vfprintf.o)
 .rodata.blanks.1
                0x0800ceb4       0x10 d:/tools/stm32/gcc-arm/gcc-arm-none-eabi-10.3-2021.10/bin/../lib/gcc/arm-none-eabi/10.3.1/../../../../arm-none-eabi/lib/thumb/v7-m/nofp\libg.a(lib_a-vfprintf.o)
 .rodata.zeroes.0
                0x0800cec4       0x10 d:/tools/stm32/gcc-arm/gcc-arm-none-eabi-10.3-2021.10/bin/../lib/gcc/arm-none-eabi/10.3.1/../../../../arm-none-eabi/lib/thumb/v7-m/nofp\libg.a(lib_a-vfprintf.o)
 .rodata._dtoa_r.str1.4
                0x0800ced4       0xa2 d:/tools/stm32/gcc-arm/gcc-arm-none-eabi-10.3-2021.10/bin/../lib/gcc/arm-none-eabi/10.3.1/../../../../arm-none-eabi/lib/thumb/v7-m/nofp\libg.a(lib_a-dtoa.o)
                                 0xa6 (size before relaxing)
 *fill*         0x0800cf76        0x2 
 .rodata.__multadd.str1.4
                0x0800cf78       0x7f d:/tools/stm32/gcc-arm/gcc-arm-none-eabi-10.3-2021.10/bin/../lib/gcc/arm-none-eabi/10.3.1/../../../../arm-none-eabi/lib/thumb/v7-m/nofp\libg.a(lib_a-mprec.o)
                                 0x93 (size before relaxing)
 *fill*         0x0800cff7        0x1 
 .rodata.__mprec_bigtens
                0x0800cff8       0x28 d:/tools/stm32/gcc-arm/gcc-arm-none-eabi-10.3-2021.10/bin/../lib/gcc/arm-none-eabi/10.3.1/../../../../arm-none-eabi/lib/thumb/v7-m/nofp\libg.a(lib_a-mprec.o)
                0x0800cff8                __mprec_bigtens
 .rodata.__mprec_tens
                0x0800d020       0xc8 d:/tools/stm32/gcc-arm/gcc-arm-none-eabi-10.3-2021.10/bin/../lib/gcc/arm-none-eabi/10.3.1/../../../../arm-none-eabi/lib/thumb/v7-m/nofp\libg.a(lib_a-mprec.o)
                0x0800d020                __mprec_tens
 .rodata.p05.0  0x0800d0e8        0xc d:/tools/stm32/gcc-arm/gcc-arm-none-eabi-10.3-2021.10/bin/../lib/gcc/arm-none-eabi/10.3.1/../../../../arm-none-eabi/lib/thumb/v7-m/nofp\libg.a(lib_a-mprec.o)
 .rodata._vfiprintf_r.str1.4
                0x0800d0f4       0x2f d:/tools/stm32/gcc-arm/gcc-arm-none-eabi-10.3-2021.10/bin/../lib/gcc/arm-none-eabi/10.3.1/../../../../arm-none-eabi/lib/thumb/v7-m/nofp\libg.a(lib_a-vfiprintf.o)
 .rodata.blanks.1
                0x0800d0f4       0x10 d:/tools/stm32/gcc-arm/gcc-arm-none-eabi-10.3-2021.10/bin/../lib/gcc/arm-none-eabi/10.3.1/../../../../arm-none-eabi/lib/thumb/v7-m/nofp\libg.a(lib_a-vfiprintf.o)
 .rodata.zeroes.0
                0x0800d104       0x10 d:/tools/stm32/gcc-arm/gcc-arm-none-eabi-10.3-2021.10/bin/../lib/gcc/arm-none-eabi/10.3.1/../../../../arm-none-eabi/lib/thumb/v7-m/nofp\libg.a(lib_a-vfiprintf.o)
 .rodata.__assert_func.str1.4
                0x0800d114       0x3f d:/tools/stm32/gcc-arm/gcc-arm-none-eabi-10.3-2021.10/bin/../lib/gcc/arm-none-eabi/10.3.1/../../../../arm-none-eabi/lib/thumb/v7-m/nofp\libg.a(lib_a-assert.o)
                                 0x43 (size before relaxing)
 *fill*         0x0800d153        0x1 
 .rodata._setlocale_r.str1.4
                0x0800d154        0xa d:/tools/stm32/gcc-arm/gcc-arm-none-eabi-10.3-2021.10/bin/../lib/gcc/arm-none-eabi/10.3.1/../../../../arm-none-eabi/lib/thumb/v7-m/nofp\libg.a(lib_a-locale.o)
                                  0xd (size before relaxing)
 *fill*         0x0800d15e        0x2 
 .rodata.str1.4
                0x0800d160        0x2 d:/tools/stm32/gcc-arm/gcc-arm-none-eabi-10.3-2021.10/bin/../lib/gcc/arm-none-eabi/10.3.1/../../../../arm-none-eabi/lib/thumb/v7-m/nofp\libg.a(lib_a-locale.o)
 *fill*         0x0800d162        0x2 
 .rodata._ctype_
                0x0800d164      0x101 d:/tools/stm32/gcc-arm/gcc-arm-none-eabi-10.3-2021.10/bin/../lib/gcc/arm-none-eabi/10.3.1/../../../../arm-none-eabi/lib/thumb/v7-m/nofp\libg.a(lib_a-ctype_.o)
                0x0800d164                _ctype_
                0x0800d268                . = ALIGN (0x4)
 *fill*         0x0800d265        0x3 

.ARM.extab      0x0800d268        0x0
                0x0800d268                . = ALIGN (0x4)
 *(.ARM.extab* .gnu.linkonce.armextab.*)
                0x0800d268                . = ALIGN (0x4)

.ARM            0x0800d268        0x8
                0x0800d268                . = ALIGN (0x4)
                0x0800d268                __exidx_start = .
 *(.ARM.exidx*)
 .ARM.exidx     0x0800d268        0x8 d:/tools/stm32/gcc-arm/gcc-arm-none-eabi-10.3-2021.10/bin/../lib/gcc/arm-none-eabi/10.3.1/thumb/v7-m/nofp\libgcc.a(_udivmoddi4.o)
                0x0800d270                __exidx_end = .
                0x0800d270                . = ALIGN (0x4)

.rel.dyn        0x0800d270        0x0
 .rel.iplt      0x0800d270        0x0 d:/tools/stm32/gcc-arm/gcc-arm-none-eabi-10.3-2021.10/bin/../lib/gcc/arm-none-eabi/10.3.1/thumb/v7-m/nofp/crtbegin.o

.preinit_array  0x0800d270        0x0
                0x0800d270                . = ALIGN (0x4)
                0x0800d270                PROVIDE (__preinit_array_start = .)
 *(.preinit_array*)
                0x0800d270                PROVIDE (__preinit_array_end = .)
                0x0800d270                . = ALIGN (0x4)

.init_array     0x0800d270        0x8
                0x0800d270                . = ALIGN (0x4)
                0x0800d270                PROVIDE (__init_array_start = .)
 *(SORT_BY_NAME(.init_array.*))
 .init_array.00000
                0x0800d270        0x4 d:/tools/stm32/gcc-arm/gcc-arm-none-eabi-10.3-2021.10/bin/../lib/gcc/arm-none-eabi/10.3.1/../../../../arm-none-eabi/lib/thumb/v7-m/nofp\libg.a(lib_a-__call_atexit.o)
 *(.init_array*)
 .init_array    0x0800d274        0x4 d:/tools/stm32/gcc-arm/gcc-arm-none-eabi-10.3-2021.10/bin/../lib/gcc/arm-none-eabi/10.3.1/thumb/v7-m/nofp/crtbegin.o
                0x0800d278                PROVIDE (__init_array_end = .)
                0x0800d278                . = ALIGN (0x4)

.fini_array     0x0800d278        0x4
                0x0800d278                . = ALIGN (0x4)
                0x0800d278                PROVIDE (__fini_array_start = .)
 *(SORT_BY_NAME(.fini_array.*))
 *(.fini_array*)
 .fini_array    0x0800d278        0x4 d:/tools/stm32/gcc-arm/gcc-arm-none-eabi-10.3-2021.10/bin/../lib/gcc/arm-none-eabi/10.3.1/thumb/v7-m/nofp/crtbegin.o
                0x0800d27c                PROVIDE (__fini_array_end = .)
                0x0800d27c                . = ALIGN (0x4)
                0x0800d27c                _sidata = LOADADDR (.data)

.data           0x20000000      0xa10 load address 0x0800d27c
                0x20000000                . = ALIGN (0x4)
                0x20000000                _sdata = .
 *(.data)
 *(.data*)
 .data.charater_matrix
                0x20000000       0x20 CMakeFiles/Press_ADC.elf.dir/Core/Src/main.c.obj
                0x20000000                charater_matrix
 .data.SystemCoreClock
                0x20000020        0x4 CMakeFiles/Press_ADC.elf.dir/Core/Src/system_stm32f1xx.c.obj
                0x20000020                SystemCoreClock
 .data.uwTickPrio
                0x20000024        0x4 CMakeFiles/Press_ADC.elf.dir/Drivers/STM32F1xx_HAL_Driver/Src/stm32f1xx_hal.c.obj
                0x20000024                uwTickPrio
 .data.uwTickFreq
                0x20000028        0x1 CMakeFiles/Press_ADC.elf.dir/Drivers/STM32F1xx_HAL_Driver/Src/stm32f1xx_hal.c.obj
                0x20000028                uwTickFreq
 *fill*         0x20000029        0x3 
 .data.KFP_height
                0x2000002c       0x18 CMakeFiles/Press_ADC.elf.dir/My_code/ADC/HX711.c.obj
                0x2000002c                KFP_height
 .data.LCD_X_LENGTH
                0x20000044        0x2 CMakeFiles/Press_ADC.elf.dir/My_code/yehuo/bsp_ili9341_lcd.c.obj
                0x20000044                LCD_X_LENGTH
 .data.LCD_Y_LENGTH
                0x20000046        0x2 CMakeFiles/Press_ADC.elf.dir/My_code/yehuo/bsp_ili9341_lcd.c.obj
                0x20000046                LCD_Y_LENGTH
 .data.LCD_SCAN_MODE
                0x20000048        0x1 CMakeFiles/Press_ADC.elf.dir/My_code/yehuo/bsp_ili9341_lcd.c.obj
                0x20000048                LCD_SCAN_MODE
 *fill*         0x20000049        0x3 
 .data.LCD_Currentfonts
                0x2000004c        0x4 CMakeFiles/Press_ADC.elf.dir/My_code/yehuo/bsp_ili9341_lcd.c.obj
 .data.CurrentBackColor
                0x20000050        0x2 CMakeFiles/Press_ADC.elf.dir/My_code/yehuo/bsp_ili9341_lcd.c.obj
 *fill*         0x20000052        0x2 
 .data.SPITimeout
                0x20000054        0x4 CMakeFiles/Press_ADC.elf.dir/My_code/yehuo/bsp_spi_flash.c.obj
 .data.Font8x16
                0x20000058        0x8 CMakeFiles/Press_ADC.elf.dir/My_code/yehuo/fonts.c.obj
                0x20000058                Font8x16
 .data._impure_ptr
                0x20000060        0x4 d:/tools/stm32/gcc-arm/gcc-arm-none-eabi-10.3-2021.10/bin/../lib/gcc/arm-none-eabi/10.3.1/../../../../arm-none-eabi/lib/thumb/v7-m/nofp\libg.a(lib_a-impure.o)
                0x20000060                _impure_ptr
 *fill*         0x20000064        0x4 
 .data.impure_data
                0x20000068      0x428 d:/tools/stm32/gcc-arm/gcc-arm-none-eabi-10.3-2021.10/bin/../lib/gcc/arm-none-eabi/10.3.1/../../../../arm-none-eabi/lib/thumb/v7-m/nofp\libg.a(lib_a-impure.o)
 .data.__atexit_recursive_mutex
                0x20000490        0x4 d:/tools/stm32/gcc-arm/gcc-arm-none-eabi-10.3-2021.10/bin/../lib/gcc/arm-none-eabi/10.3.1/../../../../arm-none-eabi/lib/thumb/v7-m/nofp\libg.a(lib_a-__call_atexit.o)
                0x20000490                __atexit_recursive_mutex
 .data.__malloc_av_
                0x20000494      0x408 d:/tools/stm32/gcc-arm/gcc-arm-none-eabi-10.3-2021.10/bin/../lib/gcc/arm-none-eabi/10.3.1/../../../../arm-none-eabi/lib/thumb/v7-m/nofp\libg.a(lib_a-mallocr.o)
                0x20000494                __malloc_av_
 .data.__malloc_sbrk_base
                0x2000089c        0x4 d:/tools/stm32/gcc-arm/gcc-arm-none-eabi-10.3-2021.10/bin/../lib/gcc/arm-none-eabi/10.3.1/../../../../arm-none-eabi/lib/thumb/v7-m/nofp\libg.a(lib_a-mallocr.o)
                0x2000089c                __malloc_sbrk_base
 .data.__malloc_trim_threshold
                0x200008a0        0x4 d:/tools/stm32/gcc-arm/gcc-arm-none-eabi-10.3-2021.10/bin/../lib/gcc/arm-none-eabi/10.3.1/../../../../arm-none-eabi/lib/thumb/v7-m/nofp\libg.a(lib_a-mallocr.o)
                0x200008a0                __malloc_trim_threshold
 .data.__global_locale
                0x200008a4      0x16c d:/tools/stm32/gcc-arm/gcc-arm-none-eabi-10.3-2021.10/bin/../lib/gcc/arm-none-eabi/10.3.1/../../../../arm-none-eabi/lib/thumb/v7-m/nofp\libg.a(lib_a-locale.o)
                0x200008a4                __global_locale
 *(.RamFunc)
 *(.RamFunc*)
                0x20000a10                . = ALIGN (0x4)
                0x20000a10                _edata = .

.igot.plt       0x20000a10        0x0 load address 0x0800dc8c
 .igot.plt      0x20000a10        0x0 d:/tools/stm32/gcc-arm/gcc-arm-none-eabi-10.3-2021.10/bin/../lib/gcc/arm-none-eabi/10.3.1/thumb/v7-m/nofp/crtbegin.o
                0x20000a10                . = ALIGN (0x4)

.bss            0x20000a10      0x270 load address 0x0800dc8c
                0x20000a10                _sbss = .
                0x20000a10                __bss_start__ = _sbss
 *(.bss)
 .bss           0x20000a10       0x1c d:/tools/stm32/gcc-arm/gcc-arm-none-eabi-10.3-2021.10/bin/../lib/gcc/arm-none-eabi/10.3.1/thumb/v7-m/nofp/crtbegin.o
 *(.bss*)
 .bss.dispBuff  0x20000a2c       0x64 CMakeFiles/Press_ADC.elf.dir/Core/Src/main.c.obj
 .bss.hspi1     0x20000a90       0x58 CMakeFiles/Press_ADC.elf.dir/Core/Src/spi.c.obj
                0x20000a90                hspi1
 .bss.__sbrk_heap_end
                0x20000ae8        0x4 CMakeFiles/Press_ADC.elf.dir/Core/Src/sysmem.c.obj
 .bss.htim2     0x20000aec       0x48 CMakeFiles/Press_ADC.elf.dir/Core/Src/tim.c.obj
                0x20000aec                htim2
 .bss.huart1    0x20000b34       0x48 CMakeFiles/Press_ADC.elf.dir/Core/Src/usart.c.obj
                0x20000b34                huart1
 .bss.uwTick    0x20000b7c        0x4 CMakeFiles/Press_ADC.elf.dir/Drivers/STM32F1xx_HAL_Driver/Src/stm32f1xx_hal.c.obj
                0x20000b7c                uwTick
 .bss.weight_zheng
                0x20000b80        0x4 CMakeFiles/Press_ADC.elf.dir/My_code/ADC/HX711.c.obj
                0x20000b80                weight_zheng
 .bss.weight_xiao
                0x20000b84        0x1 CMakeFiles/Press_ADC.elf.dir/My_code/ADC/HX711.c.obj
                0x20000b84                weight_xiao
 *fill*         0x20000b85        0x3 
 .bss.maopi     0x20000b88        0x4 CMakeFiles/Press_ADC.elf.dir/My_code/ADC/HX711.c.obj
                0x20000b88                maopi
 .bss.hx711     0x20000b8c        0x4 CMakeFiles/Press_ADC.elf.dir/My_code/ADC/HX711.c.obj
                0x20000b8c                hx711
 .bss.UartHandle
                0x20000b90       0x48 CMakeFiles/Press_ADC.elf.dir/My_code/yehuo/bsp_debug_usart.c.obj
                0x20000b90                UartHandle
 .bss.lcdid     0x20000bd8        0x2 CMakeFiles/Press_ADC.elf.dir/My_code/yehuo/bsp_ili9341_lcd.c.obj
                0x20000bd8                lcdid
 .bss.CurrentTextColor
                0x20000bda        0x2 CMakeFiles/Press_ADC.elf.dir/My_code/yehuo/bsp_ili9341_lcd.c.obj
 .bss.SpiHandle
                0x20000bdc       0x58 CMakeFiles/Press_ADC.elf.dir/My_code/yehuo/bsp_spi_flash.c.obj
                0x20000bdc                SpiHandle
 .bss.everRead.0
                0x20000c34        0x1 CMakeFiles/Press_ADC.elf.dir/My_code/yehuo/fonts.c.obj
 *fill*         0x20000c35        0x3 
 .bss.__lock___atexit_recursive_mutex
                0x20000c38        0x1 d:/tools/stm32/gcc-arm/gcc-arm-none-eabi-10.3-2021.10/bin/../lib/gcc/arm-none-eabi/10.3.1/../../../../arm-none-eabi/lib/thumb/v7-m/nofp\libg.a(lib_a-lock.o)
                0x20000c38                __lock___atexit_recursive_mutex
 *fill*         0x20000c39        0x3 
 .bss.__lock___malloc_recursive_mutex
                0x20000c3c        0x1 d:/tools/stm32/gcc-arm/gcc-arm-none-eabi-10.3-2021.10/bin/../lib/gcc/arm-none-eabi/10.3.1/../../../../arm-none-eabi/lib/thumb/v7-m/nofp\libg.a(lib_a-lock.o)
                0x20000c3c                __lock___malloc_recursive_mutex
 *fill*         0x20000c3d        0x3 
 .bss.__lock___sfp_recursive_mutex
                0x20000c40        0x1 d:/tools/stm32/gcc-arm/gcc-arm-none-eabi-10.3-2021.10/bin/../lib/gcc/arm-none-eabi/10.3.1/../../../../arm-none-eabi/lib/thumb/v7-m/nofp\libg.a(lib_a-lock.o)
                0x20000c40                __lock___sfp_recursive_mutex
 *fill*         0x20000c41        0x3 
 .bss.__lock___sinit_recursive_mutex
                0x20000c44        0x1 d:/tools/stm32/gcc-arm/gcc-arm-none-eabi-10.3-2021.10/bin/../lib/gcc/arm-none-eabi/10.3.1/../../../../arm-none-eabi/lib/thumb/v7-m/nofp\libg.a(lib_a-lock.o)
                0x20000c44                __lock___sinit_recursive_mutex
 *fill*         0x20000c45        0x3 
 .bss.__malloc_current_mallinfo
                0x20000c48       0x28 d:/tools/stm32/gcc-arm/gcc-arm-none-eabi-10.3-2021.10/bin/../lib/gcc/arm-none-eabi/10.3.1/../../../../arm-none-eabi/lib/thumb/v7-m/nofp\libg.a(lib_a-mallocr.o)
                0x20000c48                __malloc_current_mallinfo
 .bss.__malloc_max_sbrked_mem
                0x20000c70        0x4 d:/tools/stm32/gcc-arm/gcc-arm-none-eabi-10.3-2021.10/bin/../lib/gcc/arm-none-eabi/10.3.1/../../../../arm-none-eabi/lib/thumb/v7-m/nofp\libg.a(lib_a-mallocr.o)
                0x20000c70                __malloc_max_sbrked_mem
 .bss.__malloc_max_total_mem
                0x20000c74        0x4 d:/tools/stm32/gcc-arm/gcc-arm-none-eabi-10.3-2021.10/bin/../lib/gcc/arm-none-eabi/10.3.1/../../../../arm-none-eabi/lib/thumb/v7-m/nofp\libg.a(lib_a-mallocr.o)
                0x20000c74                __malloc_max_total_mem
 .bss.__malloc_top_pad
                0x20000c78        0x4 d:/tools/stm32/gcc-arm/gcc-arm-none-eabi-10.3-2021.10/bin/../lib/gcc/arm-none-eabi/10.3.1/../../../../arm-none-eabi/lib/thumb/v7-m/nofp\libg.a(lib_a-mallocr.o)
                0x20000c78                __malloc_top_pad
 .bss.errno     0x20000c7c        0x4 d:/tools/stm32/gcc-arm/gcc-arm-none-eabi-10.3-2021.10/bin/../lib/gcc/arm-none-eabi/10.3.1/../../../../arm-none-eabi/lib/thumb/v7-m/nofp\libg.a(lib_a-reent.o)
                0x20000c7c                errno
 *(COMMON)
                0x20000c80                . = ALIGN (0x4)
                0x20000c80                _ebss = .
                0x20000c80                __bss_end__ = _ebss

._user_heap_stack
                0x20000c80      0x600 load address 0x0800dc8c
                0x20000c80                . = ALIGN (0x8)
                [!provide]                PROVIDE (end = .)
                0x20000c80                PROVIDE (_end = .)
                0x20000e80                . = (. + _Min_Heap_Size)
 *fill*         0x20000c80      0x200 
                0x20001280                . = (. + _Min_Stack_Size)
 *fill*         0x20000e80      0x400 
                0x20001280                . = ALIGN (0x8)

/DISCARD/
 libc.a(*)
 libm.a(*)
 libgcc.a(*)

.ARM.attributes
                0x00000000       0x29
 *(.ARM.attributes)
 .ARM.attributes
                0x00000000       0x1d d:/tools/stm32/gcc-arm/gcc-arm-none-eabi-10.3-2021.10/bin/../lib/gcc/arm-none-eabi/10.3.1/thumb/v7-m/nofp/crti.o
 .ARM.attributes
                0x0000001d       0x2d d:/tools/stm32/gcc-arm/gcc-arm-none-eabi-10.3-2021.10/bin/../lib/gcc/arm-none-eabi/10.3.1/thumb/v7-m/nofp/crtbegin.o
 .ARM.attributes
                0x0000004a       0x2d CMakeFiles/Press_ADC.elf.dir/Core/Src/gpio.c.obj
 .ARM.attributes
                0x00000077       0x2d CMakeFiles/Press_ADC.elf.dir/Core/Src/main.c.obj
 .ARM.attributes
                0x000000a4       0x2d CMakeFiles/Press_ADC.elf.dir/Core/Src/spi.c.obj
 .ARM.attributes
                0x000000d1       0x2d CMakeFiles/Press_ADC.elf.dir/Core/Src/stm32f1xx_hal_msp.c.obj
 .ARM.attributes
                0x000000fe       0x2d CMakeFiles/Press_ADC.elf.dir/Core/Src/stm32f1xx_it.c.obj
 .ARM.attributes
                0x0000012b       0x2d CMakeFiles/Press_ADC.elf.dir/Core/Src/syscalls.c.obj
 .ARM.attributes
                0x00000158       0x2d CMakeFiles/Press_ADC.elf.dir/Core/Src/sysmem.c.obj
 .ARM.attributes
                0x00000185       0x2d CMakeFiles/Press_ADC.elf.dir/Core/Src/system_stm32f1xx.c.obj
 .ARM.attributes
                0x000001b2       0x2d CMakeFiles/Press_ADC.elf.dir/Core/Src/tim.c.obj
 .ARM.attributes
                0x000001df       0x2d CMakeFiles/Press_ADC.elf.dir/Core/Src/usart.c.obj
 .ARM.attributes
                0x0000020c       0x21 CMakeFiles/Press_ADC.elf.dir/Core/Startup/startup_stm32f103rctx.s.obj
 .ARM.attributes
                0x0000022d       0x2d CMakeFiles/Press_ADC.elf.dir/Drivers/STM32F1xx_HAL_Driver/Src/stm32f1xx_hal.c.obj
 .ARM.attributes
                0x0000025a       0x2d CMakeFiles/Press_ADC.elf.dir/Drivers/STM32F1xx_HAL_Driver/Src/stm32f1xx_hal_cortex.c.obj
 .ARM.attributes
                0x00000287       0x2d CMakeFiles/Press_ADC.elf.dir/Drivers/STM32F1xx_HAL_Driver/Src/stm32f1xx_hal_gpio.c.obj
 .ARM.attributes
                0x000002b4       0x2d CMakeFiles/Press_ADC.elf.dir/Drivers/STM32F1xx_HAL_Driver/Src/stm32f1xx_hal_rcc.c.obj
 .ARM.attributes
                0x000002e1       0x2d CMakeFiles/Press_ADC.elf.dir/Drivers/STM32F1xx_HAL_Driver/Src/stm32f1xx_hal_spi.c.obj
 .ARM.attributes
                0x0000030e       0x2d CMakeFiles/Press_ADC.elf.dir/Drivers/STM32F1xx_HAL_Driver/Src/stm32f1xx_hal_tim.c.obj
 .ARM.attributes
                0x0000033b       0x2d CMakeFiles/Press_ADC.elf.dir/Drivers/STM32F1xx_HAL_Driver/Src/stm32f1xx_hal_tim_ex.c.obj
 .ARM.attributes
                0x00000368       0x2d CMakeFiles/Press_ADC.elf.dir/Drivers/STM32F1xx_HAL_Driver/Src/stm32f1xx_hal_uart.c.obj
 .ARM.attributes
                0x00000395       0x2d CMakeFiles/Press_ADC.elf.dir/My_code/ADC/HX711.c.obj
 .ARM.attributes
                0x000003c2       0x2d CMakeFiles/Press_ADC.elf.dir/My_code/ADC/kalman.c.obj
 .ARM.attributes
                0x000003ef       0x2d CMakeFiles/Press_ADC.elf.dir/My_code/yehuo/bsp_debug_usart.c.obj
 .ARM.attributes
                0x0000041c       0x2d CMakeFiles/Press_ADC.elf.dir/My_code/yehuo/bsp_ili9341_lcd.c.obj
 .ARM.attributes
                0x00000449       0x2d CMakeFiles/Press_ADC.elf.dir/My_code/yehuo/bsp_led.c.obj
 .ARM.attributes
                0x00000476       0x2d CMakeFiles/Press_ADC.elf.dir/My_code/yehuo/bsp_spi_flash.c.obj
 .ARM.attributes
                0x000004a3       0x2d CMakeFiles/Press_ADC.elf.dir/My_code/yehuo/fonts.c.obj
 .ARM.attributes
                0x000004d0       0x1d d:/tools/stm32/gcc-arm/gcc-arm-none-eabi-10.3-2021.10/bin/../lib/gcc/arm-none-eabi/10.3.1/thumb/v7-m/nofp\libgcc.a(_arm_addsubsf3.o)
 .ARM.attributes
                0x000004ed       0x1d d:/tools/stm32/gcc-arm/gcc-arm-none-eabi-10.3-2021.10/bin/../lib/gcc/arm-none-eabi/10.3.1/thumb/v7-m/nofp\libgcc.a(_arm_muldivsf3.o)
 .ARM.attributes
                0x0000050a       0x1d d:/tools/stm32/gcc-arm/gcc-arm-none-eabi-10.3-2021.10/bin/../lib/gcc/arm-none-eabi/10.3.1/thumb/v7-m/nofp\libgcc.a(_arm_cmpsf2.o)
 .ARM.attributes
                0x00000527       0x1d d:/tools/stm32/gcc-arm/gcc-arm-none-eabi-10.3-2021.10/bin/../lib/gcc/arm-none-eabi/10.3.1/thumb/v7-m/nofp\libgcc.a(_arm_fixunssfsi.o)
 .ARM.attributes
                0x00000544       0x2d d:/tools/stm32/gcc-arm/gcc-arm-none-eabi-10.3-2021.10/bin/../lib/gcc/arm-none-eabi/10.3.1/../../../../arm-none-eabi/lib/thumb/v7-m/nofp\libg.a(lib_a-errno.o)
 .ARM.attributes
                0x00000571       0x2d d:/tools/stm32/gcc-arm/gcc-arm-none-eabi-10.3-2021.10/bin/../lib/gcc/arm-none-eabi/10.3.1/../../../../arm-none-eabi/lib/thumb/v7-m/nofp\libg.a(lib_a-impure.o)
 .ARM.attributes
                0x0000059e       0x2d d:/tools/stm32/gcc-arm/gcc-arm-none-eabi-10.3-2021.10/bin/../lib/gcc/arm-none-eabi/10.3.1/../../../../arm-none-eabi/lib/thumb/v7-m/nofp\libg.a(lib_a-init.o)
 .ARM.attributes
                0x000005cb       0x2d d:/tools/stm32/gcc-arm/gcc-arm-none-eabi-10.3-2021.10/bin/../lib/gcc/arm-none-eabi/10.3.1/../../../../arm-none-eabi/lib/thumb/v7-m/nofp\libg.a(lib_a-memset.o)
 .ARM.attributes
                0x000005f8       0x2d d:/tools/stm32/gcc-arm/gcc-arm-none-eabi-10.3-2021.10/bin/../lib/gcc/arm-none-eabi/10.3.1/../../../../arm-none-eabi/lib/thumb/v7-m/nofp\libg.a(lib_a-printf.o)
 .ARM.attributes
                0x00000625       0x2d d:/tools/stm32/gcc-arm/gcc-arm-none-eabi-10.3-2021.10/bin/../lib/gcc/arm-none-eabi/10.3.1/../../../../arm-none-eabi/lib/thumb/v7-m/nofp\libg.a(lib_a-putchar.o)
 .ARM.attributes
                0x00000652       0x2d d:/tools/stm32/gcc-arm/gcc-arm-none-eabi-10.3-2021.10/bin/../lib/gcc/arm-none-eabi/10.3.1/../../../../arm-none-eabi/lib/thumb/v7-m/nofp\libg.a(lib_a-puts.o)
 .ARM.attributes
                0x0000067f       0x2d d:/tools/stm32/gcc-arm/gcc-arm-none-eabi-10.3-2021.10/bin/../lib/gcc/arm-none-eabi/10.3.1/../../../../arm-none-eabi/lib/thumb/v7-m/nofp\libg.a(lib_a-sprintf.o)
 .ARM.attributes
                0x000006ac       0x2d d:/tools/stm32/gcc-arm/gcc-arm-none-eabi-10.3-2021.10/bin/../lib/gcc/arm-none-eabi/10.3.1/../../../../arm-none-eabi/lib/thumb/v7-m/nofp\libg.a(lib_a-strlen-stub.o)
 .ARM.attributes
                0x000006d9       0x2d d:/tools/stm32/gcc-arm/gcc-arm-none-eabi-10.3-2021.10/bin/../lib/gcc/arm-none-eabi/10.3.1/../../../../arm-none-eabi/lib/thumb/v7-m/nofp\libg.a(lib_a-svfprintf.o)
 .ARM.attributes
                0x00000706       0x2d d:/tools/stm32/gcc-arm/gcc-arm-none-eabi-10.3-2021.10/bin/../lib/gcc/arm-none-eabi/10.3.1/../../../../arm-none-eabi/lib/thumb/v7-m/nofp\libg.a(lib_a-vfprintf.o)
 .ARM.attributes
                0x00000733       0x2d d:/tools/stm32/gcc-arm/gcc-arm-none-eabi-10.3-2021.10/bin/../lib/gcc/arm-none-eabi/10.3.1/../../../../arm-none-eabi/lib/thumb/v7-m/nofp\libg.a(lib_a-wsetup.o)
 .ARM.attributes
                0x00000760       0x2d d:/tools/stm32/gcc-arm/gcc-arm-none-eabi-10.3-2021.10/bin/../lib/gcc/arm-none-eabi/10.3.1/../../../../arm-none-eabi/lib/thumb/v7-m/nofp\libg.a(lib_a-__call_atexit.o)
 .ARM.attributes
                0x0000078d       0x2d d:/tools/stm32/gcc-arm/gcc-arm-none-eabi-10.3-2021.10/bin/../lib/gcc/arm-none-eabi/10.3.1/../../../../arm-none-eabi/lib/thumb/v7-m/nofp\libg.a(lib_a-atexit.o)
 .ARM.attributes
                0x000007ba       0x2d d:/tools/stm32/gcc-arm/gcc-arm-none-eabi-10.3-2021.10/bin/../lib/gcc/arm-none-eabi/10.3.1/../../../../arm-none-eabi/lib/thumb/v7-m/nofp\libg.a(lib_a-dtoa.o)
 .ARM.attributes
                0x000007e7       0x2d d:/tools/stm32/gcc-arm/gcc-arm-none-eabi-10.3-2021.10/bin/../lib/gcc/arm-none-eabi/10.3.1/../../../../arm-none-eabi/lib/thumb/v7-m/nofp\libg.a(lib_a-fflush.o)
 .ARM.attributes
                0x00000814       0x2d d:/tools/stm32/gcc-arm/gcc-arm-none-eabi-10.3-2021.10/bin/../lib/gcc/arm-none-eabi/10.3.1/../../../../arm-none-eabi/lib/thumb/v7-m/nofp\libg.a(lib_a-findfp.o)
 .ARM.attributes
                0x00000841       0x2d d:/tools/stm32/gcc-arm/gcc-arm-none-eabi-10.3-2021.10/bin/../lib/gcc/arm-none-eabi/10.3.1/../../../../arm-none-eabi/lib/thumb/v7-m/nofp\libg.a(lib_a-fini.o)
 .ARM.attributes
                0x0000086e       0x2d d:/tools/stm32/gcc-arm/gcc-arm-none-eabi-10.3-2021.10/bin/../lib/gcc/arm-none-eabi/10.3.1/../../../../arm-none-eabi/lib/thumb/v7-m/nofp\libg.a(lib_a-freer.o)
 .ARM.attributes
                0x0000089b       0x2d d:/tools/stm32/gcc-arm/gcc-arm-none-eabi-10.3-2021.10/bin/../lib/gcc/arm-none-eabi/10.3.1/../../../../arm-none-eabi/lib/thumb/v7-m/nofp\libg.a(lib_a-fvwrite.o)
 .ARM.attributes
                0x000008c8       0x2d d:/tools/stm32/gcc-arm/gcc-arm-none-eabi-10.3-2021.10/bin/../lib/gcc/arm-none-eabi/10.3.1/../../../../arm-none-eabi/lib/thumb/v7-m/nofp\libg.a(lib_a-fwalk.o)
 .ARM.attributes
                0x000008f5       0x2d d:/tools/stm32/gcc-arm/gcc-arm-none-eabi-10.3-2021.10/bin/../lib/gcc/arm-none-eabi/10.3.1/../../../../arm-none-eabi/lib/thumb/v7-m/nofp\libg.a(lib_a-localeconv.o)
 .ARM.attributes
                0x00000922       0x2d d:/tools/stm32/gcc-arm/gcc-arm-none-eabi-10.3-2021.10/bin/../lib/gcc/arm-none-eabi/10.3.1/../../../../arm-none-eabi/lib/thumb/v7-m/nofp\libg.a(lib_a-lock.o)
 .ARM.attributes
                0x0000094f       0x2d d:/tools/stm32/gcc-arm/gcc-arm-none-eabi-10.3-2021.10/bin/../lib/gcc/arm-none-eabi/10.3.1/../../../../arm-none-eabi/lib/thumb/v7-m/nofp\libg.a(lib_a-makebuf.o)
 .ARM.attributes
                0x0000097c       0x2d d:/tools/stm32/gcc-arm/gcc-arm-none-eabi-10.3-2021.10/bin/../lib/gcc/arm-none-eabi/10.3.1/../../../../arm-none-eabi/lib/thumb/v7-m/nofp\libg.a(lib_a-mallocr.o)
 .ARM.attributes
                0x000009a9       0x2d d:/tools/stm32/gcc-arm/gcc-arm-none-eabi-10.3-2021.10/bin/../lib/gcc/arm-none-eabi/10.3.1/../../../../arm-none-eabi/lib/thumb/v7-m/nofp\libg.a(lib_a-memchr-stub.o)
 .ARM.attributes
                0x000009d6       0x1b d:/tools/stm32/gcc-arm/gcc-arm-none-eabi-10.3-2021.10/bin/../lib/gcc/arm-none-eabi/10.3.1/../../../../arm-none-eabi/lib/thumb/v7-m/nofp\libg.a(lib_a-memcpy.o)
 .ARM.attributes
                0x000009f1       0x2d d:/tools/stm32/gcc-arm/gcc-arm-none-eabi-10.3-2021.10/bin/../lib/gcc/arm-none-eabi/10.3.1/../../../../arm-none-eabi/lib/thumb/v7-m/nofp\libg.a(lib_a-memmove.o)
 .ARM.attributes
                0x00000a1e       0x2d d:/tools/stm32/gcc-arm/gcc-arm-none-eabi-10.3-2021.10/bin/../lib/gcc/arm-none-eabi/10.3.1/../../../../arm-none-eabi/lib/thumb/v7-m/nofp\libg.a(lib_a-mlock.o)
 .ARM.attributes
                0x00000a4b       0x2d d:/tools/stm32/gcc-arm/gcc-arm-none-eabi-10.3-2021.10/bin/../lib/gcc/arm-none-eabi/10.3.1/../../../../arm-none-eabi/lib/thumb/v7-m/nofp\libg.a(lib_a-mprec.o)
 .ARM.attributes
                0x00000a78       0x2d d:/tools/stm32/gcc-arm/gcc-arm-none-eabi-10.3-2021.10/bin/../lib/gcc/arm-none-eabi/10.3.1/../../../../arm-none-eabi/lib/thumb/v7-m/nofp\libg.a(lib_a-putc.o)
 .ARM.attributes
                0x00000aa5       0x2d d:/tools/stm32/gcc-arm/gcc-arm-none-eabi-10.3-2021.10/bin/../lib/gcc/arm-none-eabi/10.3.1/../../../../arm-none-eabi/lib/thumb/v7-m/nofp\libg.a(lib_a-reallocr.o)
 .ARM.attributes
                0x00000ad2       0x2d d:/tools/stm32/gcc-arm/gcc-arm-none-eabi-10.3-2021.10/bin/../lib/gcc/arm-none-eabi/10.3.1/../../../../arm-none-eabi/lib/thumb/v7-m/nofp\libg.a(lib_a-s_frexp.o)
 .ARM.attributes
                0x00000aff       0x2d d:/tools/stm32/gcc-arm/gcc-arm-none-eabi-10.3-2021.10/bin/../lib/gcc/arm-none-eabi/10.3.1/../../../../arm-none-eabi/lib/thumb/v7-m/nofp\libg.a(lib_a-sbrkr.o)
 .ARM.attributes
                0x00000b2c       0x2d d:/tools/stm32/gcc-arm/gcc-arm-none-eabi-10.3-2021.10/bin/../lib/gcc/arm-none-eabi/10.3.1/../../../../arm-none-eabi/lib/thumb/v7-m/nofp\libg.a(lib_a-stdio.o)
 .ARM.attributes
                0x00000b59       0x2d d:/tools/stm32/gcc-arm/gcc-arm-none-eabi-10.3-2021.10/bin/../lib/gcc/arm-none-eabi/10.3.1/../../../../arm-none-eabi/lib/thumb/v7-m/nofp\libg.a(lib_a-strncpy.o)
 .ARM.attributes
                0x00000b86       0x2d d:/tools/stm32/gcc-arm/gcc-arm-none-eabi-10.3-2021.10/bin/../lib/gcc/arm-none-eabi/10.3.1/../../../../arm-none-eabi/lib/thumb/v7-m/nofp\libg.a(lib_a-svfiprintf.o)
 .ARM.attributes
                0x00000bb3       0x2d d:/tools/stm32/gcc-arm/gcc-arm-none-eabi-10.3-2021.10/bin/../lib/gcc/arm-none-eabi/10.3.1/../../../../arm-none-eabi/lib/thumb/v7-m/nofp\libg.a(lib_a-vfiprintf.o)
 .ARM.attributes
                0x00000be0       0x2d d:/tools/stm32/gcc-arm/gcc-arm-none-eabi-10.3-2021.10/bin/../lib/gcc/arm-none-eabi/10.3.1/../../../../arm-none-eabi/lib/thumb/v7-m/nofp\libg.a(lib_a-wbuf.o)
 .ARM.attributes
                0x00000c0d       0x2d d:/tools/stm32/gcc-arm/gcc-arm-none-eabi-10.3-2021.10/bin/../lib/gcc/arm-none-eabi/10.3.1/../../../../arm-none-eabi/lib/thumb/v7-m/nofp\libg.a(lib_a-writer.o)
 .ARM.attributes
                0x00000c3a       0x2d d:/tools/stm32/gcc-arm/gcc-arm-none-eabi-10.3-2021.10/bin/../lib/gcc/arm-none-eabi/10.3.1/../../../../arm-none-eabi/lib/thumb/v7-m/nofp\libg.a(lib_a-__atexit.o)
 .ARM.attributes
                0x00000c67       0x2d d:/tools/stm32/gcc-arm/gcc-arm-none-eabi-10.3-2021.10/bin/../lib/gcc/arm-none-eabi/10.3.1/../../../../arm-none-eabi/lib/thumb/v7-m/nofp\libg.a(lib_a-assert.o)
 .ARM.attributes
                0x00000c94       0x2d d:/tools/stm32/gcc-arm/gcc-arm-none-eabi-10.3-2021.10/bin/../lib/gcc/arm-none-eabi/10.3.1/../../../../arm-none-eabi/lib/thumb/v7-m/nofp\libg.a(lib_a-callocr.o)
 .ARM.attributes
                0x00000cc1       0x2d d:/tools/stm32/gcc-arm/gcc-arm-none-eabi-10.3-2021.10/bin/../lib/gcc/arm-none-eabi/10.3.1/../../../../arm-none-eabi/lib/thumb/v7-m/nofp\libg.a(lib_a-closer.o)
 .ARM.attributes
                0x00000cee       0x2d d:/tools/stm32/gcc-arm/gcc-arm-none-eabi-10.3-2021.10/bin/../lib/gcc/arm-none-eabi/10.3.1/../../../../arm-none-eabi/lib/thumb/v7-m/nofp\libg.a(lib_a-fclose.o)
 .ARM.attributes
                0x00000d1b       0x2d d:/tools/stm32/gcc-arm/gcc-arm-none-eabi-10.3-2021.10/bin/../lib/gcc/arm-none-eabi/10.3.1/../../../../arm-none-eabi/lib/thumb/v7-m/nofp\libg.a(lib_a-fiprintf.o)
 .ARM.attributes
                0x00000d48       0x2d d:/tools/stm32/gcc-arm/gcc-arm-none-eabi-10.3-2021.10/bin/../lib/gcc/arm-none-eabi/10.3.1/../../../../arm-none-eabi/lib/thumb/v7-m/nofp\libg.a(lib_a-fputwc.o)
 .ARM.attributes
                0x00000d75       0x2d d:/tools/stm32/gcc-arm/gcc-arm-none-eabi-10.3-2021.10/bin/../lib/gcc/arm-none-eabi/10.3.1/../../../../arm-none-eabi/lib/thumb/v7-m/nofp\libg.a(lib_a-fstatr.o)
 .ARM.attributes
                0x00000da2       0x2d d:/tools/stm32/gcc-arm/gcc-arm-none-eabi-10.3-2021.10/bin/../lib/gcc/arm-none-eabi/10.3.1/../../../../arm-none-eabi/lib/thumb/v7-m/nofp\libg.a(lib_a-isattyr.o)
 .ARM.attributes
                0x00000dcf       0x2d d:/tools/stm32/gcc-arm/gcc-arm-none-eabi-10.3-2021.10/bin/../lib/gcc/arm-none-eabi/10.3.1/../../../../arm-none-eabi/lib/thumb/v7-m/nofp\libg.a(lib_a-locale.o)
 .ARM.attributes
                0x00000dfc       0x2d d:/tools/stm32/gcc-arm/gcc-arm-none-eabi-10.3-2021.10/bin/../lib/gcc/arm-none-eabi/10.3.1/../../../../arm-none-eabi/lib/thumb/v7-m/nofp\libg.a(lib_a-lseekr.o)
 .ARM.attributes
                0x00000e29       0x2d d:/tools/stm32/gcc-arm/gcc-arm-none-eabi-10.3-2021.10/bin/../lib/gcc/arm-none-eabi/10.3.1/../../../../arm-none-eabi/lib/thumb/v7-m/nofp\libg.a(lib_a-mbtowc_r.o)
 .ARM.attributes
                0x00000e56       0x2d d:/tools/stm32/gcc-arm/gcc-arm-none-eabi-10.3-2021.10/bin/../lib/gcc/arm-none-eabi/10.3.1/../../../../arm-none-eabi/lib/thumb/v7-m/nofp\libg.a(lib_a-readr.o)
 .ARM.attributes
                0x00000e83       0x2d d:/tools/stm32/gcc-arm/gcc-arm-none-eabi-10.3-2021.10/bin/../lib/gcc/arm-none-eabi/10.3.1/../../../../arm-none-eabi/lib/thumb/v7-m/nofp\libg.a(lib_a-reent.o)
 .ARM.attributes
                0x00000eb0       0x2d d:/tools/stm32/gcc-arm/gcc-arm-none-eabi-10.3-2021.10/bin/../lib/gcc/arm-none-eabi/10.3.1/../../../../arm-none-eabi/lib/thumb/v7-m/nofp\libg.a(lib_a-wcrtomb.o)
 .ARM.attributes
                0x00000edd       0x2d d:/tools/stm32/gcc-arm/gcc-arm-none-eabi-10.3-2021.10/bin/../lib/gcc/arm-none-eabi/10.3.1/../../../../arm-none-eabi/lib/thumb/v7-m/nofp\libg.a(lib_a-wctomb_r.o)
 .ARM.attributes
                0x00000f0a       0x2d d:/tools/stm32/gcc-arm/gcc-arm-none-eabi-10.3-2021.10/bin/../lib/gcc/arm-none-eabi/10.3.1/../../../../arm-none-eabi/lib/thumb/v7-m/nofp\libg.a(lib_a-abort.o)
 .ARM.attributes
                0x00000f37       0x2d d:/tools/stm32/gcc-arm/gcc-arm-none-eabi-10.3-2021.10/bin/../lib/gcc/arm-none-eabi/10.3.1/../../../../arm-none-eabi/lib/thumb/v7-m/nofp\libg.a(lib_a-ctype_.o)
 .ARM.attributes
                0x00000f64       0x2d d:/tools/stm32/gcc-arm/gcc-arm-none-eabi-10.3-2021.10/bin/../lib/gcc/arm-none-eabi/10.3.1/../../../../arm-none-eabi/lib/thumb/v7-m/nofp\libg.a(lib_a-signal.o)
 .ARM.attributes
                0x00000f91       0x2d d:/tools/stm32/gcc-arm/gcc-arm-none-eabi-10.3-2021.10/bin/../lib/gcc/arm-none-eabi/10.3.1/../../../../arm-none-eabi/lib/thumb/v7-m/nofp\libg.a(lib_a-signalr.o)
 .ARM.attributes
                0x00000fbe       0x1d d:/tools/stm32/gcc-arm/gcc-arm-none-eabi-10.3-2021.10/bin/../lib/gcc/arm-none-eabi/10.3.1/thumb/v7-m/nofp\libgcc.a(_arm_addsubdf3.o)
 .ARM.attributes
                0x00000fdb       0x1d d:/tools/stm32/gcc-arm/gcc-arm-none-eabi-10.3-2021.10/bin/../lib/gcc/arm-none-eabi/10.3.1/thumb/v7-m/nofp\libgcc.a(_arm_muldivdf3.o)
 .ARM.attributes
                0x00000ff8       0x1d d:/tools/stm32/gcc-arm/gcc-arm-none-eabi-10.3-2021.10/bin/../lib/gcc/arm-none-eabi/10.3.1/thumb/v7-m/nofp\libgcc.a(_arm_cmpdf2.o)
 .ARM.attributes