Archive member included to satisfy reference by file (symbol)

d:/tools/stm32/gcc-arm/gcc-arm-none-eabi-10.3-2021.10/bin/../lib/gcc/arm-none-eabi/10.3.1/../../../../arm-none-eabi/lib/thumb/v7-m/nofp\libg.a(lib_a-errno.o)
                              CMakeFiles/Press_ADC.elf.dir/Core/Src/syscalls.c.obj (__errno)
d:/tools/stm32/gcc-arm/gcc-arm-none-eabi-10.3-2021.10/bin/../lib/gcc/arm-none-eabi/10.3.1/../../../../arm-none-eabi/lib/thumb/v7-m/nofp\libg.a(lib_a-exit.o)
                              d:/tools/stm32/gcc-arm/gcc-arm-none-eabi-10.3-2021.10/bin/../lib/gcc/arm-none-eabi/10.3.1/../../../../arm-none-eabi/lib/thumb/v7-m/nofp/crt0.o (exit)
d:/tools/stm32/gcc-arm/gcc-arm-none-eabi-10.3-2021.10/bin/../lib/gcc/arm-none-eabi/10.3.1/../../../../arm-none-eabi/lib/thumb/v7-m/nofp\libg.a(lib_a-impure.o)
                              d:/tools/stm32/gcc-arm/gcc-arm-none-eabi-10.3-2021.10/bin/../lib/gcc/arm-none-eabi/10.3.1/../../../../arm-none-eabi/lib/thumb/v7-m/nofp\libg.a(lib_a-exit.o) (_global_impure_ptr)
d:/tools/stm32/gcc-arm/gcc-arm-none-eabi-10.3-2021.10/bin/../lib/gcc/arm-none-eabi/10.3.1/../../../../arm-none-eabi/lib/thumb/v7-m/nofp\libg.a(lib_a-init.o)
                              d:/tools/stm32/gcc-arm/gcc-arm-none-eabi-10.3-2021.10/bin/../lib/gcc/arm-none-eabi/10.3.1/../../../../arm-none-eabi/lib/thumb/v7-m/nofp/crt0.o (__libc_init_array)
d:/tools/stm32/gcc-arm/gcc-arm-none-eabi-10.3-2021.10/bin/../lib/gcc/arm-none-eabi/10.3.1/../../../../arm-none-eabi/lib/thumb/v7-m/nofp\libg.a(lib_a-memset.o)
                              d:/tools/stm32/gcc-arm/gcc-arm-none-eabi-10.3-2021.10/bin/../lib/gcc/arm-none-eabi/10.3.1/../../../../arm-none-eabi/lib/thumb/v7-m/nofp/crt0.o (memset)
d:/tools/stm32/gcc-arm/gcc-arm-none-eabi-10.3-2021.10/bin/../lib/gcc/arm-none-eabi/10.3.1/../../../../arm-none-eabi/lib/thumb/v7-m/nofp\libg.a(lib_a-printf.o)
                              CMakeFiles/Press_ADC.elf.dir/My_code/yehuo/bsp_spi_flash.c.obj (printf)
d:/tools/stm32/gcc-arm/gcc-arm-none-eabi-10.3-2021.10/bin/../lib/gcc/arm-none-eabi/10.3.1/../../../../arm-none-eabi/lib/thumb/v7-m/nofp\libg.a(lib_a-putchar.o)
                              CMakeFiles/Press_ADC.elf.dir/Core/Src/main.c.obj (putchar)
d:/tools/stm32/gcc-arm/gcc-arm-none-eabi-10.3-2021.10/bin/../lib/gcc/arm-none-eabi/10.3.1/../../../../arm-none-eabi/lib/thumb/v7-m/nofp\libg.a(lib_a-puts.o)
                              CMakeFiles/Press_ADC.elf.dir/Core/Src/main.c.obj (puts)
d:/tools/stm32/gcc-arm/gcc-arm-none-eabi-10.3-2021.10/bin/../lib/gcc/arm-none-eabi/10.3.1/../../../../arm-none-eabi/lib/thumb/v7-m/nofp\libg.a(lib_a-sprintf.o)
                              CMakeFiles/Press_ADC.elf.dir/Core/Src/main.c.obj (sprintf)
d:/tools/stm32/gcc-arm/gcc-arm-none-eabi-10.3-2021.10/bin/../lib/gcc/arm-none-eabi/10.3.1/../../../../arm-none-eabi/lib/thumb/v7-m/nofp\libg.a(lib_a-strlen-stub.o)
                              d:/tools/stm32/gcc-arm/gcc-arm-none-eabi-10.3-2021.10/bin/../lib/gcc/arm-none-eabi/10.3.1/../../../../arm-none-eabi/lib/thumb/v7-m/nofp\libg.a(lib_a-puts.o) (strlen)
d:/tools/stm32/gcc-arm/gcc-arm-none-eabi-10.3-2021.10/bin/../lib/gcc/arm-none-eabi/10.3.1/../../../../arm-none-eabi/lib/thumb/v7-m/nofp\libg.a(lib_a-svfprintf.o)
                              d:/tools/stm32/gcc-arm/gcc-arm-none-eabi-10.3-2021.10/bin/../lib/gcc/arm-none-eabi/10.3.1/../../../../arm-none-eabi/lib/thumb/v7-m/nofp\libg.a(lib_a-sprintf.o) (_svfprintf_r)
d:/tools/stm32/gcc-arm/gcc-arm-none-eabi-10.3-2021.10/bin/../lib/gcc/arm-none-eabi/10.3.1/../../../../arm-none-eabi/lib/thumb/v7-m/nofp\libg.a(lib_a-vfprintf.o)
                              d:/tools/stm32/gcc-arm/gcc-arm-none-eabi-10.3-2021.10/bin/../lib/gcc/arm-none-eabi/10.3.1/../../../../arm-none-eabi/lib/thumb/v7-m/nofp\libg.a(lib_a-printf.o) (_vfprintf_r)
d:/tools/stm32/gcc-arm/gcc-arm-none-eabi-10.3-2021.10/bin/../lib/gcc/arm-none-eabi/10.3.1/../../../../arm-none-eabi/lib/thumb/v7-m/nofp\libg.a(lib_a-wsetup.o)
                              d:/tools/stm32/gcc-arm/gcc-arm-none-eabi-10.3-2021.10/bin/../lib/gcc/arm-none-eabi/10.3.1/../../../../arm-none-eabi/lib/thumb/v7-m/nofp\libg.a(lib_a-vfprintf.o) (__swsetup_r)
d:/tools/stm32/gcc-arm/gcc-arm-none-eabi-10.3-2021.10/bin/../lib/gcc/arm-none-eabi/10.3.1/../../../../arm-none-eabi/lib/thumb/v7-m/nofp\libg.a(lib_a-__call_atexit.o)
                              d:/tools/stm32/gcc-arm/gcc-arm-none-eabi-10.3-2021.10/bin/../lib/gcc/arm-none-eabi/10.3.1/../../../../arm-none-eabi/lib/thumb/v7-m/nofp\libg.a(lib_a-exit.o) (__call_exitprocs)
d:/tools/stm32/gcc-arm/gcc-arm-none-eabi-10.3-2021.10/bin/../lib/gcc/arm-none-eabi/10.3.1/../../../../arm-none-eabi/lib/thumb/v7-m/nofp\libg.a(lib_a-atexit.o)
                              d:/tools/stm32/gcc-arm/gcc-arm-none-eabi-10.3-2021.10/bin/../lib/gcc/arm-none-eabi/10.3.1/../../../../arm-none-eabi/lib/thumb/v7-m/nofp\libg.a(lib_a-__call_atexit.o) (atexit)
[...]
Memory Configuration

Name             Origin             Length             Attributes
RAM              0x20000000         0x0000c000         xrw
FLASH            0x08000000         0x00040000         xr
*default*        0x00000000         0xffffffff

Linker script and memory map

LOAD d:/tools/stm32/gcc-arm/gcc-arm-none-eabi-10.3-2021.10/bin/../lib/gcc/arm-none-eabi/10.3.1/thumb/v7-m/nofp/crti.o
LOAD d:/tools/stm32/gcc-arm/gcc-arm-none-eabi-10.3-2021.10/bin/../lib/gcc/arm-none-eabi/10.3.1/thumb/v7-m/nofp/crtbegin.o
LOAD d:/tools/stm32/gcc-arm/gcc-arm-none-eabi-10.3-2021.10/bin/../lib/gcc/arm-none-eabi/10.3.1/../../../../arm-none-eabi/lib/thumb/v7-m/nofp/crt0.o
LOAD CMakeFiles/Press_ADC.elf.dir/Core/Src/gpio.c.obj
LOAD CMakeFiles/Press_ADC.elf.dir/Core/Src/main.c.obj
LOAD CMakeFiles/Press_ADC.elf.dir/Core/Src/spi.c.obj
LOAD CMakeFiles/Press_ADC.elf.dir/Core/Src/stm32f1xx_hal_msp.c.obj
LOAD CMakeFiles/Press_ADC.elf.dir/Core/Src/stm32f1xx_it.c.obj
LOAD CMakeFiles/Press_ADC.elf.dir/Core/Src/syscalls.c.obj
LOAD CMakeFiles/Press_ADC.elf.dir/Core/Src/sysmem.c.obj
LOAD CMakeFiles/Press_ADC.elf.dir/Core/Src/system_stm32f1xx.c.obj
LOAD CMakeFiles/Press_ADC.elf.dir/Core/Src/usart.c.obj
LOAD CMakeFiles/Press_ADC.elf.dir/Core/Startup/startup_stm32f103rctx.s.obj
LOAD CMakeFiles/Press_ADC.elf.dir/Drivers/STM32F1xx_HAL_Driver/Src/stm32f1xx_hal.c.obj
LOAD CMakeFiles/Press_ADC.elf.dir/Drivers/STM32F1xx_HAL_Driver/Src/stm32f1xx_hal_cortex.c.obj
LOAD CMakeFiles/Press_ADC.elf.dir/Drivers/STM32F1xx_HAL_Driver/Src/stm32f1xx_hal_dma.c.obj
LOAD CMakeFiles/Press_ADC.elf.dir/Drivers/STM32F1xx_HAL_Driver/Src/stm32f1xx_hal_exti.c.obj
LOAD CMakeFiles/Press_ADC.elf.dir/Drivers/STM32F1xx_HAL_Driver/Src/stm32f1xx_hal_flash.c.obj
LOAD CMakeFiles/Press_ADC.elf.dir/Drivers/STM32F1xx_HAL_Driver/Src/stm32f1xx_hal_flash_ex.c.obj
LOAD CMakeFiles/Press_ADC.elf.dir/Drivers/STM32F1xx_HAL_Driver/Src/stm32f1xx_hal_gpio.c.obj
LOAD CMakeFiles/Press_ADC.elf.dir/Drivers/STM32F1xx_HAL_Driver/Src/stm32f1xx_hal_gpio_ex.c.obj
LOAD CMakeFiles/Press_ADC.elf.dir/Drivers/STM32F1xx_HAL_Driver/Src/stm32f1xx_hal_pwr.c.obj
LOAD CMakeFiles/Press_ADC.elf.dir/Drivers/STM32F1xx_HAL_Driver/Src/stm32f1xx_hal_rcc.c.obj
LOAD CMakeFiles/Press_ADC.elf.dir/Drivers/STM32F1xx_HAL_Driver/Src/stm32f1xx_hal_rcc_ex.c.obj
LOAD CMakeFiles/Press_ADC.elf.dir/Drivers/STM32F1xx_HAL_Driver/Src/stm32f1xx_hal_spi.c.obj
LOAD CMakeFiles/Press_ADC.elf.dir/Drivers/STM32F1xx_HAL_Driver/Src/stm32f1xx_hal_tim.c.obj
LOAD CMakeFiles/Press_ADC.elf.dir/Drivers/STM32F1xx_HAL_Driver/Src/stm32f1xx_hal_tim_ex.c.obj
LOAD CMakeFiles/Press_ADC.elf.dir/Drivers/STM32F1xx_HAL_Driver/Src/stm32f1xx_hal_uart.c.obj
LOAD CMakeFiles/Press_ADC.elf.dir/My_code/ADC/HX711.c.obj
LOAD CMakeFiles/Press_ADC.elf.dir/My_code/yehuo/bsp_debug_usart.c.obj
LOAD CMakeFiles/Press_ADC.elf.dir/My_code/yehuo/bsp_ili9341_lcd.c.obj
LOAD CMakeFiles/Press_ADC.elf.dir/My_code/yehuo/bsp_led.c.obj
LOAD CMakeFiles/Press_ADC.elf.dir/My_code/yehuo/bsp_spi_flash.c.obj
LOAD CMakeFiles/Press_ADC.elf.dir/My_code/yehuo/fonts.c.obj
START GROUP
LOAD d:/tools/stm32/gcc-arm/gcc-arm-none-eabi-10.3-2021.10/bin/../lib/gcc/arm-none-eabi/10.3.1/thumb/v7-m/nofp\libgcc.a
LOAD d:/tools/stm32/gcc-arm/gcc-arm-none-eabi-10.3-2021.10/bin/../lib/gcc/arm-none-eabi/10.3.1/../../../../arm-none-eabi/lib/thumb/v7-m/nofp\libg.a
LOAD d:/tools/stm32/gcc-arm/gcc-arm-none-eabi-10.3-2021.10/bin/../lib/gcc/arm-none-eabi/10.3.1/../../../../arm-none-eabi/lib/thumb/v7-m/nofp\libc.a
END GROUP
LOAD d:/tools/stm32/gcc-arm/gcc-arm-none-eabi-10.3-2021.10/bin/../lib/gcc/arm-none-eabi/10.3.1/thumb/v7-m/nofp/crtend.o
LOAD d:/tools/stm32/gcc-arm/gcc-arm-none-eabi-10.3-2021.10/bin/../lib/gcc/arm-none-eabi/10.3.1/thumb/v7-m/nofp/crtn.o
                0x2000c000                _estack = (ORIGIN (RAM) + LENGTH (RAM))
                0x00000200                _Min_Heap_Size = 0x200
                0x00000400                _Min_Stack_Size = 0x400

.isr_vector     0x08000000      0x1e4
                0x08000000                . = ALIGN (0x4)
 *(.isr_vector)
 .isr_vector    0x08000000      0x1e4 CMakeFiles/Press_ADC.elf.dir/Core/Startup/startup_stm32f103rctx.s.obj
                0x08000000                g_pfnVectors
                0x080001e4                . = ALIGN (0x4)

.text           0x080001e8     0xbfb8
                0x080001e8                . = ALIGN (0x4)
 *(.text)
 .text          0x080001e8       0x40 d:/tools/stm32/gcc-arm/gcc-arm-none-eabi-10.3-2021.10/bin/../lib/gcc/arm-none-eabi/10.3.1/thumb/v7-m/nofp/crtbegin.o
 .text          0x08000228       0xec d:/tools/stm32/gcc-arm/gcc-arm-none-eabi-10.3-2021.10/bin/../lib/gcc/arm-none-eabi/10.3.1/../../../../arm-none-eabi/lib/thumb/v7-m/nofp\libg.a(lib_a-memcpy.o)
                0x08000228                memcpy
 .text          0x08000314      0x378 d:/tools/stm32/gcc-arm/gcc-arm-none-eabi-10.3-2021.10/bin/../lib/gcc/arm-none-eabi/10.3.1/thumb/v7-m/nofp\libgcc.a(_arm_addsubdf3.o)
                0x08000314                __aeabi_drsub
                0x0800031c                __aeabi_dsub
                0x0800031c                __subdf3
                0x08000320                __aeabi_dadd
                0x08000320                __adddf3
                0x08000598                __floatunsidf
                0x08000598                __aeabi_ui2d
                0x080005b8                __floatsidf
                0x080005b8                __aeabi_i2d
                0x080005dc                __aeabi_f2d
                0x080005dc                __extendsfdf2
                0x08000620                __floatundidf
                0x08000620                __aeabi_ul2d
                0x08000630                __floatdidf
                0x08000630                __aeabi_l2d
 .text          0x0800068c      0x424 d:/tools/stm32/gcc-arm/gcc-arm-none-eabi-10.3-2021.10/bin/../lib/gcc/arm-none-eabi/10.3.1/thumb/v7-m/nofp\libgcc.a(_arm_muldivdf3.o)
                0x0800068c                __aeabi_dmul
                0x0800068c                __muldf3
                0x080008e0                __divdf3
                0x080008e0                __aeabi_ddiv
 .text          0x08000ab0      0x110 d:/tools/stm32/gcc-arm/gcc-arm-none-eabi-10.3-2021.10/bin/../lib/gcc/arm-none-eabi/10.3.1/thumb/v7-m/nofp\libgcc.a(_arm_cmpdf2.o)
                0x08000ab0                __gtdf2
                0x08000ab0                __gedf2
                0x08000ab8                __ltdf2
                0x08000ab8                __ledf2
                0x08000ac0                __nedf2
                0x08000ac0                __eqdf2
                0x08000ac0                __cmpdf2
                0x08000b3c                __aeabi_cdrcmple
                0x08000b4c                __aeabi_cdcmpeq
                0x08000b4c                __aeabi_cdcmple
                0x08000b5c                __aeabi_dcmpeq
                0x08000b70                __aeabi_dcmplt
                0x08000b84                __aeabi_dcmple
                0x08000b98                __aeabi_dcmpge
                0x08000bac                __aeabi_dcmpgt
 .text          0x08000bc0       0x2c d:/tools/stm32/gcc-arm/gcc-arm-none-eabi-10.3-2021.10/bin/../lib/gcc/arm-none-eabi/10.3.1/thumb/v7-m/nofp\libgcc.a(_arm_unorddf2.o)
                0x08000bc0                __unorddf2
                0x08000bc0                __aeabi_dcmpun
 .text          0x08000bec       0x50 d:/tools/stm32/gcc-arm/gcc-arm-none-eabi-10.3-2021.10/bin/../lib/gcc/arm-none-eabi/10.3.1/thumb/v7-m/nofp\libgcc.a(_arm_fixdfsi.o)
                0x08000bec                __aeabi_d2iz
                0x08000bec                __fixdfsi
 .text          0x08000c3c       0x30 d:/tools/stm32/gcc-arm/gcc-arm-none-eabi-10.3-2021.10/bin/../lib/gcc/arm-none-eabi/10.3.1/thumb/v7-m/nofp\libgcc.a(_aeabi_uldivmod.o)
                0x08000c3c                __aeabi_uldivmod
 .text          0x08000c6c      0x2d4 d:/tools/stm32/gcc-arm/gcc-arm-none-eabi-10.3-2021.10/bin/../lib/gcc/arm-none-eabi/10.3.1/thumb/v7-m/nofp\libgcc.a(_udivmoddi4.o)
                0x08000c6c                __udivmoddi4
 .text          0x08000f40        0x4 d:/tools/stm32/gcc-arm/gcc-arm-none-eabi-10.3-2021.10/bin/../lib/gcc/arm-none-eabi/10.3.1/thumb/v7-m/nofp\libgcc.a(_dvmd_tls.o)
                0x08000f40                __aeabi_idiv0
                0x08000f40                __aeabi_ldiv0
 *(.text*)
 .text.MX_GPIO_Init
                0x08000f44      0x104 CMakeFiles/Press_ADC.elf.dir/Core/Src/gpio.c.obj
                0x08000f44                MX_GPIO_Init
 .text.main     0x08001048       0x8c CMakeFiles/Press_ADC.elf.dir/Core/Src/main.c.obj
                0x08001048                main
 .text.SystemClock_Config
                0x080010d4       0x8a CMakeFiles/Press_ADC.elf.dir/Core/Src/main.c.obj
                0x080010d4                SystemClock_Config
 *fill*         0x0800115e        0x2 
 .text.LCD_Test
                0x08001160      0x2a8 CMakeFiles/Press_ADC.elf.dir/Core/Src/main.c.obj
 .text.Delay    0x08001408       0x22 CMakeFiles/Press_ADC.elf.dir/Core/Src/main.c.obj
 *fill*         0x0800142a        0x2 
 .text.Printf_Charater
                0x0800142c       0xac CMakeFiles/Press_ADC.elf.dir/Core/Src/main.c.obj
                0x0800142c                Printf_Charater
 .text.Error_Handler
                0x080014d8        0xa CMakeFiles/Press_ADC.elf.dir/Core/Src/main.c.obj
                0x080014d8                Error_Handler
 *fill*         0x080014e2        0x2 
 .text.MX_SPI1_Init
                0x080014e4       0x6c CMakeFiles/Press_ADC.elf.dir/Core/Src/spi.c.obj
                0x080014e4                MX_SPI1_Init
 .text.HAL_SPI_MspInit
                0x08001550       0x94 CMakeFiles/Press_ADC.elf.dir/Core/Src/spi.c.obj
                0x08001550                HAL_SPI_MspInit
 .text.HAL_MspInit
                0x080015e4       0x64 CMakeFiles/Press_ADC.elf.dir/Core/Src/stm32f1xx_hal_msp.c.obj
                0x080015e4                HAL_MspInit
 .text.NMI_Handler
                0x08001648        0x6 CMakeFiles/Press_ADC.elf.dir/Core/Src/stm32f1xx_it.c.obj
                0x08001648                NMI_Handler
 .text.HardFault_Handler
                0x0800164e        0x6 CMakeFiles/Press_ADC.elf.dir/Core/Src/stm32f1xx_it.c.obj
                0x0800164e                HardFault_Handler
 .text.MemManage_Handler
                0x08001654        0x6 CMakeFiles/Press_ADC.elf.dir/Core/Src/stm32f1xx_it.c.obj
                0x08001654                MemManage_Handler
 .text.BusFault_Handler
                0x0800165a        0x6 CMakeFiles/Press_ADC.elf.dir/Core/Src/stm32f1xx_it.c.obj
                0x0800165a                BusFault_Handler
 .text.UsageFault_Handler
                0x08001660        0x6 CMakeFiles/Press_ADC.elf.dir/Core/Src/stm32f1xx_it.c.obj
                0x08001660                UsageFault_Handler
 .text.SVC_Handler
                0x08001666        0xc CMakeFiles/Press_ADC.elf.dir/Core/Src/stm32f1xx_it.c.obj
                0x08001666                SVC_Handler
 .text.DebugMon_Handler
                0x08001672        0xc CMakeFiles/Press_ADC.elf.dir/Core/Src/stm32f1xx_it.c.obj
                0x08001672                DebugMon_Handler
 .text.PendSV_Handler
                0x0800167e        0xc CMakeFiles/Press_ADC.elf.dir/Core/Src/stm32f1xx_it.c.obj
                0x0800167e                PendSV_Handler
 .text.SysTick_Handler
                0x0800168a        0xc CMakeFiles/Press_ADC.elf.dir/Core/Src/stm32f1xx_it.c.obj
                0x0800168a                SysTick_Handler
 .text._getpid  0x08001696        0xe CMakeFiles/Press_ADC.elf.dir/Core/Src/syscalls.c.obj
                0x08001696                _getpid
 .text._kill    0x080016a4       0x20 CMakeFiles/Press_ADC.elf.dir/Core/Src/syscalls.c.obj
                0x080016a4                _kill
 .text._exit    0x080016c4       0x14 CMakeFiles/Press_ADC.elf.dir/Core/Src/syscalls.c.obj
                0x080016c4                _exit
 .text._read    0x080016d8       0x3a CMakeFiles/Press_ADC.elf.dir/Core/Src/syscalls.c.obj
                0x080016d8                _read
 .text._write   0x08001712       0x38 CMakeFiles/Press_ADC.elf.dir/Core/Src/syscalls.c.obj
                0x08001712                _write
 .text._close   0x0800174a       0x16 CMakeFiles/Press_ADC.elf.dir/Core/Src/syscalls.c.obj
                0x0800174a                _close
 .text._fstat   0x08001760       0x1e CMakeFiles/Press_ADC.elf.dir/Core/Src/syscalls.c.obj
                0x08001760                _fstat
 .text._isatty  0x0800177e       0x14 CMakeFiles/Press_ADC.elf.dir/Core/Src/syscalls.c.obj
                0x0800177e                _isatty
 .text._lseek   0x08001792       0x18 CMakeFiles/Press_ADC.elf.dir/Core/Src/syscalls.c.obj
                0x08001792                _lseek
 *fill*         0x080017aa        0x2 
 .text._sbrk    0x080017ac       0x6c CMakeFiles/Press_ADC.elf.dir/Core/Src/sysmem.c.obj
                0x080017ac                _sbrk
 .text.SystemInit
                0x08001818        0xc CMakeFiles/Press_ADC.elf.dir/Core/Src/system_stm32f1xx.c.obj
                0x08001818                SystemInit
 .text.MX_USART1_UART_Init
                0x08001824       0x58 CMakeFiles/Press_ADC.elf.dir/Core/Src/usart.c.obj
                0x08001824                MX_USART1_UART_Init
 .text.HAL_UART_MspInit
                0x0800187c       0x98 CMakeFiles/Press_ADC.elf.dir/Core/Src/usart.c.obj
                0x0800187c                HAL_UART_MspInit
 .text.Reset_Handler
                0x08001914       0x48 CMakeFiles/Press_ADC.elf.dir/Core/Startup/startup_stm32f103rctx.s.obj
                0x08001914                Reset_Handler
 .text.Default_Handler
                0x0800195c        0x2 CMakeFiles/Press_ADC.elf.dir/Core/Startup/startup_stm32f103rctx.s.obj
                0x0800195c                RTC_Alarm_IRQHandler
                0x0800195c                EXTI2_IRQHandler
                0x0800195c                TIM8_TRG_COM_IRQHandler
                0x0800195c                TIM8_CC_IRQHandler
                0x0800195c                TIM1_CC_IRQHandler
                0x0800195c                TIM6_IRQHandler
                0x0800195c                PVD_IRQHandler
                0x0800195c                SDIO_IRQHandler
                0x0800195c                EXTI3_IRQHandler
                0x0800195c                EXTI0_IRQHandler
                0x0800195c                I2C2_EV_IRQHandler
                0x0800195c                ADC1_2_IRQHandler
                0x0800195c                SPI1_IRQHandler
                0x0800195c                TAMPER_IRQHandler
                0x0800195c                TIM8_UP_IRQHandler
                0x0800195c                DMA2_Channel2_IRQHandler
                0x0800195c                DMA1_Channel4_IRQHandler
                0x0800195c                USART3_IRQHandler
                0x0800195c                RTC_IRQHandler
                0x0800195c                DMA1_Channel7_IRQHandler
                0x0800195c                CAN1_RX1_IRQHandler
                0x0800195c                UART5_IRQHandler
                0x0800195c                ADC3_IRQHandler
                0x0800195c                TIM4_IRQHandler
                0x0800195c                DMA2_Channel1_IRQHandler
                0x0800195c                I2C1_EV_IRQHandler
                0x0800195c                DMA1_Channel6_IRQHandler
                0x0800195c                UART4_IRQHandler
                0x0800195c                TIM3_IRQHandler
                0x0800195c                RCC_IRQHandler
                0x0800195c                TIM1_TRG_COM_IRQHandler
                0x0800195c                DMA1_Channel1_IRQHandler
                0x0800195c                Default_Handler
                0x0800195c                EXTI15_10_IRQHandler
                0x0800195c                TIM7_IRQHandler
                0x0800195c                TIM5_IRQHandler
                0x0800195c                EXTI9_5_IRQHandler
                0x0800195c                SPI2_IRQHandler
                0x0800195c                DMA1_Channel5_IRQHandler
                0x0800195c                EXTI4_IRQHandler
                0x0800195c                USB_LP_CAN1_RX0_IRQHandler
                0x0800195c                USB_HP_CAN1_TX_IRQHandler
                0x0800195c                DMA1_Channel3_IRQHandler
                0x0800195c                FSMC_IRQHandler
                0x0800195c                TIM1_UP_IRQHandler
                0x0800195c                WWDG_IRQHandler
                0x0800195c                TIM2_IRQHandler
                0x0800195c                TIM1_BRK_IRQHandler
                0x0800195c                EXTI1_IRQHandler
                0x0800195c                DMA2_Channel4_5_IRQHandler
                0x0800195c                USART2_IRQHandler
                0x0800195c                I2C2_ER_IRQHandler
                0x0800195c                DMA1_Channel2_IRQHandler
                0x0800195c                TIM8_BRK_IRQHandler
                0x0800195c                CAN1_SCE_IRQHandler
                0x0800195c                FLASH_IRQHandler
                0x0800195c                USART1_IRQHandler
                0x0800195c                SPI3_IRQHandler
                0x0800195c                I2C1_ER_IRQHandler
                0x0800195c                USBWakeUp_IRQHandler
                0x0800195c                DMA2_Channel3_IRQHandler
 *fill*         0x0800195e        0x2 
 .text.HAL_Init
                0x08001960       0x2c CMakeFiles/Press_ADC.elf.dir/Drivers/STM32F1xx_HAL_Driver/Src/stm32f1xx_hal.c.obj
                0x08001960                HAL_Init
 .text.HAL_InitTick
                0x0800198c       0x60 CMakeFiles/Press_ADC.elf.dir/Drivers/STM32F1xx_HAL_Driver/Src/stm32f1xx_hal.c.obj
                0x0800198c                HAL_InitTick
 .text.HAL_IncTick
                0x080019ec       0x24 CMakeFiles/Press_ADC.elf.dir/Drivers/STM32F1xx_HAL_Driver/Src/stm32f1xx_hal.c.obj
                0x080019ec                HAL_IncTick
 .text.HAL_GetTick
                0x08001a10       0x14 CMakeFiles/Press_ADC.elf.dir/Drivers/STM32F1xx_HAL_Driver/Src/stm32f1xx_hal.c.obj
                0x08001a10                HAL_GetTick
 .text.HAL_Delay
                0x08001a24       0x48 CMakeFiles/Press_ADC.elf.dir/Drivers/STM32F1xx_HAL_Driver/Src/stm32f1xx_hal.c.obj
                0x08001a24                HAL_Delay
 .text.__NVIC_SetPriorityGrouping
                0x08001a6c       0x48 CMakeFiles/Press_ADC.elf.dir/Drivers/STM32F1xx_HAL_Driver/Src/stm32f1xx_hal_cortex.c.obj
 .text.__NVIC_GetPriorityGrouping
                0x08001ab4       0x1c CMakeFiles/Press_ADC.elf.dir/Drivers/STM32F1xx_HAL_Driver/Src/stm32f1xx_hal_cortex.c.obj
 .text.__NVIC_SetPriority
                0x08001ad0       0x54 CMakeFiles/Press_ADC.elf.dir/Drivers/STM32F1xx_HAL_Driver/Src/stm32f1xx_hal_cortex.c.obj
 .text.NVIC_EncodePriority
                0x08001b24       0x64 CMakeFiles/Press_ADC.elf.dir/Drivers/STM32F1xx_HAL_Driver/Src/stm32f1xx_hal_cortex.c.obj
 .text.SysTick_Config
                0x08001b88       0x44 CMakeFiles/Press_ADC.elf.dir/Drivers/STM32F1xx_HAL_Driver/Src/stm32f1xx_hal_cortex.c.obj
 .text.HAL_NVIC_SetPriorityGrouping
                0x08001bcc       0x16 CMakeFiles/Press_ADC.elf.dir/Drivers/STM32F1xx_HAL_Driver/Src/stm32f1xx_hal_cortex.c.obj
                0x08001bcc                HAL_NVIC_SetPriorityGrouping
 .text.HAL_NVIC_SetPriority
                0x08001be2       0x38 CMakeFiles/Press_ADC.elf.dir/Drivers/STM32F1xx_HAL_Driver/Src/stm32f1xx_hal_cortex.c.obj
                0x08001be2                HAL_NVIC_SetPriority
 .text.HAL_SYSTICK_Config
                0x08001c1a       0x18 CMakeFiles/Press_ADC.elf.dir/Drivers/STM32F1xx_HAL_Driver/Src/stm32f1xx_hal_cortex.c.obj
                0x08001c1a                HAL_SYSTICK_Config
 *fill*         0x08001c32        0x2 
 .text.HAL_GPIO_Init
                0x08001c34      0x328 CMakeFiles/Press_ADC.elf.dir/Drivers/STM32F1xx_HAL_Driver/Src/stm32f1xx_hal_gpio.c.obj
                0x08001c34                HAL_GPIO_Init
 .text.HAL_GPIO_WritePin
                0x08001f5c       0x30 CMakeFiles/Press_ADC.elf.dir/Drivers/STM32F1xx_HAL_Driver/Src/stm32f1xx_hal_gpio.c.obj
                0x08001f5c                HAL_GPIO_WritePin
 .text.HAL_RCC_OscConfig
                0x08001f8c      0x504 CMakeFiles/Press_ADC.elf.dir/Drivers/STM32F1xx_HAL_Driver/Src/stm32f1xx_hal_rcc.c.obj
                0x08001f8c                HAL_RCC_OscConfig
 .text.HAL_RCC_ClockConfig
                0x08002490      0x1d4 CMakeFiles/Press_ADC.elf.dir/Drivers/STM32F1xx_HAL_Driver/Src/stm32f1xx_hal_rcc.c.obj
                0x08002490                HAL_RCC_ClockConfig
 .text.HAL_RCC_GetSysClockFreq
                0x08002664       0xa8 CMakeFiles/Press_ADC.elf.dir/Drivers/STM32F1xx_HAL_Driver/Src/stm32f1xx_hal_rcc.c.obj
                0x08002664                HAL_RCC_GetSysClockFreq
 .text.HAL_RCC_GetHCLKFreq
                0x0800270c       0x14 CMakeFiles/Press_ADC.elf.dir/Drivers/STM32F1xx_HAL_Driver/Src/stm32f1xx_hal_rcc.c.obj
                0x0800270c                HAL_RCC_GetHCLKFreq
 .text.HAL_RCC_GetPCLK1Freq
                0x08002720       0x28 CMakeFiles/Press_ADC.elf.dir/Drivers/STM32F1xx_HAL_Driver/Src/stm32f1xx_hal_rcc.c.obj
                0x08002720                HAL_RCC_GetPCLK1Freq
 .text.HAL_RCC_GetPCLK2Freq
                0x08002748       0x28 CMakeFiles/Press_ADC.elf.dir/Drivers/STM32F1xx_HAL_Driver/Src/stm32f1xx_hal_rcc.c.obj
                0x08002748                HAL_RCC_GetPCLK2Freq
 .text.RCC_Delay
                0x08002770       0x3c CMakeFiles/Press_ADC.elf.dir/Drivers/STM32F1xx_HAL_Driver/Src/stm32f1xx_hal_rcc.c.obj
 .text.HAL_SPI_Init
                0x080027ac      0x108 CMakeFiles/Press_ADC.elf.dir/Drivers/STM32F1xx_HAL_Driver/Src/stm32f1xx_hal_spi.c.obj
                0x080027ac                HAL_SPI_Init
 .text.HAL_UART_Init
                0x080028b4       0xa0 CMakeFiles/Press_ADC.elf.dir/Drivers/STM32F1xx_HAL_Driver/Src/stm32f1xx_hal_uart.c.obj
                0x080028b4                HAL_UART_Init
 .text.HAL_MultiProcessor_Init
                0x08002954       0xe6 CMakeFiles/Press_ADC.elf.dir/Drivers/STM32F1xx_HAL_Driver/Src/stm32f1xx_hal_uart.c.obj
                0x08002954                HAL_MultiProcessor_Init
 *fill*         0x08002a3a        0x2 
 .text.UART_SetConfig
                0x08002a3c      0x11c CMakeFiles/Press_ADC.elf.dir/Drivers/STM32F1xx_HAL_Driver/Src/stm32f1xx_hal_uart.c.obj
 .text.DEBUG_USART_Config
                0x08002b58       0x44 CMakeFiles/Press_ADC.elf.dir/My_code/yehuo/bsp_debug_usart.c.obj
                0x08002b58                DEBUG_USART_Config
 .text.ILI9341_Delay
                0x08002b9c       0x22 CMakeFiles/Press_ADC.elf.dir/My_code/yehuo/bsp_ili9341_lcd.c.obj
 *fill*         0x08002bbe        0x2 
 .text.ILI9341_Write_Cmd
                0x08002bc0       0x48 CMakeFiles/Press_ADC.elf.dir/My_code/yehuo/bsp_ili9341_lcd.c.obj
                0x08002bc0                ILI9341_Write_Cmd
 .text.ILI9341_Write_Data
                0x08002c08       0x48 CMakeFiles/Press_ADC.elf.dir/My_code/yehuo/bsp_ili9341_lcd.c.obj
                0x08002c08                ILI9341_Write_Data
 .text.ILI9341_Read_Data
                0x08002c50       0x74 CMakeFiles/Press_ADC.elf.dir/My_code/yehuo/bsp_ili9341_lcd.c.obj
                0x08002c50                ILI9341_Read_Data
 .text.ILI9341_GPIO_Config
                0x08002cc4      0x10c CMakeFiles/Press_ADC.elf.dir/My_code/yehuo/bsp_ili9341_lcd.c.obj
 .text.ILI9341_REG_Config
                0x08002dd0      0x548 CMakeFiles/Press_ADC.elf.dir/My_code/yehuo/bsp_ili9341_lcd.c.obj
 .text.ILI9341_ReadID
                0x08003318       0x84 CMakeFiles/Press_ADC.elf.dir/My_code/yehuo/bsp_ili9341_lcd.c.obj
                0x08003318                ILI9341_ReadID
 .text.ILI9341_Init
                0x0800339c       0x24 CMakeFiles/Press_ADC.elf.dir/My_code/yehuo/bsp_ili9341_lcd.c.obj
                0x0800339c                ILI9341_Init
 .text.ILI9341_BackLed_Control
                0x080033c0       0x30 CMakeFiles/Press_ADC.elf.dir/My_code/yehuo/bsp_ili9341_lcd.c.obj
                0x080033c0                ILI9341_BackLed_Control
 .text.ILI9341_GramScan
                0x080033f0      0x114 CMakeFiles/Press_ADC.elf.dir/My_code/yehuo/bsp_ili9341_lcd.c.obj
                0x080033f0                ILI9341_GramScan
 .text.ILI9341_OpenWindow
                0x08003504       0xb2 CMakeFiles/Press_ADC.elf.dir/My_code/yehuo/bsp_ili9341_lcd.c.obj
                0x08003504                ILI9341_OpenWindow
 .text.ILI9341_SetCursor
                0x080035b6       0x24 CMakeFiles/Press_ADC.elf.dir/My_code/yehuo/bsp_ili9341_lcd.c.obj
 .text.ILI9341_FillColor
                0x080035da       0x3c CMakeFiles/Press_ADC.elf.dir/My_code/yehuo/bsp_ili9341_lcd.c.obj
 *fill*         0x08003616        0x2 
 .text.ILI9341_Clear
                0x08003618       0x4c CMakeFiles/Press_ADC.elf.dir/My_code/yehuo/bsp_ili9341_lcd.c.obj
                0x08003618                ILI9341_Clear
 .text.ILI9341_SetPointPixel
                0x08003664       0x50 CMakeFiles/Press_ADC.elf.dir/My_code/yehuo/bsp_ili9341_lcd.c.obj
                0x08003664                ILI9341_SetPointPixel
 .text.ILI9341_DrawLine
                0x080036b4      0x108 CMakeFiles/Press_ADC.elf.dir/My_code/yehuo/bsp_ili9341_lcd.c.obj
                0x080036b4                ILI9341_DrawLine
 .text.ILI9341_DrawRectangle
                0x080037bc       0xd8 CMakeFiles/Press_ADC.elf.dir/My_code/yehuo/bsp_ili9341_lcd.c.obj
                0x080037bc                ILI9341_DrawRectangle
 .text.ILI9341_DrawCircle
                0x08003894      0x224 CMakeFiles/Press_ADC.elf.dir/My_code/yehuo/bsp_ili9341_lcd.c.obj
                0x08003894                ILI9341_DrawCircle
 .text.ILI9341_DispChar_EN
                0x08003ab8       0xcc CMakeFiles/Press_ADC.elf.dir/My_code/yehuo/bsp_ili9341_lcd.c.obj
                0x08003ab8                ILI9341_DispChar_EN
 .text.ILI9341_DispChar_CH
                0x08003b84       0xd0 CMakeFiles/Press_ADC.elf.dir/My_code/yehuo/bsp_ili9341_lcd.c.obj
                0x08003b84                ILI9341_DispChar_CH
 .text.ILI9341_DispStringLine_EN_CH
                0x08003c54       0xe4 CMakeFiles/Press_ADC.elf.dir/My_code/yehuo/bsp_ili9341_lcd.c.obj
                0x08003c54                ILI9341_DispStringLine_EN_CH
 .text.ILI9341_zoomChar
                0x08003d38      0x1e4 CMakeFiles/Press_ADC.elf.dir/My_code/yehuo/bsp_ili9341_lcd.c.obj
                0x08003d38                ILI9341_zoomChar
 .text.ILI9341_DrawChar_Ex
                0x08003f1c       0x98 CMakeFiles/Press_ADC.elf.dir/My_code/yehuo/bsp_ili9341_lcd.c.obj
                0x08003f1c                ILI9341_DrawChar_Ex
 .text.ILI9341_DisplayStringEx
                0x08003fb4      0x154 CMakeFiles/Press_ADC.elf.dir/My_code/yehuo/bsp_ili9341_lcd.c.obj
                0x08003fb4                ILI9341_DisplayStringEx
 .text.LCD_SetFont
                0x08004108       0x1c CMakeFiles/Press_ADC.elf.dir/My_code/yehuo/bsp_ili9341_lcd.c.obj
                0x08004108                LCD_SetFont
 .text.LCD_GetFont
                0x08004124       0x14 CMakeFiles/Press_ADC.elf.dir/My_code/yehuo/bsp_ili9341_lcd.c.obj
                0x08004124                LCD_GetFont
 .text.LCD_SetColors
                0x08004138       0x30 CMakeFiles/Press_ADC.elf.dir/My_code/yehuo/bsp_ili9341_lcd.c.obj
                0x08004138                LCD_SetColors
 .text.LCD_SetTextColor
                0x08004168       0x20 CMakeFiles/Press_ADC.elf.dir/My_code/yehuo/bsp_ili9341_lcd.c.obj
                0x08004168                LCD_SetTextColor
 .text.LCD_ClearLine
                0x08004188       0x2c CMakeFiles/Press_ADC.elf.dir/My_code/yehuo/bsp_ili9341_lcd.c.obj
                0x08004188                LCD_ClearLine
 .text.LED_GPIO_Config
                0x080041b4       0x80 CMakeFiles/Press_ADC.elf.dir/My_code/yehuo/bsp_led.c.obj
                0x080041b4                LED_GPIO_Config
 .text.SPI_FLASH_Init
                0x08004234       0x74 CMakeFiles/Press_ADC.elf.dir/My_code/yehuo/bsp_spi_flash.c.obj
                0x08004234                SPI_FLASH_Init
 .text.SPI_FLASH_BufferRead
                0x080042a8       0x70 CMakeFiles/Press_ADC.elf.dir/My_code/yehuo/bsp_spi_flash.c.obj
                0x080042a8                SPI_FLASH_BufferRead
 .text.SPI_FLASH_SendByte
                0x08004318       0x90 CMakeFiles/Press_ADC.elf.dir/My_code/yehuo/bsp_spi_flash.c.obj
                0x08004318                SPI_FLASH_SendByte
 .text.SPI_TIMEOUT_UserCallback
                0x080043a8       0x24 CMakeFiles/Press_ADC.elf.dir/My_code/yehuo/bsp_spi_flash.c.obj
 .text.GetGBKCode_from_EXFlash
                0x080043cc       0x5c CMakeFiles/Press_ADC.elf.dir/My_code/yehuo/fonts.c.obj
                0x080043cc                GetGBKCode_from_EXFlash
 .text.__errno  0x08004428        0xc d:/tools/stm32/gcc-arm/gcc-arm-none-eabi-10.3-2021.10/bin/../lib/gcc/arm-none-eabi/10.3.1/../../../../arm-none-eabi/lib/thumb/v7-m/nofp\libg.a(lib_a-errno.o)
                0x08004428                __errno
 .text.__libc_init_array
                0x08004434       0x48 d:/tools/stm32/gcc-arm/gcc-arm-none-eabi-10.3-2021.10/bin/../lib/gcc/arm-none-eabi/10.3.1/../../../../arm-none-eabi/lib/thumb/v7-m/nofp\libg.a(lib_a-init.o)
                0x08004434                __libc_init_array
 .text.memset   0x0800447c       0xa4 d:/tools/stm32/gcc-arm/gcc-arm-none-eabi-10.3-2021.10/bin/../lib/gcc/arm-none-eabi/10.3.1/../../../../arm-none-eabi/lib/thumb/v7-m/nofp\libg.a(lib_a-memset.o)
                0x0800447c                memset
 .text.printf   0x08004520       0x28 d:/tools/stm32/gcc-arm/gcc-arm-none-eabi-10.3-2021.10/bin/../lib/gcc/arm-none-eabi/10.3.1/../../../../arm-none-eabi/lib/thumb/v7-m/nofp\libg.a(lib_a-printf.o)
                0x08004520                printf
 .text.putchar  0x08004548       0x10 d:/tools/stm32/gcc-arm/gcc-arm-none-eabi-10.3-2021.10/bin/../lib/gcc/arm-none-eabi/10.3.1/../../../../arm-none-eabi/lib/thumb/v7-m/nofp\libg.a(lib_a-putchar.o)
                0x08004548                putchar
 .text._puts_r  0x08004558       0x9c d:/tools/stm32/gcc-arm/gcc-arm-none-eabi-10.3-2021.10/bin/../lib/gcc/arm-none-eabi/10.3.1/../../../../arm-none-eabi/lib/thumb/v7-m/nofp\libg.a(lib_a-puts.o)
                0x08004558                _puts_r
 .text.puts     0x080045f4       0x10 d:/tools/stm32/gcc-arm/gcc-arm-none-eabi-10.3-2021.10/bin/../lib/gcc/arm-none-eabi/10.3.1/../../../../arm-none-eabi/lib/thumb/v7-m/nofp\libg.a(lib_a-puts.o)
                0x080045f4                puts
 .text.sprintf  0x08004604       0x44 d:/tools/stm32/gcc-arm/gcc-arm-none-eabi-10.3-2021.10/bin/../lib/gcc/arm-none-eabi/10.3.1/../../../../arm-none-eabi/lib/thumb/v7-m/nofp\libg.a(lib_a-sprintf.o)
                0x08004604                sprintf
 .text.strlen   0x08004648       0x5c d:/tools/stm32/gcc-arm/gcc-arm-none-eabi-10.3-2021.10/bin/../lib/gcc/arm-none-eabi/10.3.1/../../../../arm-none-eabi/lib/thumb/v7-m/nofp\libg.a(lib_a-strlen-stub.o)
                0x08004648                strlen
 .text._svfprintf_r
                0x080046a4     0x1aa4 d:/tools/stm32/gcc-arm/gcc-arm-none-eabi-10.3-2021.10/bin/../lib/gcc/arm-none-eabi/10.3.1/../../../../arm-none-eabi/lib/thumb/v7-m/nofp\libg.a(lib_a-svfprintf.o)
                0x080046a4                _svfprintf_r
 .text._vfprintf_r
                0x08006148     0x1b58 d:/tools/stm32/gcc-arm/gcc-arm-none-eabi-10.3-2021.10/bin/../lib/gcc/arm-none-eabi/10.3.1/../../../../arm-none-eabi/lib/thumb/v7-m/nofp\libg.a(lib_a-vfprintf.o)
                0x08006148                _vfprintf_r
 .text.__sbprintf
                0x08007ca0       0x84 d:/tools/stm32/gcc-arm/gcc-arm-none-eabi-10.3-2021.10/bin/../lib/gcc/arm-none-eabi/10.3.1/../../../../arm-none-eabi/lib/thumb/v7-m/nofp\libg.a(lib_a-vfprintf.o)
 .text.__swsetup_r
                0x08007d24       0xd4 d:/tools/stm32/gcc-arm/gcc-arm-none-eabi-10.3-2021.10/bin/../lib/gcc/arm-none-eabi/10.3.1/../../../../arm-none-eabi/lib/thumb/v7-m/nofp\libg.a(lib_a-wsetup.o)
                0x08007d24                __swsetup_r
 .text.startup.register_fini
                0x08007df8       0x14 d:/tools/stm32/gcc-arm/gcc-arm-none-eabi-10.3-2021.10/bin/../lib/gcc/arm-none-eabi/10.3.1/../../../../arm-none-eabi/lib/thumb/v7-m/nofp\libg.a(lib_a-__call_atexit.o)
 .text.atexit   0x08007e0c        0xc d:/tools/stm32/gcc-arm/gcc-arm-none-eabi-10.3-2021.10/bin/../lib/gcc/arm-none-eabi/10.3.1/../../../../arm-none-eabi/lib/thumb/v7-m/nofp\libg.a(lib_a-atexit.o)
                0x08007e0c                atexit
 .text.quorem   0x08007e18      0x12c d:/tools/stm32/gcc-arm/gcc-arm-none-eabi-10.3-2021.10/bin/../lib/gcc/arm-none-eabi/10.3.1/../../../../arm-none-eabi/lib/thumb/v7-m/nofp\libg.a(lib_a-dtoa.o)
 *fill*         0x08007f44        0x4 
 .text._dtoa_r  0x08007f48      0xecc d:/tools/stm32/gcc-arm/gcc-arm-none-eabi-10.3-2021.10/bin/../lib/gcc/arm-none-eabi/10.3.1/../../../../arm-none-eabi/lib/thumb/v7-m/nofp\libg.a(lib_a-dtoa.o)
                0x08007f48                _dtoa_r
 .text.__sflush_r
                0x08008e14      0x124 d:/tools/stm32/gcc-arm/gcc-arm-none-eabi-10.3-2021.10/bin/../lib/gcc/arm-none-eabi/10.3.1/../../../../arm-none-eabi/lib/thumb/v7-m/nofp\libg.a(lib_a-fflush.o)
                0x08008e14                __sflush_r
 .text._fflush_r
                0x08008f38       0x5c d:/tools/stm32/gcc-arm/gcc-arm-none-eabi-10.3-2021.10/bin/../lib/gcc/arm-none-eabi/10.3.1/../../../../arm-none-eabi/lib/thumb/v7-m/nofp\libg.a(lib_a-fflush.o)
                0x08008f38                _fflush_r
 .text._cleanup_r
                0x08008f94        0xc d:/tools/stm32/gcc-arm/gcc-arm-none-eabi-10.3-2021.10/bin/../lib/gcc/arm-none-eabi/10.3.1/../../../../arm-none-eabi/lib/thumb/v7-m/nofp\libg.a(lib_a-findfp.o)
                0x08008f94                _cleanup_r
 .text.__sinit  0x08008fa0      0x10c d:/tools/stm32/gcc-arm/gcc-arm-none-eabi-10.3-2021.10/bin/../lib/gcc/arm-none-eabi/10.3.1/../../../../arm-none-eabi/lib/thumb/v7-m/nofp\libg.a(lib_a-findfp.o)
                0x08008fa0                __sinit
 .text.__sfp_lock_acquire
                0x080090ac        0xc d:/tools/stm32/gcc-arm/gcc-arm-none-eabi-10.3-2021.10/bin/../lib/gcc/arm-none-eabi/10.3.1/../../../../arm-none-eabi/lib/thumb/v7-m/nofp\libg.a(lib_a-findfp.o)
                0x080090ac                __sfp_lock_acquire
 .text.__sfp_lock_release
                0x080090b8        0xc d:/tools/stm32/gcc-arm/gcc-arm-none-eabi-10.3-2021.10/bin/../lib/gcc/arm-none-eabi/10.3.1/../../../../arm-none-eabi/lib/thumb/v7-m/nofp\libg.a(lib_a-findfp.o)
                0x080090b8                __sfp_lock_release
 .text.__libc_fini_array
                0x080090c4       0x2c d:/tools/stm32/gcc-arm/gcc-arm-none-eabi-10.3-2021.10/bin/../lib/gcc/arm-none-eabi/10.3.1/../../../../arm-none-eabi/lib/thumb/v7-m/nofp\libg.a(lib_a-fini.o)
                0x080090c4                __libc_fini_array
 .text._malloc_trim_r
                0x080090f0       0xa0 d:/tools/stm32/gcc-arm/gcc-arm-none-eabi-10.3-2021.10/bin/../lib/gcc/arm-none-eabi/10.3.1/../../../../arm-none-eabi/lib/thumb/v7-m/nofp\libg.a(lib_a-freer.o)
                0x080090f0                _malloc_trim_r
 .text._free_r  0x08009190      0x200 d:/tools/stm32/gcc-arm/gcc-arm-none-eabi-10.3-2021.10/bin/../lib/gcc/arm-none-eabi/10.3.1/../../../../arm-none-eabi/lib/thumb/v7-m/nofp\libg.a(lib_a-freer.o)
                0x08009190                _free_r
 .text.__sfvwrite_r
                0x08009390      0x2f0 d:/tools/stm32/gcc-arm/gcc-arm-none-eabi-10.3-2021.10/bin/../lib/gcc/arm-none-eabi/10.3.1/../../../../arm-none-eabi/lib/thumb/v7-m/nofp\libg.a(lib_a-fvwrite.o)
                0x08009390                __sfvwrite_r
 .text._fwalk_reent
                0x08009680       0x48 d:/tools/stm32/gcc-arm/gcc-arm-none-eabi-10.3-2021.10/bin/../lib/gcc/arm-none-eabi/10.3.1/../../../../arm-none-eabi/lib/thumb/v7-m/nofp\libg.a(lib_a-fwalk.o)
                0x08009680                _fwalk_reent
 .text._localeconv_r
                0x080096c8        0x8 d:/tools/stm32/gcc-arm/gcc-arm-none-eabi-10.3-2021.10/bin/../lib/gcc/arm-none-eabi/10.3.1/../../../../arm-none-eabi/lib/thumb/v7-m/nofp\libg.a(lib_a-localeconv.o)
                0x080096c8                _localeconv_r
 .text.__retarget_lock_init_recursive
                0x080096d0        0x4 d:/tools/stm32/gcc-arm/gcc-arm-none-eabi-10.3-2021.10/bin/../lib/gcc/arm-none-eabi/10.3.1/../../../../arm-none-eabi/lib/thumb/v7-m/nofp\libg.a(lib_a-lock.o)
                0x080096d0                __retarget_lock_init_recursive
 .text.__retarget_lock_close_recursive
                0x080096d4        0x4 d:/tools/stm32/gcc-arm/gcc-arm-none-eabi-10.3-2021.10/bin/../lib/gcc/arm-none-eabi/10.3.1/../../../../arm-none-eabi/lib/thumb/v7-m/nofp\libg.a(lib_a-lock.o)
                0x080096d4                __retarget_lock_close_recursive
 .text.__retarget_lock_acquire_recursive
                0x080096d8        0x4 d:/tools/stm32/gcc-arm/gcc-arm-none-eabi-10.3-2021.10/bin/../lib/gcc/arm-none-eabi/10.3.1/../../../../arm-none-eabi/lib/thumb/v7-m/nofp\libg.a(lib_a-lock.o)
                0x080096d8                __retarget_lock_acquire_recursive
 .text.__retarget_lock_release_recursive
                0x080096dc        0x4 d:/tools/stm32/gcc-arm/gcc-arm-none-eabi-10.3-2021.10/bin/../lib/gcc/arm-none-eabi/10.3.1/../../../../arm-none-eabi/lib/thumb/v7-m/nofp\libg.a(lib_a-lock.o)
                0x080096dc                __retarget_lock_release_recursive
 .text.__smakebuf_r
                0x080096e0       0xe0 d:/tools/stm32/gcc-arm/gcc-arm-none-eabi-10.3-2021.10/bin/../lib/gcc/arm-none-eabi/10.3.1/../../../../arm-none-eabi/lib/thumb/v7-m/nofp\libg.a(lib_a-makebuf.o)
                0x080096e0                __smakebuf_r
 .text._malloc_r
                0x080097c0      0x558 d:/tools/stm32/gcc-arm/gcc-arm-none-eabi-10.3-2021.10/bin/../lib/gcc/arm-none-eabi/10.3.1/../../../../arm-none-eabi/lib/thumb/v7-m/nofp\libg.a(lib_a-mallocr.o)
                0x080097c0                _malloc_r
 .text.memchr   0x08009d18       0x90 d:/tools/stm32/gcc-arm/gcc-arm-none-eabi-10.3-2021.10/bin/../lib/gcc/arm-none-eabi/10.3.1/../../../../arm-none-eabi/lib/thumb/v7-m/nofp\libg.a(lib_a-memchr-stub.o)
                0x08009d18                memchr
 .text.memmove  0x08009da8       0xf8 d:/tools/stm32/gcc-arm/gcc-arm-none-eabi-10.3-2021.10/bin/../lib/gcc/arm-none-eabi/10.3.1/../../../../arm-none-eabi/lib/thumb/v7-m/nofp\libg.a(lib_a-memmove.o)
                0x08009da8                memmove
 .text.__malloc_lock
                0x08009ea0        0xc d:/tools/stm32/gcc-arm/gcc-arm-none-eabi-10.3-2021.10/bin/../lib/gcc/arm-none-eabi/10.3.1/../../../../arm-none-eabi/lib/thumb/v7-m/nofp\libg.a(lib_a-mlock.o)
                0x08009ea0                __malloc_lock
 .text.__malloc_unlock
                0x08009eac        0xc d:/tools/stm32/gcc-arm/gcc-arm-none-eabi-10.3-2021.10/bin/../lib/gcc/arm-none-eabi/10.3.1/../../../../arm-none-eabi/lib/thumb/v7-m/nofp\libg.a(lib_a-mlock.o)
                0x08009eac                __malloc_unlock
 .text._Balloc  0x08009eb8       0x4c d:/tools/stm32/gcc-arm/gcc-arm-none-eabi-10.3-2021.10/bin/../lib/gcc/arm-none-eabi/10.3.1/../../../../arm-none-eabi/lib/thumb/v7-m/nofp\libg.a(lib_a-mprec.o)
                0x08009eb8                _Balloc
 .text._Bfree   0x08009f04       0x14 d:/tools/stm32/gcc-arm/gcc-arm-none-eabi-10.3-2021.10/bin/../lib/gcc/arm-none-eabi/10.3.1/../../../../arm-none-eabi/lib/thumb/v7-m/nofp\libg.a(lib_a-mprec.o)
                0x08009f04                _Bfree
 .text.__multadd
                0x08009f18       0xa4 d:/tools/stm32/gcc-arm/gcc-arm-none-eabi-10.3-2021.10/bin/../lib/gcc/arm-none-eabi/10.3.1/../../../../arm-none-eabi/lib/thumb/v7-m/nofp\libg.a(lib_a-mprec.o)
                0x08009f18                __multadd
 .text.__hi0bits
                0x08009fbc       0x40 d:/tools/stm32/gcc-arm/gcc-arm-none-eabi-10.3-2021.10/bin/../lib/gcc/arm-none-eabi/10.3.1/../../../../arm-none-eabi/lib/thumb/v7-m/nofp\libg.a(lib_a-mprec.o)
                0x08009fbc                __hi0bits
 .text.__lo0bits
                0x08009ffc       0x58 d:/tools/stm32/gcc-arm/gcc-arm-none-eabi-10.3-2021.10/bin/../lib/gcc/arm-none-eabi/10.3.1/../../../../arm-none-eabi/lib/thumb/v7-m/nofp\libg.a(lib_a-mprec.o)
                0x08009ffc                __lo0bits
 .text.__i2b    0x0800a054       0x5c d:/tools/stm32/gcc-arm/gcc-arm-none-eabi-10.3-2021.10/bin/../lib/gcc/arm-none-eabi/10.3.1/../../../../arm-none-eabi/lib/thumb/v7-m/nofp\libg.a(lib_a-mprec.o)
                0x0800a054                __i2b
 .text.__multiply
                0x0800a0b0      0x15c d:/tools/stm32/gcc-arm/gcc-arm-none-eabi-10.3-2021.10/bin/../lib/gcc/arm-none-eabi/10.3.1/../../../../arm-none-eabi/lib/thumb/v7-m/nofp\libg.a(lib_a-mprec.o)
                0x0800a0b0                __multiply
 .text.__pow5mult
                0x0800a20c       0xb8 d:/tools/stm32/gcc-arm/gcc-arm-none-eabi-10.3-2021.10/bin/../lib/gcc/arm-none-eabi/10.3.1/../../../../arm-none-eabi/lib/thumb/v7-m/nofp\libg.a(lib_a-mprec.o)
                0x0800a20c                __pow5mult
 .text.__lshift
                0x0800a2c4       0xec d:/tools/stm32/gcc-arm/gcc-arm-none-eabi-10.3-2021.10/bin/../lib/gcc/arm-none-eabi/10.3.1/../../../../arm-none-eabi/lib/thumb/v7-m/nofp\libg.a(lib_a-mprec.o)
                0x0800a2c4                __lshift
 .text.__mcmp   0x0800a3b0       0x40 d:/tools/stm32/gcc-arm/gcc-arm-none-eabi-10.3-2021.10/bin/../lib/gcc/arm-none-eabi/10.3.1/../../../../arm-none-eabi/lib/thumb/v7-m/nofp\libg.a(lib_a-mprec.o)
                0x0800a3b0                __mcmp
 .text.__mdiff  0x0800a3f0      0x14c d:/tools/stm32/gcc-arm/gcc-arm-none-eabi-10.3-2021.10/bin/../lib/gcc/arm-none-eabi/10.3.1/../../../../arm-none-eabi/lib/thumb/v7-m/nofp\libg.a(lib_a-mprec.o)
                0x0800a3f0                __mdiff
 .text.__d2b    0x0800a53c       0xc4 d:/tools/stm32/gcc-arm/gcc-arm-none-eabi-10.3-2021.10/bin/../lib/gcc/arm-none-eabi/10.3.1/../../../../arm-none-eabi/lib/thumb/v7-m/nofp\libg.a(lib_a-mprec.o)
                0x0800a53c                __d2b
 .text._putc_r  0x0800a600       0x74 d:/tools/stm32/gcc-arm/gcc-arm-none-eabi-10.3-2021.10/bin/../lib/gcc/arm-none-eabi/10.3.1/../../../../arm-none-eabi/lib/thumb/v7-m/nofp\libg.a(lib_a-putc.o)
                0x0800a600                _putc_r
 .text._realloc_r
                0x0800a674      0x3dc d:/tools/stm32/gcc-arm/gcc-arm-none-eabi-10.3-2021.10/bin/../lib/gcc/arm-none-eabi/10.3.1/../../../../arm-none-eabi/lib/thumb/v7-m/nofp\libg.a(lib_a-reallocr.o)
                0x0800a674                _realloc_r
 .text.frexp    0x0800aa50       0x70 d:/tools/stm32/gcc-arm/gcc-arm-none-eabi-10.3-2021.10/bin/../lib/gcc/arm-none-eabi/10.3.1/../../../../arm-none-eabi/lib/thumb/v7-m/nofp\libg.a(lib_a-s_frexp.o)
                0x0800aa50                frexp
 .text._sbrk_r  0x0800aac0       0x24 d:/tools/stm32/gcc-arm/gcc-arm-none-eabi-10.3-2021.10/bin/../lib/gcc/arm-none-eabi/10.3.1/../../../../arm-none-eabi/lib/thumb/v7-m/nofp\libg.a(lib_a-sbrkr.o)
                0x0800aac0                _sbrk_r
 .text.__sread  0x0800aae4       0x24 d:/tools/stm32/gcc-arm/gcc-arm-none-eabi-10.3-2021.10/bin/../lib/gcc/arm-none-eabi/10.3.1/../../../../arm-none-eabi/lib/thumb/v7-m/nofp\libg.a(lib_a-stdio.o)
                0x0800aae4                __sread
 .text.__swrite
                0x0800ab08       0x40 d:/tools/stm32/gcc-arm/gcc-arm-none-eabi-10.3-2021.10/bin/../lib/gcc/arm-none-eabi/10.3.1/../../../../arm-none-eabi/lib/thumb/v7-m/nofp\libg.a(lib_a-stdio.o)
                0x0800ab08                __swrite
 .text.__sseek  0x0800ab48       0x20 d:/tools/stm32/gcc-arm/gcc-arm-none-eabi-10.3-2021.10/bin/../lib/gcc/arm-none-eabi/10.3.1/../../../../arm-none-eabi/lib/thumb/v7-m/nofp\libg.a(lib_a-stdio.o)
                0x0800ab48                __sseek
 .text.__sclose
                0x0800ab68        0x8 d:/tools/stm32/gcc-arm/gcc-arm-none-eabi-10.3-2021.10/bin/../lib/gcc/arm-none-eabi/10.3.1/../../../../arm-none-eabi/lib/thumb/v7-m/nofp\libg.a(lib_a-stdio.o)
                0x0800ab68                __sclose
 .text.strncpy  0x0800ab70       0x68 d:/tools/stm32/gcc-arm/gcc-arm-none-eabi-10.3-2021.10/bin/../lib/gcc/arm-none-eabi/10.3.1/../../../../arm-none-eabi/lib/thumb/v7-m/nofp\libg.a(lib_a-strncpy.o)
                0x0800ab70                strncpy
 .text.__ssprint_r
                0x0800abd8       0xfc d:/tools/stm32/gcc-arm/gcc-arm-none-eabi-10.3-2021.10/bin/../lib/gcc/arm-none-eabi/10.3.1/../../../../arm-none-eabi/lib/thumb/v7-m/nofp\libg.a(lib_a-svfiprintf.o)
                0x0800abd8                __ssprint_r
 .text.__sprint_r.part.0
                0x0800acd4       0x78 d:/tools/stm32/gcc-arm/gcc-arm-none-eabi-10.3-2021.10/bin/../lib/gcc/arm-none-eabi/10.3.1/../../../../arm-none-eabi/lib/thumb/v7-m/nofp\libg.a(lib_a-vfiprintf.o)
 .text.__sprint_r
                0x0800ad4c       0x14 d:/tools/stm32/gcc-arm/gcc-arm-none-eabi-10.3-2021.10/bin/../lib/gcc/arm-none-eabi/10.3.1/../../../../arm-none-eabi/lib/thumb/v7-m/nofp\libg.a(lib_a-vfiprintf.o)
                0x0800ad4c                __sprint_r
 .text._vfiprintf_r
                0x0800ad60      0xd98 d:/tools/stm32/gcc-arm/gcc-arm-none-eabi-10.3-2021.10/bin/../lib/gcc/arm-none-eabi/10.3.1/../../../../arm-none-eabi/lib/thumb/v7-m/nofp\libg.a(lib_a-vfiprintf.o)
                0x0800ad60                _vfiprintf_r
 .text.__sbprintf
                0x0800baf8       0x84 d:/tools/stm32/gcc-arm/gcc-arm-none-eabi-10.3-2021.10/bin/../lib/gcc/arm-none-eabi/10.3.1/../../../../arm-none-eabi/lib/thumb/v7-m/nofp\libg.a(lib_a-vfiprintf.o)
 .text.__swbuf_r
                0x0800bb7c       0xb0 d:/tools/stm32/gcc-arm/gcc-arm-none-eabi-10.3-2021.10/bin/../lib/gcc/arm-none-eabi/10.3.1/../../../../arm-none-eabi/lib/thumb/v7-m/nofp\libg.a(lib_a-wbuf.o)
                0x0800bb7c                __swbuf_r
 .text._write_r
                0x0800bc2c       0x2c d:/tools/stm32/gcc-arm/gcc-arm-none-eabi-10.3-2021.10/bin/../lib/gcc/arm-none-eabi/10.3.1/../../../../arm-none-eabi/lib/thumb/v7-m/nofp\libg.a(lib_a-writer.o)
                0x0800bc2c                _write_r
 .text.__register_exitproc
                0x0800bc58       0x8c d:/tools/stm32/gcc-arm/gcc-arm-none-eabi-10.3-2021.10/bin/../lib/gcc/arm-none-eabi/10.3.1/../../../../arm-none-eabi/lib/thumb/v7-m/nofp\libg.a(lib_a-__atexit.o)
                0x0800bc58                __register_exitproc
 .text.__assert_func
                0x0800bce4       0x40 d:/tools/stm32/gcc-arm/gcc-arm-none-eabi-10.3-2021.10/bin/../lib/gcc/arm-none-eabi/10.3.1/../../../../arm-none-eabi/lib/thumb/v7-m/nofp\libg.a(lib_a-assert.o)
                0x0800bce4                __assert_func
 .text._calloc_r
                0x0800bd24       0x78 d:/tools/stm32/gcc-arm/gcc-arm-none-eabi-10.3-2021.10/bin/../lib/gcc/arm-none-eabi/10.3.1/../../../../arm-none-eabi/lib/thumb/v7-m/nofp\libg.a(lib_a-callocr.o)
                0x0800bd24                _calloc_r
 .text._close_r
                0x0800bd9c       0x24 d:/tools/stm32/gcc-arm/gcc-arm-none-eabi-10.3-2021.10/bin/../lib/gcc/arm-none-eabi/10.3.1/../../../../arm-none-eabi/lib/thumb/v7-m/nofp\libg.a(lib_a-closer.o)
                0x0800bd9c                _close_r
 .text._fclose_r
                0x0800bdc0       0xcc d:/tools/stm32/gcc-arm/gcc-arm-none-eabi-10.3-2021.10/bin/../lib/gcc/arm-none-eabi/10.3.1/../../../../arm-none-eabi/lib/thumb/v7-m/nofp\libg.a(lib_a-fclose.o)
                0x0800bdc0                _fclose_r
 .text.fiprintf
                0x0800be8c       0x28 d:/tools/stm32/gcc-arm/gcc-arm-none-eabi-10.3-2021.10/bin/../lib/gcc/arm-none-eabi/10.3.1/../../../../arm-none-eabi/lib/thumb/v7-m/nofp\libg.a(lib_a-fiprintf.o)
                0x0800be8c                fiprintf
 .text.__fputwc
                0x0800beb4       0xa0 d:/tools/stm32/gcc-arm/gcc-arm-none-eabi-10.3-2021.10/bin/../lib/gcc/arm-none-eabi/10.3.1/../../../../arm-none-eabi/lib/thumb/v7-m/nofp\libg.a(lib_a-fputwc.o)
                0x0800beb4                __fputwc
 .text._fputwc_r
                0x0800bf54       0x68 d:/tools/stm32/gcc-arm/gcc-arm-none-eabi-10.3-2021.10/bin/../lib/gcc/arm-none-eabi/10.3.1/../../../../arm-none-eabi/lib/thumb/v7-m/nofp\libg.a(lib_a-fputwc.o)
                0x0800bf54                _fputwc_r
 .text._fstat_r
                0x0800bfbc       0x28 d:/tools/stm32/gcc-arm/gcc-arm-none-eabi-10.3-2021.10/bin/../lib/gcc/arm-none-eabi/10.3.1/../../../../arm-none-eabi/lib/thumb/v7-m/nofp\libg.a(lib_a-fstatr.o)
                0x0800bfbc                _fstat_r
 .text._isatty_r
                0x0800bfe4       0x24 d:/tools/stm32/gcc-arm/gcc-arm-none-eabi-10.3-2021.10/bin/../lib/gcc/arm-none-eabi/10.3.1/../../../../arm-none-eabi/lib/thumb/v7-m/nofp\libg.a(lib_a-isattyr.o)
                0x0800bfe4                _isatty_r
 .text.__locale_mb_cur_max
                0x0800c008        0xc d:/tools/stm32/gcc-arm/gcc-arm-none-eabi-10.3-2021.10/bin/../lib/gcc/arm-none-eabi/10.3.1/../../../../arm-none-eabi/lib/thumb/v7-m/nofp\libg.a(lib_a-locale.o)
                0x0800c008                __locale_mb_cur_max
 .text._lseek_r
                0x0800c014       0x2c d:/tools/stm32/gcc-arm/gcc-arm-none-eabi-10.3-2021.10/bin/../lib/gcc/arm-none-eabi/10.3.1/../../../../arm-none-eabi/lib/thumb/v7-m/nofp\libg.a(lib_a-lseekr.o)
                0x0800c014                _lseek_r
 .text.__ascii_mbtowc
                0x0800c040       0x2c d:/tools/stm32/gcc-arm/gcc-arm-none-eabi-10.3-2021.10/bin/../lib/gcc/arm-none-eabi/10.3.1/../../../../arm-none-eabi/lib/thumb/v7-m/nofp\libg.a(lib_a-mbtowc_r.o)
                0x0800c040                __ascii_mbtowc
 .text._read_r  0x0800c06c       0x2c d:/tools/stm32/gcc-arm/gcc-arm-none-eabi-10.3-2021.10/bin/../lib/gcc/arm-none-eabi/10.3.1/../../../../arm-none-eabi/lib/thumb/v7-m/nofp\libg.a(lib_a-readr.o)
                0x0800c06c                _read_r
 .text._wcrtomb_r
                0x0800c098       0x3c d:/tools/stm32/gcc-arm/gcc-arm-none-eabi-10.3-2021.10/bin/../lib/gcc/arm-none-eabi/10.3.1/../../../../arm-none-eabi/lib/thumb/v7-m/nofp\libg.a(lib_a-wcrtomb.o)
                0x0800c098                _wcrtomb_r
 .text.__ascii_wctomb
                0x0800c0d4       0x1c d:/tools/stm32/gcc-arm/gcc-arm-none-eabi-10.3-2021.10/bin/../lib/gcc/arm-none-eabi/10.3.1/../../../../arm-none-eabi/lib/thumb/v7-m/nofp\libg.a(lib_a-wctomb_r.o)
                0x0800c0d4                __ascii_wctomb
 .text.abort    0x0800c0f0       0x10 d:/tools/stm32/gcc-arm/gcc-arm-none-eabi-10.3-2021.10/bin/../lib/gcc/arm-none-eabi/10.3.1/../../../../arm-none-eabi/lib/thumb/v7-m/nofp\libg.a(lib_a-abort.o)
                0x0800c0f0                abort
 .text.raise    0x0800c100       0x5c d:/tools/stm32/gcc-arm/gcc-arm-none-eabi-10.3-2021.10/bin/../lib/gcc/arm-none-eabi/10.3.1/../../../../arm-none-eabi/lib/thumb/v7-m/nofp\libg.a(lib_a-signal.o)
                0x0800c100                raise
 .text._kill_r  0x0800c15c       0x28 d:/tools/stm32/gcc-arm/gcc-arm-none-eabi-10.3-2021.10/bin/../lib/gcc/arm-none-eabi/10.3.1/../../../../arm-none-eabi/lib/thumb/v7-m/nofp\libg.a(lib_a-signalr.o)
                0x0800c15c                _kill_r
 .text._getpid_r
                0x0800c184        0x4 d:/tools/stm32/gcc-arm/gcc-arm-none-eabi-10.3-2021.10/bin/../lib/gcc/arm-none-eabi/10.3.1/../../../../arm-none-eabi/lib/thumb/v7-m/nofp\libg.a(lib_a-signalr.o)
                0x0800c184                _getpid_r
 *(.glue_7)
 .glue_7        0x0800c188        0x0 linker stubs
 *(.glue_7t)
 .glue_7t       0x0800c188        0x0 linker stubs
 *(.eh_frame)
 .eh_frame      0x0800c188        0x0 d:/tools/stm32/gcc-arm/gcc-arm-none-eabi-10.3-2021.10/bin/../lib/gcc/arm-none-eabi/10.3.1/thumb/v7-m/nofp/crtbegin.o
 *(.init)
 .init          0x0800c188        0x4 d:/tools/stm32/gcc-arm/gcc-arm-none-eabi-10.3-2021.10/bin/../lib/gcc/arm-none-eabi/10.3.1/thumb/v7-m/nofp/crti.o
                0x0800c188                _init
 .init          0x0800c18c        0x8 d:/tools/stm32/gcc-arm/gcc-arm-none-eabi-10.3-2021.10/bin/../lib/gcc/arm-none-eabi/10.3.1/thumb/v7-m/nofp/crtn.o
 *(.fini)
 .fini          0x0800c194        0x4 d:/tools/stm32/gcc-arm/gcc-arm-none-eabi-10.3-2021.10/bin/../lib/gcc/arm-none-eabi/10.3.1/thumb/v7-m/nofp/crti.o
                0x0800c194                _fini
 .fini          0x0800c198        0x8 d:/tools/stm32/gcc-arm/gcc-arm-none-eabi-10.3-2021.10/bin/../lib/gcc/arm-none-eabi/10.3.1/thumb/v7-m/nofp/crtn.o
                0x0800c1a0                . = ALIGN (0x4)
                0x0800c1a0                _etext = .

.vfp11_veneer   0x0800c1a0        0x0
 .vfp11_veneer  0x0800c1a0        0x0 linker stubs

.v4_bx          0x0800c1a0        0x0
 .v4_bx         0x0800c1a0        0x0 linker stubs

.iplt           0x0800c1a0        0x0
 .iplt          0x0800c1a0        0x0 d:/tools/stm32/gcc-arm/gcc-arm-none-eabi-10.3-2021.10/bin/../lib/gcc/arm-none-eabi/10.3.1/thumb/v7-m/nofp/crtbegin.o

.rodata         0x0800c1a0     0x1d80
                0x0800c1a0                . = ALIGN (0x4)
 *(.rodata)
 .rodata        0x0800c1a0      0x10a CMakeFiles/Press_ADC.elf.dir/Core/Src/main.c.obj
 *fill*         0x0800c2aa        0x2 
 .rodata        0x0800c2ac       0x63 CMakeFiles/Press_ADC.elf.dir/My_code/yehuo/bsp_spi_flash.c.obj
 *(.rodata*)
 *fill*         0x0800c30f        0x1 
 .rodata.AHBPrescTable
                0x0800c310       0x10 CMakeFiles/Press_ADC.elf.dir/Core/Src/system_stm32f1xx.c.obj
                0x0800c310                AHBPrescTable
 .rodata.APBPrescTable
                0x0800c320        0x8 CMakeFiles/Press_ADC.elf.dir/Core/Src/system_stm32f1xx.c.obj
                0x0800c320                APBPrescTable
 .rodata.aPLLMULFactorTable.1
                0x0800c328       0x10 CMakeFiles/Press_ADC.elf.dir/Drivers/STM32F1xx_HAL_Driver/Src/stm32f1xx_hal_rcc.c.obj
 .rodata.aPredivFactorTable.0
                0x0800c338        0x2 CMakeFiles/Press_ADC.elf.dir/Drivers/STM32F1xx_HAL_Driver/Src/stm32f1xx_hal_rcc.c.obj
 *fill*         0x0800c33a        0x2 
 .rodata.ASCII8x16_Table
                0x0800c33c      0x5f0 CMakeFiles/Press_ADC.elf.dir/My_code/yehuo/fonts.c.obj
                0x0800c33c                ASCII8x16_Table
 .rodata.ASCII16x24_Table
                0x0800c92c     0x11d0 CMakeFiles/Press_ADC.elf.dir/My_code/yehuo/fonts.c.obj
                0x0800c92c                ASCII16x24_Table
 .rodata._global_impure_ptr
                0x0800dafc        0x4 d:/tools/stm32/gcc-arm/gcc-arm-none-eabi-10.3-2021.10/bin/../lib/gcc/arm-none-eabi/10.3.1/../../../../arm-none-eabi/lib/thumb/v7-m/nofp\libg.a(lib_a-impure.o)
                0x0800dafc                _global_impure_ptr
 .rodata._puts_r.str1.4
                0x0800db00        0x2 d:/tools/stm32/gcc-arm/gcc-arm-none-eabi-10.3-2021.10/bin/../lib/gcc/arm-none-eabi/10.3.1/../../../../arm-none-eabi/lib/thumb/v7-m/nofp\libg.a(lib_a-puts.o)
 *fill*         0x0800db02        0x2 
 .rodata._svfprintf_r.str1.4
                0x0800db04       0x42 d:/tools/stm32/gcc-arm/gcc-arm-none-eabi-10.3-2021.10/bin/../lib/gcc/arm-none-eabi/10.3.1/../../../../arm-none-eabi/lib/thumb/v7-m/nofp\libg.a(lib_a-svfprintf.o)
 *fill*         0x0800db46        0x2 
 .rodata.blanks.1
                0x0800db48       0x10 d:/tools/stm32/gcc-arm/gcc-arm-none-eabi-10.3-2021.10/bin/../lib/gcc/arm-none-eabi/10.3.1/../../../../arm-none-eabi/lib/thumb/v7-m/nofp\libg.a(lib_a-svfprintf.o)
 .rodata.zeroes.0
                0x0800db58       0x10 d:/tools/stm32/gcc-arm/gcc-arm-none-eabi-10.3-2021.10/bin/../lib/gcc/arm-none-eabi/10.3.1/../../../../arm-none-eabi/lib/thumb/v7-m/nofp\libg.a(lib_a-svfprintf.o)
 .rodata._vfprintf_r.str1.4
                0x0800db68       0x42 d:/tools/stm32/gcc-arm/gcc-arm-none-eabi-10.3-2021.10/bin/../lib/gcc/arm-none-eabi/10.3.1/../../../../arm-none-eabi/lib/thumb/v7-m/nofp\libg.a(lib_a-vfprintf.o)
 .rodata.blanks.1
                0x0800db68       0x10 d:/tools/stm32/gcc-arm/gcc-arm-none-eabi-10.3-2021.10/bin/../lib/gcc/arm-none-eabi/10.3.1/../../../../arm-none-eabi/lib/thumb/v7-m/nofp\libg.a(lib_a-vfprintf.o)
 .rodata.zeroes.0
                0x0800db78       0x10 d:/tools/stm32/gcc-arm/gcc-arm-none-eabi-10.3-2021.10/bin/../lib/gcc/arm-none-eabi/10.3.1/../../../../arm-none-eabi/lib/thumb/v7-m/nofp\libg.a(lib_a-vfprintf.o)
 .rodata._dtoa_r.str1.4
                0x0800db88       0xa2 d:/tools/stm32/gcc-arm/gcc-arm-none-eabi-10.3-2021.10/bin/../lib/gcc/arm-none-eabi/10.3.1/../../../../arm-none-eabi/lib/thumb/v7-m/nofp\libg.a(lib_a-dtoa.o)
                                 0xa6 (size before relaxing)
 *fill*         0x0800dc2a        0x2 
 .rodata.__multadd.str1.4
                0x0800dc2c       0x7f d:/tools/stm32/gcc-arm/gcc-arm-none-eabi-10.3-2021.10/bin/../lib/gcc/arm-none-eabi/10.3.1/../../../../arm-none-eabi/lib/thumb/v7-m/nofp\libg.a(lib_a-mprec.o)
                                 0x93 (size before relaxing)
 *fill*         0x0800dcab        0x5 
 .rodata.__mprec_bigtens
                0x0800dcb0       0x28 d:/tools/stm32/gcc-arm/gcc-arm-none-eabi-10.3-2021.10/bin/../lib/gcc/arm-none-eabi/10.3.1/../../../../arm-none-eabi/lib/thumb/v7-m/nofp\libg.a(lib_a-mprec.o)
                0x0800dcb0                __mprec_bigtens
 .rodata.__mprec_tens
                0x0800dcd8       0xc8 d:/tools/stm32/gcc-arm/gcc-arm-none-eabi-10.3-2021.10/bin/../lib/gcc/arm-none-eabi/10.3.1/../../../../arm-none-eabi/lib/thumb/v7-m/nofp\libg.a(lib_a-mprec.o)
                0x0800dcd8                __mprec_tens
 .rodata.p05.0  0x0800dda0        0xc d:/tools/stm32/gcc-arm/gcc-arm-none-eabi-10.3-2021.10/bin/../lib/gcc/arm-none-eabi/10.3.1/../../../../arm-none-eabi/lib/thumb/v7-m/nofp\libg.a(lib_a-mprec.o)
 .rodata._vfiprintf_r.str1.4
                0x0800ddac       0x2f d:/tools/stm32/gcc-arm/gcc-arm-none-eabi-10.3-2021.10/bin/../lib/gcc/arm-none-eabi/10.3.1/../../../../arm-none-eabi/lib/thumb/v7-m/nofp\libg.a(lib_a-vfiprintf.o)
 .rodata.blanks.1
                0x0800ddac       0x10 d:/tools/stm32/gcc-arm/gcc-arm-none-eabi-10.3-2021.10/bin/../lib/gcc/arm-none-eabi/10.3.1/../../../../arm-none-eabi/lib/thumb/v7-m/nofp\libg.a(lib_a-vfiprintf.o)
 .rodata.zeroes.0
                0x0800ddbc       0x10 d:/tools/stm32/gcc-arm/gcc-arm-none-eabi-10.3-2021.10/bin/../lib/gcc/arm-none-eabi/10.3.1/../../../../arm-none-eabi/lib/thumb/v7-m/nofp\libg.a(lib_a-vfiprintf.o)
 .rodata.__assert_func.str1.4
                0x0800ddcc       0x3f d:/tools/stm32/gcc-arm/gcc-arm-none-eabi-10.3-2021.10/bin/../lib/gcc/arm-none-eabi/10.3.1/../../../../arm-none-eabi/lib/thumb/v7-m/nofp\libg.a(lib_a-assert.o)
                                 0x43 (size before relaxing)
 *fill*         0x0800de0b        0x1 
 .rodata._setlocale_r.str1.4
                0x0800de0c        0xa d:/tools/stm32/gcc-arm/gcc-arm-none-eabi-10.3-2021.10/bin/../lib/gcc/arm-none-eabi/10.3.1/../../../../arm-none-eabi/lib/thumb/v7-m/nofp\libg.a(lib_a-locale.o)
                                  0xd (size before relaxing)
 *fill*         0x0800de16        0x2 
 .rodata.str1.4
                0x0800de18        0x2 d:/tools/stm32/gcc-arm/gcc-arm-none-eabi-10.3-2021.10/bin/../lib/gcc/arm-none-eabi/10.3.1/../../../../arm-none-eabi/lib/thumb/v7-m/nofp\libg.a(lib_a-locale.o)
 *fill*         0x0800de1a        0x2 
 .rodata._ctype_
                0x0800de1c      0x101 d:/tools/stm32/gcc-arm/gcc-arm-none-eabi-10.3-2021.10/bin/../lib/gcc/arm-none-eabi/10.3.1/../../../../arm-none-eabi/lib/thumb/v7-m/nofp\libg.a(lib_a-ctype_.o)
                0x0800de1c                _ctype_
                0x0800df20                . = ALIGN (0x4)
 *fill*         0x0800df1d        0x3 

.ARM.extab      0x0800df20        0x0
                0x0800df20                . = ALIGN (0x4)
 *(.ARM.extab* .gnu.linkonce.armextab.*)
                0x0800df20                . = ALIGN (0x4)

.ARM            0x0800df20        0x8
                0x0800df20                . = ALIGN (0x4)
                0x0800df20                __exidx_start = .
 *(.ARM.exidx*)
 .ARM.exidx     0x0800df20        0x8 d:/tools/stm32/gcc-arm/gcc-arm-none-eabi-10.3-2021.10/bin/../lib/gcc/arm-none-eabi/10.3.1/thumb/v7-m/nofp\libgcc.a(_udivmoddi4.o)
                0x0800df28                __exidx_end = .
                0x0800df28                . = ALIGN (0x4)

.rel.dyn        0x0800df28        0x0
 .rel.iplt      0x0800df28        0x0 d:/tools/stm32/gcc-arm/gcc-arm-none-eabi-10.3-2021.10/bin/../lib/gcc/arm-none-eabi/10.3.1/thumb/v7-m/nofp/crtbegin.o

.preinit_array  0x0800df28        0x0
                0x0800df28                . = ALIGN (0x4)
                0x0800df28                PROVIDE (__preinit_array_start = .)
 *(.preinit_array*)
                0x0800df28                PROVIDE (__preinit_array_end = .)
                0x0800df28                . = ALIGN (0x4)

.init_array     0x0800df28        0x8
                0x0800df28                . = ALIGN (0x4)
                0x0800df28                PROVIDE (__init_array_start = .)
 *(SORT_BY_NAME(.init_array.*))
 .init_array.00000
                0x0800df28        0x4 d:/tools/stm32/gcc-arm/gcc-arm-none-eabi-10.3-2021.10/bin/../lib/gcc/arm-none-eabi/10.3.1/../../../../arm-none-eabi/lib/thumb/v7-m/nofp\libg.a(lib_a-__call_atexit.o)
 *(.init_array*)
 .init_array    0x0800df2c        0x4 d:/tools/stm32/gcc-arm/gcc-arm-none-eabi-10.3-2021.10/bin/../lib/gcc/arm-none-eabi/10.3.1/thumb/v7-m/nofp/crtbegin.o
                0x0800df30                PROVIDE (__init_array_end = .)
                0x0800df30                . = ALIGN (0x4)

.fini_array     0x0800df30        0x4
                0x0800df30                . = ALIGN (0x4)
                0x0800df30                PROVIDE (__fini_array_start = .)
 *(SORT_BY_NAME(.fini_array.*))
 *(.fini_array*)
 .fini_array    0x0800df30        0x4 d:/tools/stm32/gcc-arm/gcc-arm-none-eabi-10.3-2021.10/bin/../lib/gcc/arm-none-eabi/10.3.1/thumb/v7-m/nofp/crtbegin.o
                0x0800df34                PROVIDE (__fini_array_end = .)
                0x0800df34                . = ALIGN (0x4)
                0x0800df34                _sidata = LOADADDR (.data)

.data           0x20000000      0x9f8 load address 0x0800df34
                0x20000000                . = ALIGN (0x4)
                0x20000000                _sdata = .
 *(.data)
 *(.data*)
 .data.charater_matrix
                0x20000000       0x20 CMakeFiles/Press_ADC.elf.dir/Core/Src/main.c.obj
                0x20000000                charater_matrix
 .data.SystemCoreClock
                0x20000020        0x4 CMakeFiles/Press_ADC.elf.dir/Core/Src/system_stm32f1xx.c.obj
                0x20000020                SystemCoreClock
 .data.uwTickPrio
                0x20000024        0x4 CMakeFiles/Press_ADC.elf.dir/Drivers/STM32F1xx_HAL_Driver/Src/stm32f1xx_hal.c.obj
                0x20000024                uwTickPrio
 .data.uwTickFreq
                0x20000028        0x1 CMakeFiles/Press_ADC.elf.dir/Drivers/STM32F1xx_HAL_Driver/Src/stm32f1xx_hal.c.obj
                0x20000028                uwTickFreq
 *fill*         0x20000029        0x1 
 .data.LCD_X_LENGTH
                0x2000002a        0x2 CMakeFiles/Press_ADC.elf.dir/My_code/yehuo/bsp_ili9341_lcd.c.obj
                0x2000002a                LCD_X_LENGTH
 .data.LCD_Y_LENGTH
                0x2000002c        0x2 CMakeFiles/Press_ADC.elf.dir/My_code/yehuo/bsp_ili9341_lcd.c.obj
                0x2000002c                LCD_Y_LENGTH
 .data.LCD_SCAN_MODE
                0x2000002e        0x1 CMakeFiles/Press_ADC.elf.dir/My_code/yehuo/bsp_ili9341_lcd.c.obj
                0x2000002e                LCD_SCAN_MODE
 *fill*         0x2000002f        0x1 
 .data.LCD_Currentfonts
                0x20000030        0x4 CMakeFiles/Press_ADC.elf.dir/My_code/yehuo/bsp_ili9341_lcd.c.obj
 .data.CurrentBackColor
                0x20000034        0x2 CMakeFiles/Press_ADC.elf.dir/My_code/yehuo/bsp_ili9341_lcd.c.obj
 *fill*         0x20000036        0x2 
 .data.SPITimeout
                0x20000038        0x4 CMakeFiles/Press_ADC.elf.dir/My_code/yehuo/bsp_spi_flash.c.obj
 .data.Font8x16
                0x2000003c        0x8 CMakeFiles/Press_ADC.elf.dir/My_code/yehuo/fonts.c.obj
                0x2000003c                Font8x16
 .data.Font16x24
                0x20000044        0x8 CMakeFiles/Press_ADC.elf.dir/My_code/yehuo/fonts.c.obj
                0x20000044                Font16x24
 .data._impure_ptr
                0x2000004c        0x4 d:/tools/stm32/gcc-arm/gcc-arm-none-eabi-10.3-2021.10/bin/../lib/gcc/arm-none-eabi/10.3.1/../../../../arm-none-eabi/lib/thumb/v7-m/nofp\libg.a(lib_a-impure.o)
                0x2000004c                _impure_ptr
 .data.impure_data
                0x20000050      0x428 d:/tools/stm32/gcc-arm/gcc-arm-none-eabi-10.3-2021.10/bin/../lib/gcc/arm-none-eabi/10.3.1/../../../../arm-none-eabi/lib/thumb/v7-m/nofp\libg.a(lib_a-impure.o)
 .data.__atexit_recursive_mutex
                0x20000478        0x4 d:/tools/stm32/gcc-arm/gcc-arm-none-eabi-10.3-2021.10/bin/../lib/gcc/arm-none-eabi/10.3.1/../../../../arm-none-eabi/lib/thumb/v7-m/nofp\libg.a(lib_a-__call_atexit.o)
                0x20000478                __atexit_recursive_mutex
 .data.__malloc_av_
                0x2000047c      0x408 d:/tools/stm32/gcc-arm/gcc-arm-none-eabi-10.3-2021.10/bin/../lib/gcc/arm-none-eabi/10.3.1/../../../../arm-none-eabi/lib/thumb/v7-m/nofp\libg.a(lib_a-mallocr.o)
                0x2000047c                __malloc_av_
 .data.__malloc_sbrk_base
                0x20000884        0x4 d:/tools/stm32/gcc-arm/gcc-arm-none-eabi-10.3-2021.10/bin/../lib/gcc/arm-none-eabi/10.3.1/../../../../arm-none-eabi/lib/thumb/v7-m/nofp\libg.a(lib_a-mallocr.o)
                0x20000884                __malloc_sbrk_base
 .data.__malloc_trim_threshold
                0x20000888        0x4 d:/tools/stm32/gcc-arm/gcc-arm-none-eabi-10.3-2021.10/bin/../lib/gcc/arm-none-eabi/10.3.1/../../../../arm-none-eabi/lib/thumb/v7-m/nofp\libg.a(lib_a-mallocr.o)
                0x20000888                __malloc_trim_threshold
 .data.__global_locale
                0x2000088c      0x16c d:/tools/stm32/gcc-arm/gcc-arm-none-eabi-10.3-2021.10/bin/../lib/gcc/arm-none-eabi/10.3.1/../../../../arm-none-eabi/lib/thumb/v7-m/nofp\libg.a(lib_a-locale.o)
                0x2000088c                __global_locale
 *(.RamFunc)
 *(.RamFunc*)
                0x200009f8                . = ALIGN (0x4)
                0x200009f8                _edata = .

.igot.plt       0x200009f8        0x0 load address 0x0800e92c
 .igot.plt      0x200009f8        0x0 d:/tools/stm32/gcc-arm/gcc-arm-none-eabi-10.3-2021.10/bin/../lib/gcc/arm-none-eabi/10.3.1/thumb/v7-m/nofp/crtbegin.o
                0x200009f8                . = ALIGN (0x4)

.bss            0x200009f8     0x45b8 load address 0x0800e92c
                0x200009f8                _sbss = .
                0x200009f8                __bss_start__ = _sbss
 *(.bss)
 .bss           0x200009f8       0x1c d:/tools/stm32/gcc-arm/gcc-arm-none-eabi-10.3-2021.10/bin/../lib/gcc/arm-none-eabi/10.3.1/thumb/v7-m/nofp/crtbegin.o
 *(.bss*)
 .bss.testCNT.0
                0x20000a14        0x1 CMakeFiles/Press_ADC.elf.dir/Core/Src/main.c.obj
 *fill*         0x20000a15        0x3 
 .bss.hspi1     0x20000a18       0x58 CMakeFiles/Press_ADC.elf.dir/Core/Src/spi.c.obj
                0x20000a18                hspi1
 .bss.__sbrk_heap_end
                0x20000a70        0x4 CMakeFiles/Press_ADC.elf.dir/Core/Src/sysmem.c.obj
 .bss.huart1    0x20000a74       0x48 CMakeFiles/Press_ADC.elf.dir/Core/Src/usart.c.obj
                0x20000a74                huart1
 .bss.uwTick    0x20000abc        0x4 CMakeFiles/Press_ADC.elf.dir/Drivers/STM32F1xx_HAL_Driver/Src/stm32f1xx_hal.c.obj
                0x20000abc                uwTick
 .bss.UartHandle
                0x20000ac0       0x48 CMakeFiles/Press_ADC.elf.dir/My_code/yehuo/bsp_debug_usart.c.obj
                0x20000ac0                UartHandle
 .bss.lcdid     0x20000b08        0x2 CMakeFiles/Press_ADC.elf.dir/My_code/yehuo/bsp_ili9341_lcd.c.obj
                0x20000b08                lcdid
 .bss.CurrentTextColor
                0x20000b0a        0x2 CMakeFiles/Press_ADC.elf.dir/My_code/yehuo/bsp_ili9341_lcd.c.obj
 .bss.zoomBuff  0x20000b0c     0x4000 CMakeFiles/Press_ADC.elf.dir/My_code/yehuo/bsp_ili9341_lcd.c.obj
                0x20000b0c                zoomBuff
 .bss.zoomTempBuff
                0x20004b0c      0x400 CMakeFiles/Press_ADC.elf.dir/My_code/yehuo/bsp_ili9341_lcd.c.obj
                0x20004b0c                zoomTempBuff
 .bss.SpiHandle
                0x20004f0c       0x58 CMakeFiles/Press_ADC.elf.dir/My_code/yehuo/bsp_spi_flash.c.obj
                0x20004f0c                SpiHandle
 .bss.everRead.0
                0x20004f64        0x1 CMakeFiles/Press_ADC.elf.dir/My_code/yehuo/fonts.c.obj
 *fill*         0x20004f65        0x3 
 .bss.__lock___atexit_recursive_mutex
                0x20004f68        0x1 d:/tools/stm32/gcc-arm/gcc-arm-none-eabi-10.3-2021.10/bin/../lib/gcc/arm-none-eabi/10.3.1/../../../../arm-none-eabi/lib/thumb/v7-m/nofp\libg.a(lib_a-lock.o)
                0x20004f68                __lock___atexit_recursive_mutex
 *fill*         0x20004f69        0x3 
 .bss.__lock___malloc_recursive_mutex
                0x20004f6c        0x1 d:/tools/stm32/gcc-arm/gcc-arm-none-eabi-10.3-2021.10/bin/../lib/gcc/arm-none-eabi/10.3.1/../../../../arm-none-eabi/lib/thumb/v7-m/nofp\libg.a(lib_a-lock.o)
                0x20004f6c                __lock___malloc_recursive_mutex
 *fill*         0x20004f6d        0x3 
 .bss.__lock___sfp_recursive_mutex
                0x20004f70        0x1 d:/tools/stm32/gcc-arm/gcc-arm-none-eabi-10.3-2021.10/bin/../lib/gcc/arm-none-eabi/10.3.1/../../../../arm-none-eabi/lib/thumb/v7-m/nofp\libg.a(lib_a-lock.o)
                0x20004f70                __lock___sfp_recursive_mutex
 *fill*         0x20004f71        0x3 
 .bss.__lock___sinit_recursive_mutex
                0x20004f74        0x1 d:/tools/stm32/gcc-arm/gcc-arm-none-eabi-10.3-2021.10/bin/../lib/gcc/arm-none-eabi/10.3.1/../../../../arm-none-eabi/lib/thumb/v7-m/nofp\libg.a(lib_a-lock.o)
                0x20004f74                __lock___sinit_recursive_mutex
 *fill*         0x20004f75        0x3 
 .bss.__malloc_current_mallinfo
                0x20004f78       0x28 d:/tools/stm32/gcc-arm/gcc-arm-none-eabi-10.3-2021.10/bin/../lib/gcc/arm-none-eabi/10.3.1/../../../../arm-none-eabi/lib/thumb/v7-m/nofp\libg.a(lib_a-mallocr.o)
                0x20004f78                __malloc_current_mallinfo
 .bss.__malloc_max_sbrked_mem
                0x20004fa0        0x4 d:/tools/stm32/gcc-arm/gcc-arm-none-eabi-10.3-2021.10/bin/../lib/gcc/arm-none-eabi/10.3.1/../../../../arm-none-eabi/lib/thumb/v7-m/nofp\libg.a(lib_a-mallocr.o)
                0x20004fa0                __malloc_max_sbrked_mem
 .bss.__malloc_max_total_mem
                0x20004fa4        0x4 d:/tools/stm32/gcc-arm/gcc-arm-none-eabi-10.3-2021.10/bin/../lib/gcc/arm-none-eabi/10.3.1/../../../../arm-none-eabi/lib/thumb/v7-m/nofp\libg.a(lib_a-mallocr.o)
                0x20004fa4                __malloc_max_total_mem
 .bss.__malloc_top_pad
                0x20004fa8        0x4 d:/tools/stm32/gcc-arm/gcc-arm-none-eabi-10.3-2021.10/bin/../lib/gcc/arm-none-eabi/10.3.1/../../../../arm-none-eabi/lib/thumb/v7-m/nofp\libg.a(lib_a-mallocr.o)
                0x20004fa8                __malloc_top_pad
 .bss.errno     0x20004fac        0x4 d:/tools/stm32/gcc-arm/gcc-arm-none-eabi-10.3-2021.10/bin/../lib/gcc/arm-none-eabi/10.3.1/../../../../arm-none-eabi/lib/thumb/v7-m/nofp\libg.a(lib_a-reent.o)
                0x20004fac                errno
 *(COMMON)
                0x20004fb0                . = ALIGN (0x4)
                0x20004fb0                _ebss = .
                0x20004fb0                __bss_end__ = _ebss

._user_heap_stack
                0x20004fb0      0x600 load address 0x0800e92c
                0x20004fb0                . = ALIGN (0x8)
                [!provide]                PROVIDE (end = .)
                0x20004fb0                PROVIDE (_end = .)
                0x200051b0                . = (. + _Min_Heap_Size)
 *fill*         0x20004fb0      0x200 
                0x200055b0                . = (. + _Min_Stack_Size)
 *fill*         0x200051b0      0x400 
                0x200055b0                . = ALIGN (0x8)

/DISCARD/
 libc.a(*)
 libm.a(*)
 libgcc.a(*)

.ARM.attributes
                0x00000000       0x29
 *(.ARM.attributes)
 .ARM.attributes
                0x00000000       0x1d d:/tools/stm32/gcc-arm/gcc-arm-none-eabi-10.3-2021.10/bin/../lib/gcc/arm-none-eabi/10.3.1/thumb/v7-m/nofp/crti.o
 .ARM.attributes
                0x0000001d       0x2d d:/tools/stm32/gcc-arm/gcc-arm-none-eabi-10.3-2021.10/bin/../lib/gcc/arm-none-eabi/10.3.1/thumb/v7-m/nofp/crtbegin.o
 .ARM.attributes
                0x0000004a       0x2d CMakeFiles/Press_ADC.elf.dir/Core/Src/gpio.c.obj
 .ARM.attributes
                0x00000077       0x2d CMakeFiles/Press_ADC.elf.dir/Core/Src/main.c.obj
 .ARM.attributes
                0x000000a4       0x2d CMakeFiles/Press_ADC.elf.dir/Core/Src/spi.c.obj
 .ARM.attributes
                0x000000d1       0x2d CMakeFiles/Press_ADC.elf.dir/Core/Src/stm32f1xx_hal_msp.c.obj
 .ARM.attributes
                0x000000fe       0x2d CMakeFiles/Press_ADC.elf.dir/Core/Src/stm32f1xx_it.c.obj
 .ARM.attributes
                0x0000012b       0x2d CMakeFiles/Press_ADC.elf.dir/Core/Src/syscalls.c.obj
 .ARM.attributes
                0x00000158       0x2d CMakeFiles/Press_ADC.elf.dir/Core/Src/sysmem.c.obj
 .ARM.attributes
                0x00000185       0x2d CMakeFiles/Press_ADC.elf.dir/Core/Src/system_stm32f1xx.c.obj
 .ARM.attributes
                0x000001b2       0x2d CMakeFiles/Press_ADC.elf.dir/Core/Src/usart.c.obj
 .ARM.attributes
                0x000001df       0x21 CMakeFiles/Press_ADC.elf.dir/Core/Startup/startup_stm32f103rctx.s.obj
 .ARM.attributes
                0x00000200       0x2d CMakeFiles/Press_ADC.elf.dir/Drivers/STM32F1xx_HAL_Driver/Src/stm32f1xx_hal.c.obj
 .ARM.attributes
                0x0000022d       0x2d CMakeFiles/Press_ADC.elf.dir/Drivers/STM32F1xx_HAL_Driver/Src/stm32f1xx_hal_cortex.c.obj
 .ARM.attributes
                0x0000025a       0x2d CMakeFiles/Press_ADC.elf.dir/Drivers/STM32F1xx_HAL_Driver/Src/stm32f1xx_hal_gpio.c.obj
 .ARM.attributes
                0x00000287       0x2d CMakeFiles/Press_ADC.elf.dir/Drivers/STM32F1xx_HAL_Driver/Src/stm32f1xx_hal_rcc.c.obj
 .ARM.attributes
                0x000002b4       0x2d CMakeFiles/Press_ADC.elf.dir/Drivers/STM32F1xx_HAL_Driver/Src/stm32f1xx_hal_spi.c.obj
 .ARM.attributes
                0x000002e1       0x2d CMakeFiles/Press_ADC.elf.dir/Drivers/STM32F1xx_HAL_Driver/Src/stm32f1xx_hal_uart.c.obj
 .ARM.attributes
                0x0000030e       0x2d CMakeFiles/Press_ADC.elf.dir/My_code/yehuo/bsp_debug_usart.c.obj
 .ARM.attributes
                0x0000033b       0x2d CMakeFiles/Press_ADC.elf.dir/My_code/yehuo/bsp_ili9341_lcd.c.obj
 .ARM.attributes
                0x00000368       0x2d CMakeFiles/Press_ADC.elf.dir/My_code/yehuo/bsp_led.c.obj
 .ARM.attributes
                0x00000395       0x2d CMakeFiles/Press_ADC.elf.dir/My_code/yehuo/bsp_spi_flash.c.obj
 .ARM.attributes
                0x000003c2       0x2d CMakeFiles/Press_ADC.elf.dir/My_code/yehuo/fonts.c.obj
 .ARM.attributes
                0x000003ef       0x2d d:/tools/stm32/gcc-arm/gcc-arm-none-eabi-10.3-2021.10/bin/../lib/gcc/arm-none-eabi/10.3.1/../../../../arm-none-eabi/lib/thumb/v7-m/nofp\libg.a(lib_a-errno.o)
 .ARM.attributes
                0x0000041c       0x2d d:/tools/stm32/gcc-arm/gcc-arm-none-eabi-10.3-2021.10/bin/../lib/gcc/arm-none-eabi/10.3.1/../../../../arm-none-eabi/lib/thumb/v7-m/nofp\libg.a(lib_a-impure.o)
 .ARM.attributes
                0x00000449       0x2d d:/tools/stm32/gcc-arm/gcc-arm-none-eabi-10.3-2021.10/bin/../lib/gcc/arm-none-eabi/10.3.1/../../../../arm-none-eabi/lib/thumb/v7-m/nofp\libg.a(lib_a-init.o)
 .ARM.attributes
                0x00000476       0x2d d:/tools/stm32/gcc-arm/gcc-arm-none-eabi-10.3-2021.10/bin/../lib/gcc/arm-none-eabi/10.3.1/../../../../arm-none-eabi/lib/thumb/v7-m/nofp\libg.a(lib_a-memset.o)
 .ARM.attributes
                0x000004a3       0x2d d:/tools/stm32/gcc-arm/gcc-arm-none-eabi-10.3-2021.10/bin/../lib/gcc/arm-none-eabi/10.3.1/../../../../arm-none-eabi/lib/thumb/v7-m/nofp\libg.a(lib_a-printf.o)
 .ARM.attributes
                0x000004d0       0x2d d:/tools/stm32/gcc-arm/gcc-arm-none-eabi-10.3-2021.10/bin/../lib/gcc/arm-none-eabi/10.3.1/../../../../arm-none-eabi/lib/thumb/v7-m/nofp\libg.a(lib_a-putchar.o)
 .ARM.attributes
                0x000004fd       0x2d d:/tools/stm32/gcc-arm/gcc-arm-none-eabi-10.3-2021.10/bin/../lib/gcc/arm-none-eabi/10.3.1/../../../../arm-none-eabi/lib/thumb/v7-m/nofp\libg.a(lib_a-puts.o)
 .ARM.attributes
                0x0000052a       0x2d d:/tools/stm32/gcc-arm/gcc-arm-none-eabi-10.3-2021.10/bin/../lib/gcc/arm-none-eabi/10.3.1/../../../../arm-none-eabi/lib/thumb/v7-m/nofp\libg.a(lib_a-sprintf.o)
 .ARM.attributes
                0x00000557       0x2d d:/tools/stm32/gcc-arm/gcc-arm-none-eabi-10.3-2021.10/bin/../lib/gcc/arm-none-eabi/10.3.1/../../../../arm-none-eabi/lib/thumb/v7-m/nofp\libg.a(lib_a-strlen-stub.o)
 .ARM.attributes
                0x00000584       0x2d d:/tools/stm32/gcc-arm/gcc-arm-none-eabi-10.3-2021.10/bin/../lib/gcc/arm-none-eabi/10.3.1/../../../../arm-none-eabi/lib/thumb/v7-m/nofp\libg.a(lib_a-svfprintf.o)
 .ARM.attributes
                0x000005b1       0x2d d:/tools/stm32/gcc-arm/gcc-arm-none-eabi-10.3-2021.10/bin/../lib/gcc/arm-none-eabi/10.3.1/../../../../arm-none-eabi/lib/thumb/v7-m/nofp\libg.a(lib_a-vfprintf.o)
 .ARM.attributes
                0x000005de       0x2d d:/tools/stm32/gcc-arm/gcc-arm-none-eabi-10.3-2021.10/bin/../lib/gcc/arm-none-eabi/10.3.1/../../../../arm-none-eabi/lib/thumb/v7-m/nofp\libg.a(lib_a-wsetup.o)
 .ARM.attributes
                0x0000060b       0x2d d:/tools/stm32/gcc-arm/gcc-arm-none-eabi-10.3-2021.10/bin/../lib/gcc/arm-none-eabi/10.3.1/../../../../arm-none-eabi/lib/thumb/v7-m/nofp\libg.a(lib_a-__call_atexit.o)
 .ARM.attributes
                0x00000638       0x2d d:/tools/stm32/gcc-arm/gcc-arm-none-eabi-10.3-2021.10/bin/../lib/gcc/arm-none-eabi/10.3.1/../../../../arm-none-eabi/lib/thumb/v7-m/nofp\libg.a(lib_a-atexit.o)
 .ARM.attributes
                0x00000665       0x2d d:/tools/stm32/gcc-arm/gcc-arm-none-eabi-10.3-2021.10/bin/../lib/gcc/arm-none-eabi/10.3.1/../../../../arm-none-eabi/lib/thumb/v7-m/nofp\libg.a(lib_a-dtoa.o)
 .ARM.attributes
                0x00000692       0x2d d:/tools/stm32/gcc-arm/gcc-arm-none-eabi-10.3-2021.10/bin/../lib/gcc/arm-none-eabi/10.3.1/../../../../arm-none-eabi/lib/thumb/v7-m/nofp\libg.a(lib_a-fflush.o)
 .ARM.attributes
                0x000006bf       0x2d d:/tools/stm32/gcc-arm/gcc-arm-none-eabi-10.3-2021.10/bin/../lib/gcc/arm-none-eabi/10.3.1/../../../../arm-none-eabi/lib/thumb/v7-m/nofp\libg.a(lib_a-findfp.o)
 .ARM.attributes
                0x000006ec       0x2d d:/tools/stm32/gcc-arm/gcc-arm-none-eabi-10.3-2021.10/bin/../lib/gcc/arm-none-eabi/10.3.1/../../../../arm-none-eabi/lib/thumb/v7-m/nofp\libg.a(lib_a-fini.o)
 .ARM.attributes
                0x00000719       0x2d d:/tools/stm32/gcc-arm/gcc-arm-none-eabi-10.3-2021.10/bin/../lib/gcc/arm-none-eabi/10.3.1/../../../../arm-none-eabi/lib/thumb/v7-m/nofp\libg.a(lib_a-freer.o)
 .ARM.attributes
                0x00000746       0x2d d:/tools/stm32/gcc-arm/gcc-arm-none-eabi-10.3-2021.10/bin/../lib/gcc/arm-none-eabi/10.3.1/../../../../arm-none-eabi/lib/thumb/v7-m/nofp\libg.a(lib_a-fvwrite.o)
 .ARM.attributes
                0x00000773       0x2d d:/tools/stm32/gcc-arm/gcc-arm-none-eabi-10.3-2021.10/bin/../lib/gcc/arm-none-eabi/10.3.1/../../../../arm-none-eabi/lib/thumb/v7-m/nofp\libg.a(lib_a-fwalk.o)
 .ARM.attributes
                0x000007a0       0x2d d:/tools/stm32/gcc-arm/gcc-arm-none-eabi-10.3-2021.10/bin/../lib/gcc/arm-none-eabi/10.3.1/../../../../arm-none-eabi/lib/thumb/v7-m/nofp\libg.a(lib_a-localeconv.o)
 .ARM.attributes
                0x000007cd       0x2d d:/tools/stm32/gcc-arm/gcc-arm-none-eabi-10.3-2021.10/bin/../lib/gcc/arm-none-eabi/10.3.1/../../../../arm-none-eabi/lib/thumb/v7-m/nofp\libg.a(lib_a-lock.o)
 .ARM.attributes
                0x000007fa       0x2d d:/tools/stm32/gcc-arm/gcc-arm-none-eabi-10.3-2021.10/bin/../lib/gcc/arm-none-eabi/10.3.1/../../../../arm-none-eabi/lib/thumb/v7-m/nofp\libg.a(lib_a-makebuf.o)
 .ARM.attributes
                0x00000827       0x2d d:/tools/stm32/gcc-arm/gcc-arm-none-eabi-10.3-2021.10/bin/../lib/gcc/arm-none-eabi/10.3.1/../../../../arm-none-eabi/lib/thumb/v7-m/nofp\libg.a(lib_a-mallocr.o)
 .ARM.attributes
                0x00000854       0x2d d:/tools/stm32/gcc-arm/gcc-arm-none-eabi-10.3-2021.10/bin/../lib/gcc/arm-none-eabi/10.3.1/../../../../arm-none-eabi/lib/thumb/v7-m/nofp\libg.a(lib_a-memchr-stub.o)
 .ARM.attributes
                0x00000881       0x1b d:/tools/stm32/gcc-arm/gcc-arm-none-eabi-10.3-2021.10/bin/../lib/gcc/arm-none-eabi/10.3.1/../../../../arm-none-eabi/lib/thumb/v7-m/nofp\libg.a(lib_a-memcpy.o)
 .ARM.attributes
                0x0000089c       0x2d d:/tools/stm32/gcc-arm/gcc-arm-none-eabi-10.3-2021.10/bin/../lib/gcc/arm-none-eabi/10.3.1/../../../../arm-none-eabi/lib/thumb/v7-m/nofp\libg.a(lib_a-memmove.o)
 .ARM.attributes
                0x000008c9       0x2d d:/tools/stm32/gcc-arm/gcc-arm-none-eabi-10.3-2021.10/bin/../lib/gcc/arm-none-eabi/10.3.1/../../../../arm-none-eabi/lib/thumb/v7-m/nofp\libg.a(lib_a-mlock.o)
 .ARM.attributes
                0x000008f6       0x2d d:/tools/stm32/gcc-arm/gcc-arm-none-eabi-10.3-2021.10/bin/../lib/gcc/arm-none-eabi/10.3.1/../../../../arm-none-eabi/lib/thumb/v7-m/nofp\libg.a(lib_a-mprec.o)
 .ARM.attributes
                0x00000923       0x2d d:/tools/stm32/gcc-arm/gcc-arm-none-eabi-10.3-2021.10/bin/../lib/gcc/arm-none-eabi/10.3.1/../../../../arm-none-eabi/lib/thumb/v7-m/nofp\libg.a(lib_a-putc.o)
 .ARM.attributes
                0x00000950       0x2d d:/tools/stm32/gcc-arm/gcc-arm-none-eabi-10.3-2021.10/bin/../lib/gcc/arm-none-eabi/10.3.1/../../../../arm-none-eabi/lib/thumb/v7-m/nofp\libg.a(lib_a-reallocr.o)
 .ARM.attributes
                0x0000097d       0x2d d:/tools/stm32/gcc-arm/gcc-arm-none-eabi-10.3-2021.10/bin/../lib/gcc/arm-none-eabi/10.3.1/../../../../arm-none-eabi/lib/thumb/v7-m/nofp\libg.a(lib_a-s_frexp.o)
 .ARM.attributes
                0x000009aa       0x2d d:/tools/stm32/gcc-arm/gcc-arm-none-eabi-10.3-2021.10/bin/../lib/gcc/arm-none-eabi/10.3.1/../../../../arm-none-eabi/lib/thumb/v7-m/nofp\libg.a(lib_a-sbrkr.o)
 .ARM.attributes
                0x000009d7       0x2d d:/tools/stm32/gcc-arm/gcc-arm-none-eabi-10.3-2021.10/bin/../lib/gcc/arm-none-eabi/10.3.1/../../../../arm-none-eabi/lib/thumb/v7-m/nofp\libg.a(lib_a-stdio.o)
 .ARM.attributes
                0x00000a04       0x2d d:/tools/stm32/gcc-arm/gcc-arm-none-eabi-10.3-2021.10/bin/../lib/gcc/arm-none-eabi/10.3.1/../../../../arm-none-eabi/lib/thumb/v7-m/nofp\libg.a(lib_a-strncpy.o)
 .ARM.attributes
                0x00000a31       0x2d d:/tools/stm32/gcc-arm/gcc-arm-none-eabi-10.3-2021.10/bin/../lib/gcc/arm-none-eabi/10.3.1/../../../../arm-none-eabi/lib/thumb/v7-m/nofp\libg.a(lib_a-svfiprintf.o)
 .ARM.attributes
                0x00000a5e       0x2d d:/tools/stm32/gcc-arm/gcc-arm-none-eabi-10.3-2021.10/bin/../lib/gcc/arm-none-eabi/10.3.1/../../../../arm-none-eabi/lib/thumb/v7-m/nofp\libg.a(lib_a-vfiprintf.o)
 .ARM.attributes
                0x00000a8b       0x2d d:/tools/stm32/gcc-arm/gcc-arm-none-eabi-10.3-2021.10/bin/../lib/gcc/arm-none-eabi/10.3.1/../../../../arm-none-eabi/lib/thumb/v7-m/nofp\libg.a(lib_a-wbuf.o)
 .ARM.attributes
                0x00000ab8       0x2d d:/tools/stm32/gcc-arm/gcc-arm-none-eabi-10.3-2021.10/bin/../lib/gcc/arm-none-eabi/10.3.1/../../../../arm-none-eabi/lib/thumb/v7-m/nofp\libg.a(lib_a-writer.o)
 .ARM.attributes
                0x00000ae5       0x2d d:/tools/stm32/gcc-arm/gcc-arm-none-eabi-10.3-2021.10/bin/../lib/gcc/arm-none-eabi/10.3.1/../../../../arm-none-eabi/lib/thumb/v7-m/nofp\libg.a(lib_a-__atexit.o)
 .ARM.attributes
                0x00000b12       0x2d d:/tools/stm32/gcc-arm/gcc-arm-none-eabi-10.3-2021.10/bin/../lib/gcc/arm-none-eabi/10.3.1/../../../../arm-none-eabi/lib/thumb/v7-m/nofp\libg.a(lib_a-assert.o)
 .ARM.attributes
                0x00000b3f       0x2d d:/tools/stm32/gcc-arm/gcc-arm-none-eabi-10.3-2021.10/bin/../lib/gcc/arm-none-eabi/10.3.1/../../../../arm-none-eabi/lib/thumb/v7-m/nofp\libg.a(lib_a-callocr.o)
 .ARM.attributes
                0x00000b6c       0x2d d:/tools/stm32/gcc-arm/gcc-arm-none-eabi-10.3-2021.10/bin/../lib/gcc/arm-none-eabi/10.3.1/../../../../arm-none-eabi/lib/thumb/v7-m/nofp\libg.a(lib_a-closer.o)
 .ARM.attributes
                0x00000b99       0x2d d:/tools/stm32/gcc-arm/gcc-arm-none-eabi-10.3-2021.10/bin/../lib/gcc/arm-none-eabi/10.3.1/../../../../arm-none-eabi/lib/thumb/v7-m/nofp\libg.a(lib_a-fclose.o)
 .ARM.attributes
                0x00000bc6       0x2d d:/tools/stm32/gcc-arm/gcc-arm-none-eabi-10.3-2021.10/bin/../lib/gcc/arm-none-eabi/10.3.1/../../../../arm-none-eabi/lib/thumb/v7-m/nofp\libg.a(lib_a-fiprintf.o)
 .ARM.attributes
                0x00000bf3       0x2d d:/tools/stm32/gcc-arm/gcc-arm-none-eabi-10.3-2021.10/bin/../lib/gcc/arm-none-eabi/10.3.1/../../../../arm-none-eabi/lib/thumb/v7-m/nofp\libg.a(lib_a-fputwc.o)
 .ARM.attributes
                0x00000c20       0x2d d:/tools/stm32/gcc-arm/gcc-arm-none-eabi-10.3-2021.10/bin/../lib/gcc/arm-none-eabi/10.3.1/../../../../arm-none-eabi/lib/thumb/v7-m/nofp\libg.a(lib_a-fstatr.o)
 .ARM.attributes
                0x00000c4d       0x2d d:/tools/stm32/gcc-arm/gcc-arm-none-eabi-10.3-2021.10/bin/../lib/gcc/arm-none-eabi/10.3.1/../../../../arm-none-eabi/lib/thumb/v7-m/nofp\libg.a(lib_a-isattyr.o)
 .ARM.attributes
                0x00000c7a       0x2d d:/tools/stm32/gcc-arm/gcc-arm-none-eabi-10.3-2021.10/bin/../lib/gcc/arm-none-eabi/10.3.1/../../../../arm-none-eabi/lib/thumb/v7-m/nofp\libg.a(lib_a-locale.o)
 .ARM.attributes
                0x00000ca7       0x2d d:/tools/stm32/gcc-arm/gcc-arm-none-eabi-10.3-2021.10/bin/../lib/gcc/arm-none-eabi/10.3.1/../../../../arm-none-eabi/lib/thumb/v7-m/nofp\libg.a(lib_a-lseekr.o)
 .ARM.attributes
                0x00000cd4       0x2d d:/tools/stm32/gcc-arm/gcc-arm-none-eabi-10.3-2021.10/bin/../lib/gcc/arm-none-eabi/10.3.1/../../../../arm-none-eabi/lib/thumb/v7-m/nofp\libg.a(lib_a-mbtowc_r.o)
 .ARM.attributes
                0x00000d01       0x2d d:/tools/stm32/gcc-arm/gcc-arm-none-eabi-10.3-2021.10/bin/../lib/gcc/arm-none-eabi/10.3.1/../../../../arm-none-eabi/lib/thumb/v7-m/nofp\libg.a(lib_a-readr.o)
 .ARM.attributes
                0x00000d2e       0x2d d:/tools/stm32/gcc-arm/gcc-arm-none-eabi-10.3-2021.10/bin/../lib/gcc/arm-none-eabi/10.3.1/../../../../arm-none-eabi/lib/thumb/v7-m/nofp\libg.a(lib_a-reent.o)
 .ARM.attributes
                0x00000d5b       0x2d d:/tools/stm32/gcc-arm/gcc-arm-none-eabi-10.3-2021.10/bin/../lib/gcc/arm-none-eabi/10.3.1/../../../../arm-none-eabi/lib/thumb/v7-m/nofp\libg.a(lib_a-wcrtomb.o)
 .ARM.attributes
                0x00000d88       0x2d d:/tools/stm32/gcc-arm/gcc-arm-none-eabi-10.3-2021.10/bin/../lib/gcc/arm-none-eabi/10.3.1/../../../../arm-none-eabi/lib/thumb/v7-m/nofp\libg.a(lib_a-wctomb_r.o)
 .ARM.attributes
                0x00000db5       0x2d d:/tools/stm32/gcc-arm/gcc-arm-none-eabi-10.3-2021.10/bin/../lib/gcc/arm-none-eabi/10.3.1/../../../../arm-none-eabi/lib/thumb/v7-m/nofp\libg.a(lib_a-abort.o)
 .ARM.attributes
                0x00000de2       0x2d d:/tools/stm32/gcc-arm/gcc-arm-none-eabi-10.3-2021.10/bin/../lib/gcc/arm-none-eabi/10.3.1/../../../../arm-none-eabi/lib/thumb/v7-m/nofp\libg.a(lib_a-ctype_.o)
 .ARM.attributes
                0x00000e0f       0x2d d:/tools/stm32/gcc-arm/gcc-arm-none-eabi-10.3-2021.10/bin/../lib/gcc/arm-none-eabi/10.3.1/../../../../arm-none-eabi/lib/thumb/v7-m/nofp\libg.a(lib_a-signal.o)
 .ARM.attributes
                0x00000e3c       0x2d d:/tools/stm32/gcc-arm/gcc-arm-none-eabi-10.3-2021.10/bin/../lib/gcc/arm-none-eabi/10.3.1/../../../../arm-none-eabi/lib/thumb/v7-m/nofp\libg.a(lib_a-signalr.o)
 .ARM.attributes
                0x00000e69       0x1d d:/tools/stm32/gcc-arm/gcc-arm-none-eabi-10.3-2021.10/bin/../lib/gcc/arm-none-eabi/10.3.1/thumb/v7-m/nofp\libgcc.a(_arm_addsubdf3.o)
 .ARM.attributes
                0x00000e86       0x1d d:/tools/stm32/gcc-arm/gcc-arm-none-eabi-10.3-2021.10/bin/../lib/gcc/arm-none-eabi/10.3.1/thumb/v7-m/nofp\libgcc.a(_arm_muldivdf3.o)
 .ARM.attributes
                0x00000ea3       0x1d d:/tools/stm32/gcc-arm/gcc-arm-none-eabi-10.3-2021.10/bin/../lib/gcc/arm-none-eabi/10.3.1/thumb/v7-m/nofp\libgcc.a(_arm_cmpdf2.o)
 .ARM.attributes
                0x00000ec0       0x1d d:/tools/stm32/gcc-arm/gcc-arm-none-eabi-10.3-2021.10/bin/../lib/gcc/arm-none-eabi/10.3.1/thumb/v7-m/nofp\libgcc.a(_arm_unorddf2.o)
 .ARM.attributes
                0x00000edd       0x1d d:/tools/stm32/gcc-arm/gcc-arm-none-eabi-10.3-2021.10/bin/../lib/gcc/arm-none-eabi/10.3.1/thumb/v7-m/nofp\libgcc.a(_arm_fixdfsi.o)
 .ARM.attributes
                0x00000efa       0x1d d:/tools/stm32/gcc-arm/gcc-arm-none-eabi-10.3-2021.10/bin/../lib/gcc/arm-none-eabi/10.3.1/thumb/v7-m/nofp\libgcc.a(_aeabi_uldivmod.o)
 .ARM.attributes
                0x00000f17       0x2d d:/tools/stm32/gcc-arm/gcc-arm-none-eabi-10.3-2021.10/bin/../lib/gcc/arm-none-eabi/10.3.1/thumb/v7-m/nofp\libgcc.a(_udivmoddi4.o)
 .ARM.attributes
                0x00000f44       0x1d d:/tools/stm32/gcc-arm/gcc-arm-none-eabi-10.3-2021.10/bin/../lib/gcc/arm-none-eabi/10.3.1/thumb/v7-m/nofp\libgcc.a(_dvmd_tls.o)
 .ARM.attributes
                0x00000f61       0x1d d:/tools/stm32/gcc-arm/gcc-arm-none-eabi-10.3-2021.10/bin/../lib/gcc/arm-none-eabi/10.3.1/thumb/v7-m/nofp/crtn.o
OUTPUT(Press_ADC.elf elf32-littlearm)
LOAD linker stubs
LOAD d:/tools/stm32/gcc-arm/gcc-arm-none-eabi-10.3-2021.10/bin/../lib/gcc/arm-none-eabi/10.3.1/../../../../arm-none-eabi/lib/thumb/v7-m/nofp\libc.a
LOAD d:/tools/stm32/gcc-arm/gcc-arm-none-eabi-10.3-2021.10/bin/../lib/gcc/arm-none-eabi/10.3.1/../../../../arm-none-eabi/lib/thumb/v7-m/nofp\libm.a
LOAD d:/tools/stm32/gcc-arm/gcc-arm-none-eabi-10.3-2021.10/bin/../lib/gcc/arm-none-eabi/10.3.1/thumb/v7-m/nofp\libgcc.a

.debug_info     0x00000000     0xbacf
 .debug_info    0x00000000      0x29f CMakeFiles/Press_ADC.elf.dir/Core/Src/gpio.c.obj
 .debug_info    0x0000029f      0x44c CMakeFiles/Press_ADC.elf.dir/Core/Src/main.c.obj
 .debug_info    0x000006eb      0x7d4 CMakeFiles/Press_ADC.elf.dir/Core/Src/spi.c.obj
 .debug_info    0x00000ebf      0x20c CMakeFiles/Press_ADC.elf.dir/Core/Src/stm32f1xx_hal_msp.c.obj
 .debug_info    0x000010cb      0x115 CMakeFiles/Press_ADC.elf.dir/Core/Src/stm32f1xx_it.c.obj
 .debug_info    0x000011e0      0x6ae CMakeFiles/Press_ADC.elf.dir/Core/Src/syscalls.c.obj
 .debug_info    0x0000188e      0x15b CMakeFiles/Press_ADC.elf.dir/Core/Src/sysmem.c.obj
 .debug_info    0x000019e9      0x239 CMakeFiles/Press_ADC.elf.dir/Core/Src/system_stm32f1xx.c.obj
 .debug_info    0x00001c22      0x7a7 CMakeFiles/Press_ADC.elf.dir/Core/Src/usart.c.obj
 .debug_info    0x000023c9       0x22 CMakeFiles/Press_ADC.elf.dir/Core/Startup/startup_stm32f103rctx.s.obj
 .debug_info    0x000023eb      0x743 CMakeFiles/Press_ADC.elf.dir/Drivers/STM32F1xx_HAL_Driver/Src/stm32f1xx_hal.c.obj
 .debug_info    0x00002b2e      0xb82 CMakeFiles/Press_ADC.elf.dir/Drivers/STM32F1xx_HAL_Driver/Src/stm32f1xx_hal_cortex.c.obj
 .debug_info    0x000036b0      0x611 CMakeFiles/Press_ADC.elf.dir/Drivers/STM32F1xx_HAL_Driver/Src/stm32f1xx_hal_gpio.c.obj
 .debug_info    0x00003cc1      0x81a CMakeFiles/Press_ADC.elf.dir/Drivers/STM32F1xx_HAL_Driver/Src/stm32f1xx_hal_rcc.c.obj
 .debug_info    0x000044db     0x1606 CMakeFiles/Press_ADC.elf.dir/Drivers/STM32F1xx_HAL_Driver/Src/stm32f1xx_hal_spi.c.obj
 .debug_info    0x00005ae1     0x311c CMakeFiles/Press_ADC.elf.dir/Drivers/STM32F1xx_HAL_Driver/Src/stm32f1xx_hal_uart.c.obj
 .debug_info    0x00008bfd      0xeb4 CMakeFiles/Press_ADC.elf.dir/My_code/yehuo/bsp_debug_usart.c.obj
 .debug_info    0x00009ab1     0x1224 CMakeFiles/Press_ADC.elf.dir/My_code/yehuo/bsp_ili9341_lcd.c.obj
 .debug_info    0x0000acd5      0x267 CMakeFiles/Press_ADC.elf.dir/My_code/yehuo/bsp_led.c.obj
 .debug_info    0x0000af3c      0x954 CMakeFiles/Press_ADC.elf.dir/My_code/yehuo/bsp_spi_flash.c.obj
 .debug_info    0x0000b890      0x23f CMakeFiles/Press_ADC.elf.dir/My_code/yehuo/fonts.c.obj

.debug_abbrev   0x00000000     0x2237
 .debug_abbrev  0x00000000      0x10c CMakeFiles/Press_ADC.elf.dir/Core/Src/gpio.c.obj
 .debug_abbrev  0x0000010c      0x21f CMakeFiles/Press_ADC.elf.dir/Core/Src/main.c.obj
 .debug_abbrev  0x0000032b      0x18c CMakeFiles/Press_ADC.elf.dir/Core/Src/spi.c.obj
 .debug_abbrev  0x000004b7       0xd1 CMakeFiles/Press_ADC.elf.dir/Core/Src/stm32f1xx_hal_msp.c.obj
 .debug_abbrev  0x00000588       0x5e CMakeFiles/Press_ADC.elf.dir/Core/Src/stm32f1xx_it.c.obj
 .debug_abbrev  0x000005e6      0x17d CMakeFiles/Press_ADC.elf.dir/Core/Src/syscalls.c.obj
 .debug_abbrev  0x00000763       0xa3 CMakeFiles/Press_ADC.elf.dir/Core/Src/sysmem.c.obj
 .debug_abbrev  0x00000806      0x138 CMakeFiles/Press_ADC.elf.dir/Core/Src/system_stm32f1xx.c.obj
 .debug_abbrev  0x0000093e      0x193 CMakeFiles/Press_ADC.elf.dir/Core/Src/usart.c.obj
 .debug_abbrev  0x00000ad1       0x12 CMakeFiles/Press_ADC.elf.dir/Core/Startup/startup_stm32f103rctx.s.obj
 .debug_abbrev  0x00000ae3      0x1c5 CMakeFiles/Press_ADC.elf.dir/Drivers/STM32F1xx_HAL_Driver/Src/stm32f1xx_hal.c.obj
 .debug_abbrev  0x00000ca8      0x2ea CMakeFiles/Press_ADC.elf.dir/Drivers/STM32F1xx_HAL_Driver/Src/stm32f1xx_hal_cortex.c.obj
 .debug_abbrev  0x00000f92      0x1b8 CMakeFiles/Press_ADC.elf.dir/Drivers/STM32F1xx_HAL_Driver/Src/stm32f1xx_hal_gpio.c.obj
 .debug_abbrev  0x0000114a      0x25d CMakeFiles/Press_ADC.elf.dir/Drivers/STM32F1xx_HAL_Driver/Src/stm32f1xx_hal_rcc.c.obj
 .debug_abbrev  0x000013a7      0x23f CMakeFiles/Press_ADC.elf.dir/Drivers/STM32F1xx_HAL_Driver/Src/stm32f1xx_hal_spi.c.obj
 .debug_abbrev  0x000015e6      0x2b0 CMakeFiles/Press_ADC.elf.dir/Drivers/STM32F1xx_HAL_Driver/Src/stm32f1xx_hal_uart.c.obj
 .debug_abbrev  0x00001896      0x25b CMakeFiles/Press_ADC.elf.dir/My_code/yehuo/bsp_debug_usart.c.obj